Archive member included to satisfy reference by file (symbol)

c:/program files (x86)/atollic/truestudio for stm32 9.3.0/armtools/bin/../lib/gcc/arm-atollic-eabi/6.3.1/../../../../arm-atollic-eabi/lib/armv7e-m/fpu\libc_nano.a(lib_a-errno.o)
                              Src\syscalls.o (__errno)
c:/program files (x86)/atollic/truestudio for stm32 9.3.0/armtools/bin/../lib/gcc/arm-atollic-eabi/6.3.1/../../../../arm-atollic-eabi/lib/armv7e-m/fpu\libc_nano.a(lib_a-impure.o)
                              c:/program files (x86)/atollic/truestudio for stm32 9.3.0/armtools/bin/../lib/gcc/arm-atollic-eabi/6.3.1/../../../../arm-atollic-eabi/lib/armv7e-m/fpu\libc_nano.a(lib_a-errno.o) (_impure_ptr)
c:/program files (x86)/atollic/truestudio for stm32 9.3.0/armtools/bin/../lib/gcc/arm-atollic-eabi/6.3.1/../../../../arm-atollic-eabi/lib/armv7e-m/fpu\libc_nano.a(lib_a-init.o)
                              startup\startup_stm32l4r9xx.o (__libc_init_array)
c:/program files (x86)/atollic/truestudio for stm32 9.3.0/armtools/bin/../lib/gcc/arm-atollic-eabi/6.3.1/../../../../arm-atollic-eabi/lib/armv7e-m/fpu\libc_nano.a(lib_a-memcpy-stub.o)
                              Src\usb_device.o (memcpy)
c:/program files (x86)/atollic/truestudio for stm32 9.3.0/armtools/bin/../lib/gcc/arm-atollic-eabi/6.3.1/../../../../arm-atollic-eabi/lib/armv7e-m/fpu\libc_nano.a(lib_a-sprintf.o)
                              Src\GUI_Measure_Elements.o (sprintf)
c:/program files (x86)/atollic/truestudio for stm32 9.3.0/armtools/bin/../lib/gcc/arm-atollic-eabi/6.3.1/../../../../arm-atollic-eabi/lib/armv7e-m/fpu\libc_nano.a(lib_a-nano-svfprintf.o)
                              c:/program files (x86)/atollic/truestudio for stm32 9.3.0/armtools/bin/../lib/gcc/arm-atollic-eabi/6.3.1/../../../../arm-atollic-eabi/lib/armv7e-m/fpu\libc_nano.a(lib_a-sprintf.o) (_svfprintf_r)
c:/program files (x86)/atollic/truestudio for stm32 9.3.0/armtools/bin/../lib/gcc/arm-atollic-eabi/6.3.1/../../../../arm-atollic-eabi/lib/armv7e-m/fpu\libc_nano.a(lib_a-nano-vfprintf_i.o)
                              c:/program files (x86)/atollic/truestudio for stm32 9.3.0/armtools/bin/../lib/gcc/arm-atollic-eabi/6.3.1/../../../../arm-atollic-eabi/lib/armv7e-m/fpu\libc_nano.a(lib_a-nano-svfprintf.o) (_printf_i)
c:/program files (x86)/atollic/truestudio for stm32 9.3.0/armtools/bin/../lib/gcc/arm-atollic-eabi/6.3.1/../../../../arm-atollic-eabi/lib/armv7e-m/fpu\libc_nano.a(lib_a-memchr.o)
                              c:/program files (x86)/atollic/truestudio for stm32 9.3.0/armtools/bin/../lib/gcc/arm-atollic-eabi/6.3.1/../../../../arm-atollic-eabi/lib/armv7e-m/fpu\libc_nano.a(lib_a-nano-svfprintf.o) (memchr)
c:/program files (x86)/atollic/truestudio for stm32 9.3.0/armtools/bin/../lib/gcc/arm-atollic-eabi/6.3.1/../../../../arm-atollic-eabi/lib/armv7e-m/fpu\libc_nano.a(lib_a-memmove.o)
                              c:/program files (x86)/atollic/truestudio for stm32 9.3.0/armtools/bin/../lib/gcc/arm-atollic-eabi/6.3.1/../../../../arm-atollic-eabi/lib/armv7e-m/fpu\libc_nano.a(lib_a-nano-svfprintf.o) (memmove)
c:/program files (x86)/atollic/truestudio for stm32 9.3.0/armtools/bin/../lib/gcc/arm-atollic-eabi/6.3.1/../../../../arm-atollic-eabi/lib/armv7e-m/fpu\libc_nano.a(lib_a-nano-freer.o)
                              c:/program files (x86)/atollic/truestudio for stm32 9.3.0/armtools/bin/../lib/gcc/arm-atollic-eabi/6.3.1/../../../../arm-atollic-eabi/lib/armv7e-m/fpu\libc_nano.a(lib_a-nano-svfprintf.o) (_free_r)
c:/program files (x86)/atollic/truestudio for stm32 9.3.0/armtools/bin/../lib/gcc/arm-atollic-eabi/6.3.1/../../../../arm-atollic-eabi/lib/armv7e-m/fpu\libc_nano.a(lib_a-nano-mallocr.o)
                              c:/program files (x86)/atollic/truestudio for stm32 9.3.0/armtools/bin/../lib/gcc/arm-atollic-eabi/6.3.1/../../../../arm-atollic-eabi/lib/armv7e-m/fpu\libc_nano.a(lib_a-nano-svfprintf.o) (_malloc_r)
c:/program files (x86)/atollic/truestudio for stm32 9.3.0/armtools/bin/../lib/gcc/arm-atollic-eabi/6.3.1/../../../../arm-atollic-eabi/lib/armv7e-m/fpu\libc_nano.a(lib_a-nano-reallocr.o)
                              c:/program files (x86)/atollic/truestudio for stm32 9.3.0/armtools/bin/../lib/gcc/arm-atollic-eabi/6.3.1/../../../../arm-atollic-eabi/lib/armv7e-m/fpu\libc_nano.a(lib_a-nano-svfprintf.o) (_realloc_r)
c:/program files (x86)/atollic/truestudio for stm32 9.3.0/armtools/bin/../lib/gcc/arm-atollic-eabi/6.3.1/../../../../arm-atollic-eabi/lib/armv7e-m/fpu\libc_nano.a(lib_a-sbrkr.o)
                              c:/program files (x86)/atollic/truestudio for stm32 9.3.0/armtools/bin/../lib/gcc/arm-atollic-eabi/6.3.1/../../../../arm-atollic-eabi/lib/armv7e-m/fpu\libc_nano.a(lib_a-nano-mallocr.o) (_sbrk_r)
c:/program files (x86)/atollic/truestudio for stm32 9.3.0/armtools/bin/../lib/gcc/arm-atollic-eabi/6.3.1/../../../../arm-atollic-eabi/lib/armv7e-m/fpu\libc_nano.a(lib_a-mlock.o)
[...]
Memory Configuration

Name             Origin             Length             Attributes
RAM              0x20000000         0x000a0000         xrw
FLASH            0x08000000         0x00200000         xr
*default*        0x00000000         0xffffffff

Linker script and memory map

LOAD c:/program files (x86)/atollic/truestudio for stm32 9.3.0/armtools/bin/../lib/gcc/arm-atollic-eabi/6.3.1/armv7e-m/fpu/crti.o
LOAD c:/program files (x86)/atollic/truestudio for stm32 9.3.0/armtools/bin/../lib/gcc/arm-atollic-eabi/6.3.1/armv7e-m/fpu/crtbegin.o
LOAD Drivers\STM32L4xx_HAL_Driver\Src\stm32l4xx_hal.o
LOAD Drivers\STM32L4xx_HAL_Driver\Src\stm32l4xx_hal_adc.o
LOAD Drivers\STM32L4xx_HAL_Driver\Src\stm32l4xx_hal_adc_ex.o
LOAD Drivers\STM32L4xx_HAL_Driver\Src\stm32l4xx_hal_cortex.o
LOAD Drivers\STM32L4xx_HAL_Driver\Src\stm32l4xx_hal_dac.o
LOAD Drivers\STM32L4xx_HAL_Driver\Src\stm32l4xx_hal_dac_ex.o
LOAD Drivers\STM32L4xx_HAL_Driver\Src\stm32l4xx_hal_dma.o
LOAD Drivers\STM32L4xx_HAL_Driver\Src\stm32l4xx_hal_dma2d.o
LOAD Drivers\STM32L4xx_HAL_Driver\Src\stm32l4xx_hal_dma_ex.o
LOAD Drivers\STM32L4xx_HAL_Driver\Src\stm32l4xx_hal_exti.o
LOAD Drivers\STM32L4xx_HAL_Driver\Src\stm32l4xx_hal_flash.o
LOAD Drivers\STM32L4xx_HAL_Driver\Src\stm32l4xx_hal_flash_ex.o
LOAD Drivers\STM32L4xx_HAL_Driver\Src\stm32l4xx_hal_flash_ramfunc.o
LOAD Drivers\STM32L4xx_HAL_Driver\Src\stm32l4xx_hal_gpio.o
LOAD Drivers\STM32L4xx_HAL_Driver\Src\stm32l4xx_hal_i2c.o
LOAD Drivers\STM32L4xx_HAL_Driver\Src\stm32l4xx_hal_i2c_ex.o
LOAD Drivers\STM32L4xx_HAL_Driver\Src\stm32l4xx_hal_ltdc.o
LOAD Drivers\STM32L4xx_HAL_Driver\Src\stm32l4xx_hal_ltdc_ex.o
LOAD Drivers\STM32L4xx_HAL_Driver\Src\stm32l4xx_hal_pcd.o
LOAD Drivers\STM32L4xx_HAL_Driver\Src\stm32l4xx_hal_pcd_ex.o
LOAD Drivers\STM32L4xx_HAL_Driver\Src\stm32l4xx_hal_pwr.o
LOAD Drivers\STM32L4xx_HAL_Driver\Src\stm32l4xx_hal_pwr_ex.o
LOAD Drivers\STM32L4xx_HAL_Driver\Src\stm32l4xx_hal_rcc.o
LOAD Drivers\STM32L4xx_HAL_Driver\Src\stm32l4xx_hal_rcc_ex.o
LOAD Drivers\STM32L4xx_HAL_Driver\Src\stm32l4xx_hal_spi.o
LOAD Drivers\STM32L4xx_HAL_Driver\Src\stm32l4xx_hal_spi_ex.o
LOAD Drivers\STM32L4xx_HAL_Driver\Src\stm32l4xx_hal_tim.o
LOAD Drivers\STM32L4xx_HAL_Driver\Src\stm32l4xx_hal_tim_ex.o
LOAD Drivers\STM32L4xx_HAL_Driver\Src\stm32l4xx_hal_uart.o
LOAD Drivers\STM32L4xx_HAL_Driver\Src\stm32l4xx_hal_uart_ex.o
LOAD Drivers\STM32L4xx_HAL_Driver\Src\stm32l4xx_hal_usart.o
LOAD Drivers\STM32L4xx_HAL_Driver\Src\stm32l4xx_hal_usart_ex.o
LOAD Drivers\STM32L4xx_HAL_Driver\Src\stm32l4xx_ll_adc.o
LOAD Drivers\STM32L4xx_HAL_Driver\Src\stm32l4xx_ll_dac.o
LOAD Drivers\STM32L4xx_HAL_Driver\Src\stm32l4xx_ll_spi.o
LOAD Drivers\STM32L4xx_HAL_Driver\Src\stm32l4xx_ll_usb.o
LOAD Middlewares\ST\STM32_USB_Device_Library\Class\CustomHID\Src\usbd_customhid.o
LOAD Middlewares\ST\STM32_USB_Device_Library\Core\Src\usbd_core.o
LOAD Middlewares\ST\STM32_USB_Device_Library\Core\Src\usbd_ctlreq.o
LOAD Middlewares\ST\STM32_USB_Device_Library\Core\Src\usbd_ioreq.o
LOAD Src\Buttons.o
LOAD Src\CRC_check.o
LOAD Src\Calibration_Address.o
LOAD Src\Fonts\font11EN_arch_big.o
LOAD Src\Fonts\font12.o
LOAD Src\Fonts\font12EN_arch_small.o
LOAD Src\Fonts\font12RU_arch_big .o
LOAD Src\Fonts\font12RU_arch_small.o
LOAD Src\Fonts\font14RU.o
LOAD Src\Fonts\font16.o
LOAD Src\Fonts\font16EN_arch_big.o
LOAD Src\Fonts\font16EN_arch_big_A.o
LOAD Src\Fonts\font16EN_arch_small.o
LOAD Src\Fonts\font16EN_arch_small_A.o
LOAD Src\Fonts\font16RU.o
LOAD Src\Fonts\font16RU_arch_big.o
LOAD Src\Fonts\font16RU_arch_small.o
LOAD Src\Fonts\font20.o
LOAD Src\Fonts\font24.o
LOAD Src\Fonts\font26EN_arch_big .o
LOAD Src\Fonts\font26EN_arch_digit.o
LOAD Src\Fonts\font26EN_arch_small.o
LOAD Src\Fonts\font26RU_arch_big.o
LOAD Src\Fonts\font26RU_arch_small.o
LOAD Src\Fonts\font6EN_arch_big.o
LOAD Src\Fonts\font7EN_arch_big.o
LOAD Src\Fonts\font8.o
LOAD Src\Fonts\font8EN_arch_big.o
LOAD Src\Fonts\font9EN_arch_big.o
LOAD Src\GUI.o
LOAD Src\GUI_Active_Elements.o
LOAD Src\GUI_Measure_Elements.o
LOAD Src\GUI_Text_Elements_EN.o
LOAD Src\GUI_Text_Elements_RU.o
LOAD Src\Qspi_func.o
LOAD Src\Rabs_math.o
LOAD Src\Touchscreen.o
LOAD Src\ltdc.o
LOAD Src\main.o
LOAD Src\stm32l4xx_hal_msp.o
LOAD Src\stm32l4xx_it.o
LOAD Src\syscalls.o
LOAD Src\system_stm32l4xx.o
LOAD Src\usb_device.o
LOAD Src\usbd_conf.o
LOAD Src\usbd_custom_hid_if.o
LOAD Src\usbd_desc.o
LOAD startup\startup_stm32l4r9xx.o
                0x00000080                malloc_getpagesize_P = 0x80
START GROUP
LOAD c:/program files (x86)/atollic/truestudio for stm32 9.3.0/armtools/bin/../lib/gcc/arm-atollic-eabi/6.3.1/../../../../arm-atollic-eabi/lib/armv7e-m/fpu\libc_nano.a
LOAD c:/program files (x86)/atollic/truestudio for stm32 9.3.0/armtools/bin/../lib/gcc/arm-atollic-eabi/6.3.1/../../../../arm-atollic-eabi/lib/armv7e-m/fpu\libm.a
END GROUP
START GROUP
LOAD c:/program files (x86)/atollic/truestudio for stm32 9.3.0/armtools/bin/../lib/gcc/arm-atollic-eabi/6.3.1/armv7e-m/fpu\libgcc.a
LOAD c:/program files (x86)/atollic/truestudio for stm32 9.3.0/armtools/bin/../lib/gcc/arm-atollic-eabi/6.3.1/../../../../arm-atollic-eabi/lib/armv7e-m/fpu\libc_nano.a
END GROUP
START GROUP
LOAD c:/program files (x86)/atollic/truestudio for stm32 9.3.0/armtools/bin/../lib/gcc/arm-atollic-eabi/6.3.1/armv7e-m/fpu\libgcc.a
LOAD c:/program files (x86)/atollic/truestudio for stm32 9.3.0/armtools/bin/../lib/gcc/arm-atollic-eabi/6.3.1/../../../../arm-atollic-eabi/lib/armv7e-m/fpu\libc_nano.a
LOAD c:/program files (x86)/atollic/truestudio for stm32 9.3.0/armtools/bin/../lib/gcc/arm-atollic-eabi/6.3.1/../../../../arm-atollic-eabi/lib/armv7e-m/fpu\libnosys.a
END GROUP
START GROUP
LOAD c:/program files (x86)/atollic/truestudio for stm32 9.3.0/armtools/bin/../lib/gcc/arm-atollic-eabi/6.3.1/armv7e-m/fpu\libgcc.a
LOAD c:/program files (x86)/atollic/truestudio for stm32 9.3.0/armtools/bin/../lib/gcc/arm-atollic-eabi/6.3.1/../../../../arm-atollic-eabi/lib/armv7e-m/fpu\libc_nano.a
LOAD c:/program files (x86)/atollic/truestudio for stm32 9.3.0/armtools/bin/../lib/gcc/arm-atollic-eabi/6.3.1/../../../../arm-atollic-eabi/lib/armv7e-m/fpu\libnosys.a
END GROUP
LOAD c:/program files (x86)/atollic/truestudio for stm32 9.3.0/armtools/bin/../lib/gcc/arm-atollic-eabi/6.3.1/armv7e-m/fpu/crtend.o
LOAD c:/program files (x86)/atollic/truestudio for stm32 9.3.0/armtools/bin/../lib/gcc/arm-atollic-eabi/6.3.1/armv7e-m/fpu/crtn.o
                0x200a0000                _estack = 0x200a0000
                0x00000200                _Min_Heap_Size = 0x200
                0x00000400                _Min_Stack_Size = 0x400

.isr_vector     0x08000000      0x1bc
                0x08000000                . = ALIGN (0x4)
 *(.isr_vector)
 .isr_vector    0x08000000      0x1bc startup\startup_stm32l4r9xx.o
                0x08000000                g_pfnVectors
                0x080001bc                . = ALIGN (0x4)

.text           0x080001c0    0x12a08
                0x080001c0                . = ALIGN (0x4)
 *(.text)
 .text          0x080001c0       0x40 c:/program files (x86)/atollic/truestudio for stm32 9.3.0/armtools/bin/../lib/gcc/arm-atollic-eabi/6.3.1/armv7e-m/fpu/crtbegin.o
 .text          0x08000200       0xa0 c:/program files (x86)/atollic/truestudio for stm32 9.3.0/armtools/bin/../lib/gcc/arm-atollic-eabi/6.3.1/../../../../arm-atollic-eabi/lib/armv7e-m/fpu\libc_nano.a(lib_a-memchr.o)
                0x08000200                memchr
 .text          0x080002a0      0x370 c:/program files (x86)/atollic/truestudio for stm32 9.3.0/armtools/bin/../lib/gcc/arm-atollic-eabi/6.3.1/armv7e-m/fpu\libgcc.a(_arm_addsubdf3.o)
                0x080002a0                __aeabi_drsub
                0x080002a8                __aeabi_dsub
                0x080002a8                __subdf3
                0x080002ac                __aeabi_dadd
                0x080002ac                __adddf3
                0x08000524                __floatunsidf
                0x08000524                __aeabi_ui2d
                0x08000544                __floatsidf
                0x08000544                __aeabi_i2d
                0x08000568                __aeabi_f2d
                0x08000568                __extendsfdf2
                0x080005a4                __floatundidf
                0x080005a4                __aeabi_ul2d
                0x080005b4                __floatdidf
                0x080005b4                __aeabi_l2d
 .text          0x08000610      0x424 c:/program files (x86)/atollic/truestudio for stm32 9.3.0/armtools/bin/../lib/gcc/arm-atollic-eabi/6.3.1/armv7e-m/fpu\libgcc.a(_arm_muldivdf3.o)
                0x08000610                __aeabi_dmul
                0x08000610                __muldf3
                0x08000864                __divdf3
                0x08000864                __aeabi_ddiv
 .text          0x08000a34      0x110 c:/program files (x86)/atollic/truestudio for stm32 9.3.0/armtools/bin/../lib/gcc/arm-atollic-eabi/6.3.1/armv7e-m/fpu\libgcc.a(_arm_cmpdf2.o)
                0x08000a34                __gtdf2
                0x08000a34                __gedf2
                0x08000a3c                __ltdf2
                0x08000a3c                __ledf2
                0x08000a44                __nedf2
                0x08000a44                __eqdf2
                0x08000a44                __cmpdf2
                0x08000ac0                __aeabi_cdrcmple
                0x08000ad0                __aeabi_cdcmpeq
                0x08000ad0                __aeabi_cdcmple
                0x08000ae0                __aeabi_dcmpeq
                0x08000af4                __aeabi_dcmplt
                0x08000b08                __aeabi_dcmple
                0x08000b1c                __aeabi_dcmpge
                0x08000b30                __aeabi_dcmpgt
 .text          0x08000b44       0x50 c:/program files (x86)/atollic/truestudio for stm32 9.3.0/armtools/bin/../lib/gcc/arm-atollic-eabi/6.3.1/armv7e-m/fpu\libgcc.a(_arm_fixdfsi.o)
                0x08000b44                __aeabi_d2iz
                0x08000b44                __fixdfsi
 .text          0x08000b94       0xa0 c:/program files (x86)/atollic/truestudio for stm32 9.3.0/armtools/bin/../lib/gcc/arm-atollic-eabi/6.3.1/armv7e-m/fpu\libgcc.a(_arm_truncdfsf2.o)
                0x08000b94                __truncdfsf2
                0x08000b94                __aeabi_d2f
 .text          0x08000c34       0x30 c:/program files (x86)/atollic/truestudio for stm32 9.3.0/armtools/bin/../lib/gcc/arm-atollic-eabi/6.3.1/armv7e-m/fpu\libgcc.a(_aeabi_uldivmod.o)
                0x08000c34                __aeabi_uldivmod
 .text          0x08000c64      0x2dc c:/program files (x86)/atollic/truestudio for stm32 9.3.0/armtools/bin/../lib/gcc/arm-atollic-eabi/6.3.1/armv7e-m/fpu\libgcc.a(_udivmoddi4.o)
                0x08000c64                __udivmoddi4
 .text          0x08000f40        0x4 c:/program files (x86)/atollic/truestudio for stm32 9.3.0/armtools/bin/../lib/gcc/arm-atollic-eabi/6.3.1/armv7e-m/fpu\libgcc.a(_dvmd_tls.o)
                0x08000f40                __aeabi_idiv0
                0x08000f40                __aeabi_ldiv0
 *(.text*)
 .text.HAL_InitTick
                0x08000f44       0x30 Drivers\STM32L4xx_HAL_Driver\Src\stm32l4xx_hal.o
                0x08000f44                HAL_InitTick
 .text.HAL_Init
                0x08000f74       0x1e Drivers\STM32L4xx_HAL_Driver\Src\stm32l4xx_hal.o
                0x08000f74                HAL_Init
 *fill*         0x08000f92        0x2 
 .text.HAL_IncTick
                0x08000f94       0x10 Drivers\STM32L4xx_HAL_Driver\Src\stm32l4xx_hal.o
                0x08000f94                HAL_IncTick
 .text.HAL_GetTick
                0x08000fa4        0xc Drivers\STM32L4xx_HAL_Driver\Src\stm32l4xx_hal.o
                0x08000fa4                HAL_GetTick
 .text.HAL_Delay
                0x08000fb0       0x1c Drivers\STM32L4xx_HAL_Driver\Src\stm32l4xx_hal.o
                0x08000fb0                HAL_Delay
 .text.LL_ADC_SetChannelSamplingTime
                0x08000fcc       0x4e Drivers\STM32L4xx_HAL_Driver\Src\stm32l4xx_hal_adc.o
 *fill*         0x0800101a        0x2 
 .text.HAL_ADC_Init
                0x0800101c      0x19c Drivers\STM32L4xx_HAL_Driver\Src\stm32l4xx_hal_adc.o
                0x0800101c                HAL_ADC_Init
 .text.HAL_ADC_PollForConversion
                0x080011b8       0x9c Drivers\STM32L4xx_HAL_Driver\Src\stm32l4xx_hal_adc.o
                0x080011b8                HAL_ADC_PollForConversion
 .text.HAL_ADC_GetValue
                0x08001254        0x6 Drivers\STM32L4xx_HAL_Driver\Src\stm32l4xx_hal_adc.o
                0x08001254                HAL_ADC_GetValue
 *fill*         0x0800125a        0x2 
 .text.HAL_ADC_ConfigChannel
                0x0800125c      0x410 Drivers\STM32L4xx_HAL_Driver\Src\stm32l4xx_hal_adc.o
                0x0800125c                HAL_ADC_ConfigChannel
 .text.ADC_ConversionStop
                0x0800166c       0xb4 Drivers\STM32L4xx_HAL_Driver\Src\stm32l4xx_hal_adc.o
                0x0800166c                ADC_ConversionStop
 .text.ADC_Enable
                0x08001720       0xa4 Drivers\STM32L4xx_HAL_Driver\Src\stm32l4xx_hal_adc.o
                0x08001720                ADC_Enable
 .text.HAL_ADC_Start
                0x080017c4       0x88 Drivers\STM32L4xx_HAL_Driver\Src\stm32l4xx_hal_adc.o
                0x080017c4                HAL_ADC_Start
 .text.ADC_Disable
                0x0800184c       0x76 Drivers\STM32L4xx_HAL_Driver\Src\stm32l4xx_hal_adc.o
                0x0800184c                ADC_Disable
 .text.HAL_ADC_Stop
                0x080018c2       0x3e Drivers\STM32L4xx_HAL_Driver\Src\stm32l4xx_hal_adc.o
                0x080018c2                HAL_ADC_Stop
 .text.HAL_NVIC_SetPriorityGrouping
                0x08001900       0x24 Drivers\STM32L4xx_HAL_Driver\Src\stm32l4xx_hal_cortex.o
                0x08001900                HAL_NVIC_SetPriorityGrouping
 .text.HAL_NVIC_SetPriority
                0x08001924       0x68 Drivers\STM32L4xx_HAL_Driver\Src\stm32l4xx_hal_cortex.o
                0x08001924                HAL_NVIC_SetPriority
 .text.HAL_NVIC_EnableIRQ
                0x0800198c       0x18 Drivers\STM32L4xx_HAL_Driver\Src\stm32l4xx_hal_cortex.o
                0x0800198c                HAL_NVIC_EnableIRQ
 .text.HAL_NVIC_DisableIRQ
                0x080019a4       0x1c Drivers\STM32L4xx_HAL_Driver\Src\stm32l4xx_hal_cortex.o
                0x080019a4                HAL_NVIC_DisableIRQ
 .text.HAL_SYSTICK_Config
                0x080019c0       0x2c Drivers\STM32L4xx_HAL_Driver\Src\stm32l4xx_hal_cortex.o
                0x080019c0                HAL_SYSTICK_Config
 .text.HAL_NVIC_ClearPendingIRQ
                0x080019ec       0x1c Drivers\STM32L4xx_HAL_Driver\Src\stm32l4xx_hal_cortex.o
                0x080019ec                HAL_NVIC_ClearPendingIRQ
 .text.HAL_SYSTICK_CLKSourceConfig
                0x08001a08       0x18 Drivers\STM32L4xx_HAL_Driver\Src\stm32l4xx_hal_cortex.o
                0x08001a08                HAL_SYSTICK_CLKSourceConfig
 .text.DMA2D_SetConfig
                0x08001a20       0x34 Drivers\STM32L4xx_HAL_Driver\Src\stm32l4xx_hal_dma2d.o
 .text.HAL_DMA2D_Init
                0x08001a54       0x94 Drivers\STM32L4xx_HAL_Driver\Src\stm32l4xx_hal_dma2d.o
                0x08001a54                HAL_DMA2D_Init
 .text.HAL_DMA2D_Start
                0x08001ae8       0x32 Drivers\STM32L4xx_HAL_Driver\Src\stm32l4xx_hal_dma2d.o
                0x08001ae8                HAL_DMA2D_Start
 .text.HAL_DMA2D_PollForTransfer
                0x08001b1a      0x104 Drivers\STM32L4xx_HAL_Driver\Src\stm32l4xx_hal_dma2d.o
                0x08001b1a                HAL_DMA2D_PollForTransfer
 *fill*         0x08001c1e        0x2 
 .text.HAL_DMA2D_ConfigLayer
                0x08001c20      0x158 Drivers\STM32L4xx_HAL_Driver\Src\stm32l4xx_hal_dma2d.o
                0x08001c20                HAL_DMA2D_ConfigLayer
 .text.HAL_GPIO_Init
                0x08001d78      0x1b0 Drivers\STM32L4xx_HAL_Driver\Src\stm32l4xx_hal_gpio.o
                0x08001d78                HAL_GPIO_Init
 .text.HAL_GPIO_DeInit
                0x08001f28      0x130 Drivers\STM32L4xx_HAL_Driver\Src\stm32l4xx_hal_gpio.o
                0x08001f28                HAL_GPIO_DeInit
 .text.HAL_GPIO_WritePin
                0x08002058        0xa Drivers\STM32L4xx_HAL_Driver\Src\stm32l4xx_hal_gpio.o
                0x08002058                HAL_GPIO_WritePin
 .text.HAL_GPIO_TogglePin
                0x08002062        0x8 Drivers\STM32L4xx_HAL_Driver\Src\stm32l4xx_hal_gpio.o
                0x08002062                HAL_GPIO_TogglePin
 .text.HAL_GPIO_EXTI_Callback
                0x0800206a        0x2 Drivers\STM32L4xx_HAL_Driver\Src\stm32l4xx_hal_gpio.o
                0x0800206a                HAL_GPIO_EXTI_Callback
 .text.HAL_GPIO_EXTI_IRQHandler
                0x0800206c       0x18 Drivers\STM32L4xx_HAL_Driver\Src\stm32l4xx_hal_gpio.o
                0x0800206c                HAL_GPIO_EXTI_IRQHandler
 .text.I2C_Flush_TXDR
                0x08002084       0x1c Drivers\STM32L4xx_HAL_Driver\Src\stm32l4xx_hal_i2c.o
 .text.I2C_TransferConfig
                0x080020a0       0x34 Drivers\STM32L4xx_HAL_Driver\Src\stm32l4xx_hal_i2c.o
 .text.I2C_WaitOnFlagUntilTimeout
                0x080020d4       0x56 Drivers\STM32L4xx_HAL_Driver\Src\stm32l4xx_hal_i2c.o
 .text.I2C_IsAcknowledgeFailed
                0x0800212a       0x7a Drivers\STM32L4xx_HAL_Driver\Src\stm32l4xx_hal_i2c.o
 .text.I2C_WaitOnTXISFlagUntilTimeout
                0x080021a4       0x4e Drivers\STM32L4xx_HAL_Driver\Src\stm32l4xx_hal_i2c.o
 *fill*         0x080021f2        0x2 
 .text.I2C_RequestMemoryRead
                0x080021f4       0x64 Drivers\STM32L4xx_HAL_Driver\Src\stm32l4xx_hal_i2c.o
 .text.I2C_WaitOnSTOPFlagUntilTimeout
                0x08002258       0x4a Drivers\STM32L4xx_HAL_Driver\Src\stm32l4xx_hal_i2c.o
 .text.HAL_I2C_Init
                0x080022a2       0xa2 Drivers\STM32L4xx_HAL_Driver\Src\stm32l4xx_hal_i2c.o
                0x080022a2                HAL_I2C_Init
 .text.HAL_I2C_Mem_Read
                0x08002344      0x17c Drivers\STM32L4xx_HAL_Driver\Src\stm32l4xx_hal_i2c.o
                0x08002344                HAL_I2C_Mem_Read
 .text.HAL_I2CEx_ConfigAnalogFilter
                0x080024c0       0x4c Drivers\STM32L4xx_HAL_Driver\Src\stm32l4xx_hal_i2c_ex.o
                0x080024c0                HAL_I2CEx_ConfigAnalogFilter
 .text.HAL_I2CEx_ConfigDigitalFilter
                0x0800250c       0x4a Drivers\STM32L4xx_HAL_Driver\Src\stm32l4xx_hal_i2c_ex.o
                0x0800250c                HAL_I2CEx_ConfigDigitalFilter
 .text.LTDC_SetConfig
                0x08002556      0x10c Drivers\STM32L4xx_HAL_Driver\Src\stm32l4xx_hal_ltdc.o
 *fill*         0x08002662        0x2 
 .text.HAL_LTDC_Init
                0x08002664       0xd8 Drivers\STM32L4xx_HAL_Driver\Src\stm32l4xx_hal_ltdc.o
                0x08002664                HAL_LTDC_Init
 .text.HAL_LTDC_ConfigLayer
                0x0800273c       0x52 Drivers\STM32L4xx_HAL_Driver\Src\stm32l4xx_hal_ltdc.o
                0x0800273c                HAL_LTDC_ConfigLayer
 .text.HAL_LTDC_SetAddress
                0x0800278e       0x40 Drivers\STM32L4xx_HAL_Driver\Src\stm32l4xx_hal_ltdc.o
                0x0800278e                HAL_LTDC_SetAddress
 .text.HAL_PCD_Init
                0x080027ce       0xfa Drivers\STM32L4xx_HAL_Driver\Src\stm32l4xx_hal_pcd.o
                0x080027ce                HAL_PCD_Init
 .text.HAL_PCD_Start
                0x080028c8       0x2a Drivers\STM32L4xx_HAL_Driver\Src\stm32l4xx_hal_pcd.o
                0x080028c8                HAL_PCD_Start
 *fill*         0x080028f2        0x2 
 .text.HAL_PCD_IRQHandler
                0x080028f4      0x58c Drivers\STM32L4xx_HAL_Driver\Src\stm32l4xx_hal_pcd.o
                0x080028f4                HAL_PCD_IRQHandler
 .text.HAL_PCD_SetAddress
                0x08002e80       0x28 Drivers\STM32L4xx_HAL_Driver\Src\stm32l4xx_hal_pcd.o
                0x08002e80                HAL_PCD_SetAddress
 .text.HAL_PCD_EP_Open
                0x08002ea8       0x6a Drivers\STM32L4xx_HAL_Driver\Src\stm32l4xx_hal_pcd.o
                0x08002ea8                HAL_PCD_EP_Open
 .text.HAL_PCD_EP_Close
                0x08002f12       0x54 Drivers\STM32L4xx_HAL_Driver\Src\stm32l4xx_hal_pcd.o
                0x08002f12                HAL_PCD_EP_Close
 .text.HAL_PCD_EP_Receive
                0x08002f66       0x3c Drivers\STM32L4xx_HAL_Driver\Src\stm32l4xx_hal_pcd.o
                0x08002f66                HAL_PCD_EP_Receive
 .text.HAL_PCD_EP_Transmit
                0x08002fa2       0x36 Drivers\STM32L4xx_HAL_Driver\Src\stm32l4xx_hal_pcd.o
                0x08002fa2                HAL_PCD_EP_Transmit
 .text.HAL_PCD_EP_SetStall
                0x08002fd8       0x72 Drivers\STM32L4xx_HAL_Driver\Src\stm32l4xx_hal_pcd.o
                0x08002fd8                HAL_PCD_EP_SetStall
 .text.HAL_PCD_EP_ClrStall
                0x0800304a       0x64 Drivers\STM32L4xx_HAL_Driver\Src\stm32l4xx_hal_pcd.o
                0x0800304a                HAL_PCD_EP_ClrStall
 .text.HAL_PCDEx_SetTxFiFo
                0x080030ae       0x42 Drivers\STM32L4xx_HAL_Driver\Src\stm32l4xx_hal_pcd_ex.o
                0x080030ae                HAL_PCDEx_SetTxFiFo
 .text.HAL_PCDEx_SetRxFiFo
                0x080030f0        0x8 Drivers\STM32L4xx_HAL_Driver\Src\stm32l4xx_hal_pcd_ex.o
                0x080030f0                HAL_PCDEx_SetRxFiFo
 .text.HAL_PCDEx_ActivateLPM
                0x080030f8       0x26 Drivers\STM32L4xx_HAL_Driver\Src\stm32l4xx_hal_pcd_ex.o
                0x080030f8                HAL_PCDEx_ActivateLPM
 .text.HAL_PCDEx_ActivateBCD
                0x0800311e       0x14 Drivers\STM32L4xx_HAL_Driver\Src\stm32l4xx_hal_pcd_ex.o
                0x0800311e                HAL_PCDEx_ActivateBCD
 *fill*         0x08003132        0x2 
 .text.HAL_PWREx_GetVoltageRange
                0x08003134       0x24 Drivers\STM32L4xx_HAL_Driver\Src\stm32l4xx_hal_pwr_ex.o
                0x08003134                HAL_PWREx_GetVoltageRange
 .text.HAL_PWREx_ControlVoltageScaling
                0x08003158       0xb4 Drivers\STM32L4xx_HAL_Driver\Src\stm32l4xx_hal_pwr_ex.o
                0x08003158                HAL_PWREx_ControlVoltageScaling
 .text.HAL_PWREx_EnableVddUSB
                0x0800320c       0x10 Drivers\STM32L4xx_HAL_Driver\Src\stm32l4xx_hal_pwr_ex.o
                0x0800320c                HAL_PWREx_EnableVddUSB
 .text.HAL_PWREx_EnableVddIO2
                0x0800321c       0x10 Drivers\STM32L4xx_HAL_Driver\Src\stm32l4xx_hal_pwr_ex.o
                0x0800321c                HAL_PWREx_EnableVddIO2
 .text.RCC_SetFlashLatencyFromMSIRange
                0x0800322c       0x7c Drivers\STM32L4xx_HAL_Driver\Src\stm32l4xx_hal_rcc.o
 .text.HAL_RCC_GetSysClockFreq
                0x080032a8       0x9c Drivers\STM32L4xx_HAL_Driver\Src\stm32l4xx_hal_rcc.o
                0x080032a8                HAL_RCC_GetSysClockFreq
 .text.HAL_RCC_OscConfig
                0x08003344      0x4a4 Drivers\STM32L4xx_HAL_Driver\Src\stm32l4xx_hal_rcc.o
                0x08003344                HAL_RCC_OscConfig
 .text.HAL_RCC_ClockConfig
                0x080037e8      0x1f4 Drivers\STM32L4xx_HAL_Driver\Src\stm32l4xx_hal_rcc.o
                0x080037e8                HAL_RCC_ClockConfig
 .text.HAL_RCC_GetHCLKFreq
                0x080039dc        0xc Drivers\STM32L4xx_HAL_Driver\Src\stm32l4xx_hal_rcc.o
                0x080039dc                HAL_RCC_GetHCLKFreq
 .text.HAL_RCC_GetPCLK1Freq
                0x080039e8       0x24 Drivers\STM32L4xx_HAL_Driver\Src\stm32l4xx_hal_rcc.o
                0x080039e8                HAL_RCC_GetPCLK1Freq
 .text.HAL_RCC_GetPCLK2Freq
                0x08003a0c       0x24 Drivers\STM32L4xx_HAL_Driver\Src\stm32l4xx_hal_rcc.o
                0x08003a0c                HAL_RCC_GetPCLK2Freq
 .text.RCCEx_PLLSAI1_Config
                0x08003a30      0x110 Drivers\STM32L4xx_HAL_Driver\Src\stm32l4xx_hal_rcc_ex.o
 .text.RCCEx_PLLSAI2_Config
                0x08003b40      0x110 Drivers\STM32L4xx_HAL_Driver\Src\stm32l4xx_hal_rcc_ex.o
 .text.HAL_RCCEx_PeriphCLKConfig
                0x08003c50      0x4c8 Drivers\STM32L4xx_HAL_Driver\Src\stm32l4xx_hal_rcc_ex.o
                0x08003c50                HAL_RCCEx_PeriphCLKConfig
 .text.HAL_SPI_Init
                0x08004118       0xa2 Drivers\STM32L4xx_HAL_Driver\Src\stm32l4xx_hal_spi.o
                0x08004118                HAL_SPI_Init
 *fill*         0x080041ba        0x2 
 .text.TIM_OC1_SetConfig
                0x080041bc       0x98 Drivers\STM32L4xx_HAL_Driver\Src\stm32l4xx_hal_tim.o
 .text.TIM_OC3_SetConfig
                0x08004254       0x88 Drivers\STM32L4xx_HAL_Driver\Src\stm32l4xx_hal_tim.o
 .text.TIM_OC4_SetConfig
                0x080042dc       0x68 Drivers\STM32L4xx_HAL_Driver\Src\stm32l4xx_hal_tim.o
 .text.TIM_OC5_SetConfig
                0x08004344       0x68 Drivers\STM32L4xx_HAL_Driver\Src\stm32l4xx_hal_tim.o
 .text.TIM_OC6_SetConfig
                0x080043ac       0x68 Drivers\STM32L4xx_HAL_Driver\Src\stm32l4xx_hal_tim.o
 .text.HAL_TIM_Base_Start
                0x08004414       0x34 Drivers\STM32L4xx_HAL_Driver\Src\stm32l4xx_hal_tim.o
                0x08004414                HAL_TIM_Base_Start
 .text.HAL_TIM_Base_Start_IT
                0x08004448       0x30 Drivers\STM32L4xx_HAL_Driver\Src\stm32l4xx_hal_tim.o
                0x08004448                HAL_TIM_Base_Start_IT
 .text.HAL_TIM_PeriodElapsedCallback
                0x08004478        0x2 Drivers\STM32L4xx_HAL_Driver\Src\stm32l4xx_hal_tim.o
                0x08004478                HAL_TIM_PeriodElapsedCallback
 .text.HAL_TIM_OC_DelayElapsedCallback
                0x0800447a        0x2 Drivers\STM32L4xx_HAL_Driver\Src\stm32l4xx_hal_tim.o
                0x0800447a                HAL_TIM_OC_DelayElapsedCallback
 .text.HAL_TIM_IC_CaptureCallback
                0x0800447c        0x2 Drivers\STM32L4xx_HAL_Driver\Src\stm32l4xx_hal_tim.o
                0x0800447c                HAL_TIM_IC_CaptureCallback
 .text.HAL_TIM_PWM_PulseFinishedCallback
                0x0800447e        0x2 Drivers\STM32L4xx_HAL_Driver\Src\stm32l4xx_hal_tim.o
                0x0800447e                HAL_TIM_PWM_PulseFinishedCallback
 .text.HAL_TIM_TriggerCallback
                0x08004480        0x2 Drivers\STM32L4xx_HAL_Driver\Src\stm32l4xx_hal_tim.o
                0x08004480                HAL_TIM_TriggerCallback
 .text.HAL_TIM_IRQHandler
                0x08004482      0x160 Drivers\STM32L4xx_HAL_Driver\Src\stm32l4xx_hal_tim.o
                0x08004482                HAL_TIM_IRQHandler
 *fill*         0x080045e2        0x2 
 .text.TIM_Base_SetConfig
                0x080045e4       0xcc Drivers\STM32L4xx_HAL_Driver\Src\stm32l4xx_hal_tim.o
                0x080045e4                TIM_Base_SetConfig
 .text.HAL_TIM_Base_Init
                0x080046b0       0x34 Drivers\STM32L4xx_HAL_Driver\Src\stm32l4xx_hal_tim.o
                0x080046b0                HAL_TIM_Base_Init
 .text.HAL_TIM_OC_Init
                0x080046e4       0x34 Drivers\STM32L4xx_HAL_Driver\Src\stm32l4xx_hal_tim.o
                0x080046e4                HAL_TIM_OC_Init
 .text.TIM_OC2_SetConfig
                0x08004718       0x8c Drivers\STM32L4xx_HAL_Driver\Src\stm32l4xx_hal_tim.o
                0x08004718                TIM_OC2_SetConfig
 .text.HAL_TIM_OC_ConfigChannel
                0x080047a4       0x70 Drivers\STM32L4xx_HAL_Driver\Src\stm32l4xx_hal_tim.o
                0x080047a4                HAL_TIM_OC_ConfigChannel
 .text.TIM_ETR_SetConfig
                0x08004814       0x14 Drivers\STM32L4xx_HAL_Driver\Src\stm32l4xx_hal_tim.o
                0x08004814                TIM_ETR_SetConfig
 .text.HAL_TIM_ConfigClockSource
                0x08004828      0x144 Drivers\STM32L4xx_HAL_Driver\Src\stm32l4xx_hal_tim.o
                0x08004828                HAL_TIM_ConfigClockSource
 .text.TIM_CCxChannelCmd
                0x0800496c       0x1c Drivers\STM32L4xx_HAL_Driver\Src\stm32l4xx_hal_tim.o
                0x0800496c                TIM_CCxChannelCmd
 .text.HAL_TIM_PWM_Start_IT
                0x08004988       0xa4 Drivers\STM32L4xx_HAL_Driver\Src\stm32l4xx_hal_tim.o
                0x08004988                HAL_TIM_PWM_Start_IT
 .text.HAL_TIM_OC_Start_IT
                0x08004a2c        0x4 Drivers\STM32L4xx_HAL_Driver\Src\stm32l4xx_hal_tim.o
                0x08004a2c                HAL_TIM_OC_Start_IT
 .text.HAL_TIMEx_MasterConfigSynchronization
                0x08004a30       0x58 Drivers\STM32L4xx_HAL_Driver\Src\stm32l4xx_hal_tim_ex.o
                0x08004a30                HAL_TIMEx_MasterConfigSynchronization
 .text.HAL_TIMEx_CommutationCallback
                0x08004a88        0x2 Drivers\STM32L4xx_HAL_Driver\Src\stm32l4xx_hal_tim_ex.o
                0x08004a88                HAL_TIMEx_CommutationCallback
 .text.HAL_TIMEx_BreakCallback
                0x08004a8a        0x2 Drivers\STM32L4xx_HAL_Driver\Src\stm32l4xx_hal_tim_ex.o
                0x08004a8a                HAL_TIMEx_BreakCallback
 .text.HAL_TIMEx_Break2Callback
                0x08004a8c        0x2 Drivers\STM32L4xx_HAL_Driver\Src\stm32l4xx_hal_tim_ex.o
                0x08004a8c                HAL_TIMEx_Break2Callback
 *fill*         0x08004a8e        0x2 
 .text.UART_SetConfig
                0x08004a90      0x3f4 Drivers\STM32L4xx_HAL_Driver\Src\stm32l4xx_hal_uart.o
                0x08004a90                UART_SetConfig
 .text.UART_AdvFeatureConfig
                0x08004e84       0xa8 Drivers\STM32L4xx_HAL_Driver\Src\stm32l4xx_hal_uart.o
                0x08004e84                UART_AdvFeatureConfig
 .text.UART_WaitOnFlagUntilTimeout
                0x08004f2c       0x62 Drivers\STM32L4xx_HAL_Driver\Src\stm32l4xx_hal_uart.o
                0x08004f2c                UART_WaitOnFlagUntilTimeout
 .text.UART_CheckIdleState
                0x08004f8e       0x66 Drivers\STM32L4xx_HAL_Driver\Src\stm32l4xx_hal_uart.o
                0x08004f8e                UART_CheckIdleState
 .text.HAL_UART_Init
                0x08004ff4       0x64 Drivers\STM32L4xx_HAL_Driver\Src\stm32l4xx_hal_uart.o
                0x08004ff4                HAL_UART_Init
 .text.UARTEx_SetNbDataToProcess
                0x08005058       0x88 Drivers\STM32L4xx_HAL_Driver\Src\stm32l4xx_hal_uart_ex.o
 .text.HAL_UARTEx_SetTxFifoThreshold
                0x080050e0       0x48 Drivers\STM32L4xx_HAL_Driver\Src\stm32l4xx_hal_uart_ex.o
                0x080050e0                HAL_UARTEx_SetTxFifoThreshold
 .text.HAL_UARTEx_SetRxFifoThreshold
                0x08005128       0x48 Drivers\STM32L4xx_HAL_Driver\Src\stm32l4xx_hal_uart_ex.o
                0x08005128                HAL_UARTEx_SetRxFifoThreshold
 .text.USB_CoreReset
                0x08005170       0x30 Drivers\STM32L4xx_HAL_Driver\Src\stm32l4xx_ll_usb.o
 .text.USB_CoreInit
                0x080051a0       0x5e Drivers\STM32L4xx_HAL_Driver\Src\stm32l4xx_ll_usb.o
                0x080051a0                USB_CoreInit
 .text.USB_EnableGlobalInt
                0x080051fe        0xc Drivers\STM32L4xx_HAL_Driver\Src\stm32l4xx_ll_usb.o
                0x080051fe                USB_EnableGlobalInt
 .text.USB_DisableGlobalInt
                0x0800520a        0xc Drivers\STM32L4xx_HAL_Driver\Src\stm32l4xx_ll_usb.o
                0x0800520a                USB_DisableGlobalInt
 .text.USB_SetCurrentMode
                0x08005216       0x2e Drivers\STM32L4xx_HAL_Driver\Src\stm32l4xx_ll_usb.o
                0x08005216                USB_SetCurrentMode
 .text.USB_FlushTxFifo
                0x08005244       0x24 Drivers\STM32L4xx_HAL_Driver\Src\stm32l4xx_ll_usb.o
                0x08005244                USB_FlushTxFifo
 .text.USB_FlushRxFifo
                0x08005268       0x20 Drivers\STM32L4xx_HAL_Driver\Src\stm32l4xx_ll_usb.o
                0x08005268                USB_FlushRxFifo
 .text.USB_SetDevSpeed
                0x08005288        0xe Drivers\STM32L4xx_HAL_Driver\Src\stm32l4xx_ll_usb.o
                0x08005288                USB_SetDevSpeed
 *fill*         0x08005296        0x2 
 .text.USB_DevInit
                0x08005298      0x138 Drivers\STM32L4xx_HAL_Driver\Src\stm32l4xx_ll_usb.o
                0x08005298                USB_DevInit
 .text.USB_ActivateEndpoint
                0x080053d0       0x84 Drivers\STM32L4xx_HAL_Driver\Src\stm32l4xx_ll_usb.o
                0x080053d0                USB_ActivateEndpoint
 .text.USB_DeactivateEndpoint
                0x08005454       0x64 Drivers\STM32L4xx_HAL_Driver\Src\stm32l4xx_ll_usb.o
                0x08005454                USB_DeactivateEndpoint
 .text.USB_EP0StartXfer
                0x080054b8       0xe4 Drivers\STM32L4xx_HAL_Driver\Src\stm32l4xx_ll_usb.o
                0x080054b8                USB_EP0StartXfer
 .text.USB_WritePacket
                0x0800559c       0x20 Drivers\STM32L4xx_HAL_Driver\Src\stm32l4xx_ll_usb.o
                0x0800559c                USB_WritePacket
 .text.USB_EPStartXfer
                0x080055bc      0x18c Drivers\STM32L4xx_HAL_Driver\Src\stm32l4xx_ll_usb.o
                0x080055bc                USB_EPStartXfer
 .text.USB_ReadPacket
                0x08005748       0x1c Drivers\STM32L4xx_HAL_Driver\Src\stm32l4xx_ll_usb.o
                0x08005748                USB_ReadPacket
 .text.USB_EPSetStall
                0x08005764       0x5a Drivers\STM32L4xx_HAL_Driver\Src\stm32l4xx_ll_usb.o
                0x08005764                USB_EPSetStall
 .text.USB_EPClearStall
                0x080057be       0x56 Drivers\STM32L4xx_HAL_Driver\Src\stm32l4xx_ll_usb.o
                0x080057be                USB_EPClearStall
 .text.USB_SetDevAddress
                0x08005814       0x20 Drivers\STM32L4xx_HAL_Driver\Src\stm32l4xx_ll_usb.o
                0x08005814                USB_SetDevAddress
 .text.USB_DevConnect
                0x08005834       0x18 Drivers\STM32L4xx_HAL_Driver\Src\stm32l4xx_ll_usb.o
                0x08005834                USB_DevConnect
 .text.USB_DevDisconnect
                0x0800584c       0x18 Drivers\STM32L4xx_HAL_Driver\Src\stm32l4xx_ll_usb.o
                0x0800584c                USB_DevDisconnect
 .text.USB_ReadInterrupts
                0x08005864        0x8 Drivers\STM32L4xx_HAL_Driver\Src\stm32l4xx_ll_usb.o
                0x08005864                USB_ReadInterrupts
 .text.USB_ReadDevAllOutEpInterrupt
                0x0800586c       0x10 Drivers\STM32L4xx_HAL_Driver\Src\stm32l4xx_ll_usb.o
                0x0800586c                USB_ReadDevAllOutEpInterrupt
 .text.USB_ReadDevAllInEpInterrupt
                0x0800587c       0x10 Drivers\STM32L4xx_HAL_Driver\Src\stm32l4xx_ll_usb.o
                0x0800587c                USB_ReadDevAllInEpInterrupt
 .text.USB_ReadDevOutEPInterrupt
                0x0800588c       0x12 Drivers\STM32L4xx_HAL_Driver\Src\stm32l4xx_ll_usb.o
                0x0800588c                USB_ReadDevOutEPInterrupt
 .text.USB_ReadDevInEPInterrupt
                0x0800589e       0x24 Drivers\STM32L4xx_HAL_Driver\Src\stm32l4xx_ll_usb.o
                0x0800589e                USB_ReadDevInEPInterrupt
 .text.USB_GetMode
                0x080058c2        0x8 Drivers\STM32L4xx_HAL_Driver\Src\stm32l4xx_ll_usb.o
                0x080058c2                USB_GetMode
 .text.USB_ActivateSetup
                0x080058ca       0x36 Drivers\STM32L4xx_HAL_Driver\Src\stm32l4xx_ll_usb.o
                0x080058ca                USB_ActivateSetup
 .text.USB_EP0_OutStart
                0x08005900       0x22 Drivers\STM32L4xx_HAL_Driver\Src\stm32l4xx_ll_usb.o
                0x08005900                USB_EP0_OutStart
 *fill*         0x08005922        0x2 
 .text.USBD_CUSTOM_HID_GetFSCfgDesc
                0x08005924        0xc Middlewares\ST\STM32_USB_Device_Library\Class\CustomHID\Src\usbd_customhid.o
 .text.USBD_CUSTOM_HID_GetHSCfgDesc
                0x08005930        0xc Middlewares\ST\STM32_USB_Device_Library\Class\CustomHID\Src\usbd_customhid.o
 .text.USBD_CUSTOM_HID_GetOtherSpeedCfgDesc
                0x0800593c        0xc Middlewares\ST\STM32_USB_Device_Library\Class\CustomHID\Src\usbd_customhid.o
 .text.USBD_CUSTOM_HID_DataIn
                0x08005948        0xa Middlewares\ST\STM32_USB_Device_Library\Class\CustomHID\Src\usbd_customhid.o
 .text.USBD_CUSTOM_HID_EP0_RxReady
                0x08005952       0x20 Middlewares\ST\STM32_USB_Device_Library\Class\CustomHID\Src\usbd_customhid.o
 *fill*         0x08005972        0x2 
 .text.USBD_CUSTOM_HID_GetDeviceQualifierDesc
                0x08005974        0xc Middlewares\ST\STM32_USB_Device_Library\Class\CustomHID\Src\usbd_customhid.o
 .text.USBD_CUSTOM_HID_DataOut
                0x08005980       0x24 Middlewares\ST\STM32_USB_Device_Library\Class\CustomHID\Src\usbd_customhid.o
 .text.USBD_CUSTOM_HID_Setup
                0x080059a4       0xec Middlewares\ST\STM32_USB_Device_Library\Class\CustomHID\Src\usbd_customhid.o
 .text.USBD_CUSTOM_HID_DeInit
                0x08005a90       0x38 Middlewares\ST\STM32_USB_Device_Library\Class\CustomHID\Src\usbd_customhid.o
 .text.USBD_CUSTOM_HID_Init
                0x08005ac8       0x50 Middlewares\ST\STM32_USB_Device_Library\Class\CustomHID\Src\usbd_customhid.o
 .text.USBD_CUSTOM_HID_RegisterInterface
                0x08005b18        0xe Middlewares\ST\STM32_USB_Device_Library\Class\CustomHID\Src\usbd_customhid.o
                0x08005b18                USBD_CUSTOM_HID_RegisterInterface
 .text.USBD_Init
                0x08005b26       0x2a Middlewares\ST\STM32_USB_Device_Library\Core\Src\usbd_core.o
                0x08005b26                USBD_Init
 .text.USBD_RegisterClass
                0x08005b50        0xe Middlewares\ST\STM32_USB_Device_Library\Core\Src\usbd_core.o
                0x08005b50                USBD_RegisterClass
 .text.USBD_Start
                0x08005b5e        0xa Middlewares\ST\STM32_USB_Device_Library\Core\Src\usbd_core.o
                0x08005b5e                USBD_Start
 .text.USBD_SetClassConfig
                0x08005b68       0x16 Middlewares\ST\STM32_USB_Device_Library\Core\Src\usbd_core.o
                0x08005b68                USBD_SetClassConfig
 .text.USBD_ClrClassConfig
                0x08005b7e        0xe Middlewares\ST\STM32_USB_Device_Library\Core\Src\usbd_core.o
                0x08005b7e                USBD_ClrClassConfig
 .text.USBD_LL_SetupStage
                0x08005b8c       0x5a Middlewares\ST\STM32_USB_Device_Library\Core\Src\usbd_core.o
                0x08005b8c                USBD_LL_SetupStage
 .text.USBD_LL_DataOutStage
                0x08005be6       0x70 Middlewares\ST\STM32_USB_Device_Library\Core\Src\usbd_core.o
                0x08005be6                USBD_LL_DataOutStage
 .text.USBD_LL_DataInStage
                0x08005c56       0xb8 Middlewares\ST\STM32_USB_Device_Library\Core\Src\usbd_core.o
                0x08005c56                USBD_LL_DataInStage
 .text.USBD_LL_Reset
                0x08005d0e       0x4e Middlewares\ST\STM32_USB_Device_Library\Core\Src\usbd_core.o
                0x08005d0e                USBD_LL_Reset
 .text.USBD_LL_SetSpeed
                0x08005d5c        0x6 Middlewares\ST\STM32_USB_Device_Library\Core\Src\usbd_core.o
                0x08005d5c                USBD_LL_SetSpeed
 .text.USBD_LL_Suspend
                0x08005d62       0x12 Middlewares\ST\STM32_USB_Device_Library\Core\Src\usbd_core.o
                0x08005d62                USBD_LL_Suspend
 .text.USBD_LL_Resume
                0x08005d74        0xc Middlewares\ST\STM32_USB_Device_Library\Core\Src\usbd_core.o
                0x08005d74                USBD_LL_Resume
 .text.USBD_LL_SOF
                0x08005d80       0x18 Middlewares\ST\STM32_USB_Device_Library\Core\Src\usbd_core.o
                0x08005d80                USBD_LL_SOF
 .text.USBD_LL_IsoINIncomplete
                0x08005d98        0x4 Middlewares\ST\STM32_USB_Device_Library\Core\Src\usbd_core.o
                0x08005d98                USBD_LL_IsoINIncomplete
 .text.USBD_LL_IsoOUTIncomplete
                0x08005d9c        0x4 Middlewares\ST\STM32_USB_Device_Library\Core\Src\usbd_core.o
                0x08005d9c                USBD_LL_IsoOUTIncomplete
 .text.USBD_LL_DevConnected
                0x08005da0        0x4 Middlewares\ST\STM32_USB_Device_Library\Core\Src\usbd_core.o
                0x08005da0                USBD_LL_DevConnected
 .text.USBD_LL_DevDisconnected
                0x08005da4       0x16 Middlewares\ST\STM32_USB_Device_Library\Core\Src\usbd_core.o
                0x08005da4                USBD_LL_DevDisconnected
 .text.USBD_CtlError.constprop.1
                0x08005dba       0x16 Middlewares\ST\STM32_USB_Device_Library\Core\Src\usbd_ctlreq.o
 .text.USBD_StdDevReq
                0x08005dd0      0x254 Middlewares\ST\STM32_USB_Device_Library\Core\Src\usbd_ctlreq.o
                0x08005dd0                USBD_StdDevReq
 .text.USBD_StdItfReq
                0x08006024       0x4a Middlewares\ST\STM32_USB_Device_Library\Core\Src\usbd_ctlreq.o
                0x08006024                USBD_StdItfReq
 .text.USBD_StdEPReq
                0x0800606e      0x110 Middlewares\ST\STM32_USB_Device_Library\Core\Src\usbd_ctlreq.o
                0x0800606e                USBD_StdEPReq
 .text.USBD_ParseSetupRequest
                0x0800617e       0x28 Middlewares\ST\STM32_USB_Device_Library\Core\Src\usbd_ctlreq.o
                0x0800617e                USBD_ParseSetupRequest
 .text.USBD_CtlError
                0x080061a6       0x16 Middlewares\ST\STM32_USB_Device_Library\Core\Src\usbd_ctlreq.o
                0x080061a6                USBD_CtlError
 .text.USBD_GetString
                0x080061bc       0x38 Middlewares\ST\STM32_USB_Device_Library\Core\Src\usbd_ctlreq.o
                0x080061bc                USBD_GetString
 .text.USBD_CtlSendData
                0x080061f4       0x1a Middlewares\ST\STM32_USB_Device_Library\Core\Src\usbd_ioreq.o
                0x080061f4                USBD_CtlSendData
 .text.USBD_CtlContinueSendData
                0x0800620e       0x10 Middlewares\ST\STM32_USB_Device_Library\Core\Src\usbd_ioreq.o
                0x0800620e                USBD_CtlContinueSendData
 .text.USBD_CtlPrepareRx
                0x0800621e       0x1e Middlewares\ST\STM32_USB_Device_Library\Core\Src\usbd_ioreq.o
                0x0800621e                USBD_CtlPrepareRx
 .text.USBD_CtlContinueRx
                0x0800623c       0x10 Middlewares\ST\STM32_USB_Device_Library\Core\Src\usbd_ioreq.o
                0x0800623c                USBD_CtlContinueRx
 .text.USBD_CtlSendStatus
                0x0800624c       0x16 Middlewares\ST\STM32_USB_Device_Library\Core\Src\usbd_ioreq.o
                0x0800624c                USBD_CtlSendStatus
 .text.USBD_CtlReceiveStatus
                0x08006262       0x16 Middlewares\ST\STM32_USB_Device_Library\Core\Src\usbd_ioreq.o
                0x08006262                USBD_CtlReceiveStatus
 .text.flash_data_read_buff
                0x08006278        0x6 Src\CRC_check.o
                0x08006278                flash_data_read_buff
 *fill*         0x0800627e        0x2 
 .text.Calibration_Load_Pack
                0x08006280       0x88 Src\Calibration_Address.o
                0x08006280                Calibration_Load_Pack
 .text.GUI_OptionMenuRu
                0x08006308       0xe0 Src\GUI.o
                0x08006308                GUI_OptionMenuRu
 .text.GUI_OptionMenuEn
                0x080063e8       0xe0 Src\GUI.o
                0x080063e8                GUI_OptionMenuEn
 .text.GUI_Title_Screen
                0x080064c8       0x64 Src\GUI.o
                0x080064c8                GUI_Title_Screen
 .text.Measure_Elements_Draw
                0x0800652c      0x384 Src\GUI.o
                0x0800652c                Measure_Elements_Draw
 .text.GUI_Information_Screen
                0x080068b0       0xa0 Src\GUI.o
                0x080068b0                GUI_Information_Screen
 .text.GUI_SD_Write_Screen
                0x08006950       0xac Src\GUI.o
                0x08006950                GUI_SD_Write_Screen
 .text.GUI_Up_Panel
                0x080069fc       0x48 Src\GUI.o
                0x080069fc                GUI_Up_Panel
 .text.GUI_Down_Panel
                0x08006a44       0x88 Src\GUI.o
                0x08006a44                GUI_Down_Panel
 .text.GUI_Measure_Screen
                0x08006acc       0x48 Src\GUI.o
                0x08006acc                GUI_Measure_Screen
 .text.GUI_Measure2_Screen
                0x08006b14       0x60 Src\GUI.o
                0x08006b14                GUI_Measure2_Screen
 .text.GUI_Measure3_Screen
                0x08006b74       0x60 Src\GUI.o
                0x08006b74                GUI_Measure3_Screen
 .text.GUI_Panels
                0x08006bd4       0x70 Src\GUI.o
                0x08006bd4                GUI_Panels
 .text.GUI_DataSet1_Screen
                0x08006c44       0xd0 Src\GUI.o
                0x08006c44                GUI_DataSet1_Screen
 .text.GUI_DataSet2_Screen
                0x08006d14      0x184 Src\GUI.o
                0x08006d14                GUI_DataSet2_Screen
 .text.GUI_DataSet3_Screen
                0x08006e98       0xe8 Src\GUI.o
                0x08006e98                GUI_DataSet3_Screen
 .text.GUI_DataSet4_Screen
                0x08006f80      0x144 Src\GUI.o
                0x08006f80                GUI_DataSet4_Screen
 .text.GUI_DataSet5_Screen
                0x080070c4       0x9c Src\GUI.o
                0x080070c4                GUI_DataSet5_Screen
 .text.GUI_GraphSet1_Screen
                0x08007160       0x90 Src\GUI.o
                0x08007160                GUI_GraphSet1_Screen
 .text.GUI_GraphSet2_Screen
                0x080071f0       0x74 Src\GUI.o
                0x080071f0                GUI_GraphSet2_Screen
 .text.GUI_ColorSet1_Screen
                0x08007264       0x88 Src\GUI.o
                0x08007264                GUI_ColorSet1_Screen
 .text.GUI_ColorSet2_Screen
                0x080072ec       0x78 Src\GUI.o
                0x080072ec                GUI_ColorSet2_Screen
 .text.GUI_ColorRendSet_Screen
                0x08007364       0xc8 Src\GUI.o
                0x08007364                GUI_ColorRendSet_Screen
 *fill*         0x0800742c        0x4 
 .text.GUI_Graph_Screen
                0x08007430      0x210 Src\GUI.o
                0x08007430                GUI_Graph_Screen
 .text.GUI_Color_Screen
                0x08007640      0x1e8 Src\GUI.o
                0x08007640                GUI_Color_Screen
 .text.GUI_ColorRend_Screen
                0x08007828       0x94 Src\GUI.o
                0x08007828                GUI_ColorRend_Screen
 .text.GUI_Display_Refresh
                0x080078bc       0xc0 Src\GUI.o
                0x080078bc                GUI_Display_Refresh
 *fill*         0x0800797c        0x4 
 .text.GUI_Touch_Processing
                0x08007980     0x38b8 Src\GUI.o
                0x08007980                GUI_Touch_Processing
 .text.GUI_Bluetooth_Logo
                0x0800b238       0xa4 Src\GUI_Active_Elements.o
                0x0800b238                GUI_Bluetooth_Logo
 .text.GUI_Button_Settings
                0x0800b2dc       0x7c Src\GUI_Active_Elements.o
                0x0800b2dc                GUI_Button_Settings
 .text.GUI_Button_Down
                0x0800b358       0x8a Src\GUI_Active_Elements.o
                0x0800b358                GUI_Button_Down
 .text.GUI_Button_Down_Active
                0x0800b3e2       0x94 Src\GUI_Active_Elements.o
                0x0800b3e2                GUI_Button_Down_Active
 .text.GUI_Button_Right
                0x0800b476       0x94 Src\GUI_Active_Elements.o
                0x0800b476                GUI_Button_Right
 .text.GUI_Button_TFT_On_Off
                0x0800b50a       0x5c Src\GUI_Active_Elements.o
                0x0800b50a                GUI_Button_TFT_On_Off
 .text.GUI_Button_TFT_Rotate
                0x0800b566       0xea Src\GUI_Active_Elements.o
                0x0800b566                GUI_Button_TFT_Rotate
 .text.GUI_Button_SD_Card
                0x0800b650      0x198 Src\GUI_Active_Elements.o
                0x0800b650                GUI_Button_SD_Card
 .text.GUI_Button_Measure_Start_Pause
                0x0800b7e8      0x2f8 Src\GUI_Active_Elements.o
                0x0800b7e8                GUI_Button_Measure_Start_Pause
 .text.GUI_CheckBox
                0x0800bae0       0x82 Src\GUI_Active_Elements.o
                0x0800bae0                GUI_CheckBox
 .text.GUI_RadioBox
                0x0800bb62       0x5e Src\GUI_Active_Elements.o
                0x0800bb62                GUI_RadioBox
 .text.GUI_Switch_Button
                0x0800bbc0       0xb4 Src\GUI_Active_Elements.o
                0x0800bbc0                GUI_Switch_Button
 .text.GUI_Switch_ButtonActive
                0x0800bc74       0x72 Src\GUI_Active_Elements.o
                0x0800bc74                GUI_Switch_ButtonActive
 .text.GUI_Flag_Ru
                0x0800bce6       0x54 Src\GUI_Active_Elements.o
                0x0800bce6                GUI_Flag_Ru
 .text.GUI_Flag_En
                0x0800bd3a      0x1e0 Src\GUI_Active_Elements.o
                0x0800bd3a                GUI_Flag_En
 *fill*         0x0800bf1a        0x2 
 .text.GUI_Bar_Measure
                0x0800bf1c       0x60 Src\GUI_Measure_Elements.o
                0x0800bf1c                GUI_Bar_Measure
 .text.GUI_Text_E_Measure
                0x0800bf7c      0x31c Src\GUI_Measure_Elements.o
                0x0800bf7c                GUI_Text_E_Measure
 .text.GUI_Text_L_Measure
                0x0800c298      0x2a0 Src\GUI_Measure_Elements.o
                0x0800c298                GUI_Text_L_Measure
 .text.GUI_Text_PPF_Measure
                0x0800c538      0x19c Src\GUI_Measure_Elements.o
                0x0800c538                GUI_Text_PPF_Measure
 .text.GUI_Text_PPFRGB_Measure
                0x0800c6d4      0x4d8 Src\GUI_Measure_Elements.o
                0x0800c6d4                GUI_Text_PPFRGB_Measure
 .text.GUI_Text_XYZ_Measure
                0x0800cbac      0x234 Src\GUI_Measure_Elements.o
                0x0800cbac                GUI_Text_XYZ_Measure
 .text.GUI_Text_xy_Measure
                0x0800cde0       0xe0 Src\GUI_Measure_Elements.o
                0x0800cde0                GUI_Text_xy_Measure
 .text.GUI_Text_uv_Measure
                0x0800cec0       0xf8 Src\GUI_Measure_Elements.o
                0x0800cec0                GUI_Text_uv_Measure
 .text.GUI_Text_CCT_Measure
                0x0800cfb8      0x168 Src\GUI_Measure_Elements.o
                0x0800cfb8                GUI_Text_CCT_Measure
 .text.GUI_Text_lambdaD_Measure
                0x0800d120      0x130 Src\GUI_Measure_Elements.o
                0x0800d120                GUI_Text_lambdaD_Measure
 .text.GUI_Text_lambdaC_Measure
                0x0800d250      0x130 Src\GUI_Measure_Elements.o
                0x0800d250                GUI_Text_lambdaC_Measure
 .text.GUI_Text_deltaE_Measure
                0x0800d380      0x130 Src\GUI_Measure_Elements.o
                0x0800d380                GUI_Text_deltaE_Measure
 .text.GUI_Text_EbEr_Measure
                0x0800d4b0      0x1b0 Src\GUI_Measure_Elements.o
                0x0800d4b0                GUI_Text_EbEr_Measure
 .text.GUI_Text_LbLr_Measure
                0x0800d660      0x1b4 Src\GUI_Measure_Elements.o
                0x0800d660                GUI_Text_LbLr_Measure
 .text.GUI_Text_S_P_Measure
                0x0800d814      0x100 Src\GUI_Measure_Elements.o
                0x0800d814                GUI_Text_S_P_Measure
 .text.GUI_Text_LAB_Measure
                0x0800d914      0x29c Src\GUI_Measure_Elements.o
                0x0800d914                GUI_Text_LAB_Measure
 .text.GUI_Battery_Level
                0x0800dbb0      0x1a4 Src\GUI_Measure_Elements.o
                0x0800dbb0                GUI_Battery_Level
 .text.GUI_Text_CIE_XYZ
                0x0800dd54       0x74 Src\GUI_Text_Elements_EN.o
                0x0800dd54                GUI_Text_CIE_XYZ
 .text.GUI_Text_CIE_xy_1931
                0x0800ddc8       0xc0 Src\GUI_Text_Elements_EN.o
                0x0800ddc8                GUI_Text_CIE_xy_1931
 .text.GUI_Text_CIE_xy_1964
                0x0800de88       0xc0 Src\GUI_Text_Elements_EN.o
                0x0800de88                GUI_Text_CIE_xy_1964
 .text.GUI_Text_CIE_Luv
                0x0800df48       0x9c Src\GUI_Text_Elements_EN.o
                0x0800df48                GUI_Text_CIE_Luv
 .text.GUI_Text_CIE_Lab
                0x0800dfe4       0x9c Src\GUI_Text_Elements_EN.o
                0x0800dfe4                GUI_Text_CIE_Lab
 .text.GUI_Text_Bluetooth
                0x0800e080       0xb4 Src\GUI_Text_Elements_EN.o
                0x0800e080                GUI_Text_Bluetooth
 .text.GUI_Text_A
                0x0800e134       0x2c Src\GUI_Text_Elements_EN.o
                0x0800e134                GUI_Text_A
 .text.GUI_Text_D65
                0x0800e160       0x48 Src\GUI_Text_Elements_EN.o
                0x0800e160                GUI_Text_D65
 .text.GUI_Text_C
                0x0800e1a8       0x2c Src\GUI_Text_Elements_EN.o
                0x0800e1a8                GUI_Text_C
 .text.GUI_Text_D50
                0x0800e1d4       0x48 Src\GUI_Text_Elements_EN.o
                0x0800e1d4                GUI_Text_D50
 .text.GUI_Text_D55
                0x0800e21c       0x48 Src\GUI_Text_Elements_EN.o
                0x0800e21c                GUI_Text_D55
 .text.GUI_Text_D75
                0x0800e264       0x48 Src\GUI_Text_Elements_EN.o
                0x0800e264                GUI_Text_D75
 .text.GUI_Text_CIE_xy
                0x0800e2ac       0x74 Src\GUI_Text_Elements_EN.o
                0x0800e2ac                GUI_Text_CIE_xy
 .text.GUI_Text_CRI
                0x0800e320       0x48 Src\GUI_Text_Elements_EN.o
                0x0800e320                GUI_Text_CRI
 .text.GUI_Text_CQS
                0x0800e368       0x48 Src\GUI_Text_Elements_EN.o
                0x0800e368                GUI_Text_CQS
 .text.GUI_Text_SP
                0x0800e3b0       0x48 Src\GUI_Text_Elements_EN.o
                0x0800e3b0                GUI_Text_SP
 .text.GUI_Text_lambda_d
                0x0800e3f8       0x48 Src\GUI_Text_Elements_EN.o
                0x0800e3f8                GUI_Text_lambda_d
 .text.GUI_Text_lambda_c
                0x0800e440       0x48 Src\GUI_Text_Elements_EN.o
                0x0800e440                GUI_Text_lambda_c
 .text.GUI_Text_V_lambda
                0x0800e488       0xac Src\GUI_Text_Elements_EN.o
                0x0800e488                GUI_Text_V_lambda
 .text.GUI_Text_deltaE
                0x0800e534       0x3c Src\GUI_Text_Elements_EN.o
                0x0800e534                GUI_Text_deltaE
 .text.GUI_TextEn_umol
                0x0800e570       0xcc Src\GUI_Text_Elements_EN.o
                0x0800e570                GUI_TextEn_umol
 .text.GUI_Text_On
                0x0800e63c       0x48 Src\GUI_Text_Elements_EN.o
                0x0800e63c                GUI_Text_On
 .text.GUI_Text_Off
                0x0800e684       0x58 Src\GUI_Text_Elements_EN.o
                0x0800e684                GUI_Text_Off
 .text.GUI_Text_EbEr
                0x0800e6dc       0x74 Src\GUI_Text_Elements_EN.o
                0x0800e6dc                GUI_Text_EbEr
 .text.GUI_Text_LbLr
                0x0800e750       0x74 Src\GUI_Text_Elements_EN.o
                0x0800e750                GUI_Text_LbLr
 .text.GUI_TextEn_Language
                0x0800e7c4       0x9c Src\GUI_Text_Elements_EN.o
                0x0800e7c4                GUI_TextEn_Language
 .text.GUI_TextEn_English
                0x0800e860       0x90 Src\GUI_Text_Elements_EN.o
                0x0800e860                GUI_TextEn_English
 .text.GUI_TextEn_Info
                0x0800e8f0       0x64 Src\GUI_Text_Elements_EN.o
                0x0800e8f0                GUI_TextEn_Info
 .text.GUI_TextEn_Radiance
                0x0800e954       0x9c Src\GUI_Text_Elements_EN.o
                0x0800e954                GUI_TextEn_Radiance
 .text.GUI_TextEn_Irradiance
                0x0800e9f0       0xb8 Src\GUI_Text_Elements_EN.o
                0x0800e9f0                GUI_TextEn_Irradiance
 .text.GUI_TextEn_Luminance
                0x0800eaa8       0xac Src\GUI_Text_Elements_EN.o
                0x0800eaa8                GUI_TextEn_Luminance
 .text.GUI_TextEn_Illuminance
                0x0800eb54       0xc8 Src\GUI_Text_Elements_EN.o
                0x0800eb54                GUI_TextEn_Illuminance
 .text.GUI_TextEn_Mode
                0x0800ec1c       0x64 Src\GUI_Text_Elements_EN.o
                0x0800ec1c                GUI_TextEn_Mode
 .text.GUI_TextEn_PPFD
                0x0800ec80       0x58 Src\GUI_Text_Elements_EN.o
                0x0800ec80                GUI_TextEn_PPFD
 .text.GUI_TextEn_PARwavebands
                0x0800ecd8       0xd4 Src\GUI_Text_Elements_EN.o
                0x0800ecd8                GUI_TextEn_PARwavebands
 .text.GUI_TextEn_B_G_R_FR
                0x0800edac       0x90 Src\GUI_Text_Elements_EN.o
                0x0800edac                GUI_TextEn_B_G_R_FR
 .text.GUI_TextEn_CCT
                0x0800ee3c       0x48 Src\GUI_Text_Elements_EN.o
                0x0800ee3c                GUI_TextEn_CCT
 .text.GUI_TextEn_W_m2
                0x0800ee84       0x74 Src\GUI_Text_Elements_EN.o
                0x0800ee84                GUI_TextEn_W_m2
 .text.GUI_TextEn_W_m2_sr
                0x0800eef8       0xb0 Src\GUI_Text_Elements_EN.o
                0x0800eef8                GUI_TextEn_W_m2_sr
 .text.GUI_TextEn_cd_m2
                0x0800efa8       0xe0 Src\GUI_Text_Elements_EN.o
                0x0800efa8                GUI_TextEn_cd_m2
 .text.GUI_TextEn_Green
                0x0800f088       0x64 Src\GUI_Text_Elements_EN.o
                0x0800f088                GUI_TextEn_Green
 .text.GUI_TextEn_Blue
                0x0800f0ec       0x58 Src\GUI_Text_Elements_EN.o
                0x0800f0ec                GUI_TextEn_Blue
 .text.GUI_TextEn_Red
                0x0800f144       0x48 Src\GUI_Text_Elements_EN.o
                0x0800f144                GUI_TextEn_Red
 .text.GUI_TextEn_Info_Callibration
                0x0800f18c      0x104 Src\GUI_Text_Elements_EN.o
                0x0800f18c                GUI_TextEn_Info_Callibration
 .text.GUI_TextEn_Info_Serial
                0x0800f290       0xec Src\GUI_Text_Elements_EN.o
                0x0800f290                GUI_TextEn_Info_Serial
 .text.GUI_TextEn_Info_Ver
                0x0800f37c       0xe8 Src\GUI_Text_Elements_EN.o
                0x0800f37c                GUI_TextEn_Info_Ver
 .text.GUI_TitleString_Name
                0x0800f464       0xe8 Src\GUI_Text_Elements_RU.o
                0x0800f464                GUI_TitleString_Name
 .text.GUI_TitleString_Version
                0x0800f54c       0x70 Src\GUI_Text_Elements_RU.o
                0x0800f54c                GUI_TitleString_Version
 .text.GUI_TextRu_Language
                0x0800f5bc       0x64 Src\GUI_Text_Elements_RU.o
                0x0800f5bc                GUI_TextRu_Language
 .text.GUI_TextRu_Russian
                0x0800f620       0x90 Src\GUI_Text_Elements_RU.o
                0x0800f620                GUI_TextRu_Russian
 .text.GUI_TextRu_Info
                0x0800f6b0      0x144 Src\GUI_Text_Elements_RU.o
                0x0800f6b0                GUI_TextRu_Info
 .text.GUI_TextRu_Mode
                0x0800f7f4       0x74 Src\GUI_Text_Elements_RU.o
                0x0800f7f4                GUI_TextRu_Mode
 .text.GUI_TextRu_Illuminance
                0x0800f868       0xd4 Src\GUI_Text_Elements_RU.o
                0x0800f868                GUI_TextRu_Illuminance
 .text.GUI_TextRu_PPF
                0x0800f93c       0x48 Src\GUI_Text_Elements_RU.o
                0x0800f93c                GUI_TextRu_PPF
 .text.GUI_TextRu_PPF_RGB
                0x0800f984      0x11c Src\GUI_Text_Elements_RU.o
                0x0800f984                GUI_TextRu_PPF_RGB
 .text.GUI_TextRu_PPF_bands
                0x0800faa0       0xd4 Src\GUI_Text_Elements_RU.o
                0x0800faa0                GUI_TextRu_PPF_bands
 .text.GUI_TextRu_Info_Callibration
                0x0800fb74       0xfc Src\GUI_Text_Elements_RU.o
                0x0800fb74                GUI_TextRu_Info_Callibration
 .text.GUI_TextRu_WriteSD
                0x0800fc70       0x80 Src\GUI_Text_Elements_RU.o
                0x0800fc70                GUI_TextRu_WriteSD
 .text.GUI_TextRu_Info_Serial
                0x0800fcf0       0xf4 Src\GUI_Text_Elements_RU.o
                0x0800fcf0                GUI_TextRu_Info_Serial
 .text.GUI_TextRu_Info_Ver
                0x0800fde4       0x98 Src\GUI_Text_Elements_RU.o
                0x0800fde4                GUI_TextRu_Info_Ver
 .text.GUI_TextRu_CCT
                0x0800fe7c       0x98 Src\GUI_Text_Elements_RU.o
                0x0800fe7c                GUI_TextRu_CCT
 .text.GUI_TextRu_umol
                0x0800ff14       0xdc Src\GUI_Text_Elements_RU.o
                0x0800ff14                GUI_TextRu_umol
 .text.GUI_TextRu_W_m2
                0x0800fff0       0x84 Src\GUI_Text_Elements_RU.o
                0x0800fff0                GUI_TextRu_W_m2
 .text.GUI_TextRu_W_m2_sr
                0x08010074       0xc4 Src\GUI_Text_Elements_RU.o
                0x08010074                GUI_TextRu_W_m2_sr
 .text.GUI_TextRu_Cd_m2
                0x08010138       0xdc Src\GUI_Text_Elements_RU.o
                0x08010138                GUI_TextRu_Cd_m2
 .text.GUI_TextRu_Irradiance
                0x08010214       0xd4 Src\GUI_Text_Elements_RU.o
                0x08010214                GUI_TextRu_Irradiance
 .text.GUI_TextRu_Luminance
                0x080102e8       0x90 Src\GUI_Text_Elements_RU.o
                0x080102e8                GUI_TextRu_Luminance
 .text.GUI_TextRu_Radiance
                0x08010378       0xe8 Src\GUI_Text_Elements_RU.o
                0x08010378                GUI_TextRu_Radiance
 .text.Rabs_calc_Factor2_Settings_change
                0x08010460        0x6 Src\Rabs_math.o
                0x08010460                Rabs_calc_Factor2_Settings_change
 *fill*         0x08010466        0x2 
 .text.TS_IO_Read
                0x08010468       0x30 Src\Touchscreen.o
                0x08010468                TS_IO_Read
 .text.TS_ReadID
                0x08010498       0x32 Src\Touchscreen.o
                0x08010498                TS_ReadID
 .text.Touch_Ini
                0x080104ca       0x12 Src\Touchscreen.o
                0x080104ca                Touch_Ini
 .text.TS_Get_XY1
                0x080104dc       0x60 Src\Touchscreen.o
                0x080104dc                TS_Get_XY1
 .text.TFT_FillScreen_DMA
                0x0801053c       0x4c Src\ltdc.o
                0x0801053c                TFT_FillScreen_DMA
 .text.TFT_DrawPixel
                0x08010588       0x64 Src\ltdc.o
                0x08010588                TFT_DrawPixel
 .text.TFT_DrawCircleCorner
                0x080105ec      0x154 Src\ltdc.o
                0x080105ec                TFT_DrawCircleCorner
 .text.TFT_DrawCircle
                0x08010740      0x140 Src\ltdc.o
                0x08010740                TFT_DrawCircle
 .text.TFT_DrawLine
                0x08010880       0xba Src\ltdc.o
                0x08010880                TFT_DrawLine
 .text.TFT_FillRectangle
                0x0801093a       0x30 Src\ltdc.o
                0x0801093a                TFT_FillRectangle
 .text.TFT_DrawRectangle
                0x0801096a       0x48 Src\ltdc.o
                0x0801096a                TFT_DrawRectangle
 .text.TFT_DrawFilledCircle
                0x080109b2      0x122 Src\ltdc.o
                0x080109b2                TFT_DrawFilledCircle
 .text.TFT_DrawFilledCircleCorner
                0x08010ad4      0x170 Src\ltdc.o
                0x08010ad4                TFT_DrawFilledCircleCorner
 .text.TFT_DrawFilledRoundedRectangle
                0x08010c44       0xfa Src\ltdc.o
                0x08010c44                TFT_DrawFilledRoundedRectangle
 *fill*         0x08010d3e        0x2 
 .text.TFT_SetFont
                0x08010d40        0xc Src\ltdc.o
                0x08010d40                TFT_SetFont
 .text.TFT_SetTextColor
                0x08010d4c        0xc Src\ltdc.o
                0x08010d4c                TFT_SetTextColor
 .text.TFT_SetBackColor
                0x08010d58        0xc Src\ltdc.o
                0x08010d58                TFT_SetBackColor
 .text.TFT_DrawCharRus
                0x08010d64       0xc8 Src\ltdc.o
                0x08010d64                TFT_DrawCharRus
 .text.TFT_DrawChar
                0x08010e2c       0xb0 Src\ltdc.o
                0x08010e2c                TFT_DrawChar
 .text.TFT_DisplayString
                0x08010edc       0x90 Src\ltdc.o
                0x08010edc                TFT_DisplayString
 *fill*         0x08010f6c        0x4 
 .text.Get_Battery_Level
                0x08010f70       0x60 Src\main.o
                0x08010f70                Get_Battery_Level
 .text.SystemClock_Config
                0x08010fd0       0xd8 Src\main.o
                0x08010fd0                SystemClock_Config
 .text.startup.main
                0x080110a8      0x6ac Src\main.o
                0x080110a8                main
 .text.TIM4_IRQHandler
                0x08011754       0x24 Src\main.o
                0x08011754                TIM4_IRQHandler
 .text.TIM6_DAC_IRQHandler
                0x08011778       0x24 Src\main.o
                0x08011778                TIM6_DAC_IRQHandler
 .text.TIM2_IRQHandler
                0x0801179c       0x44 Src\main.o
                0x0801179c                TIM2_IRQHandler
 .text.EXTI3_IRQHandler
                0x080117e0      0x174 Src\main.o
                0x080117e0                EXTI3_IRQHandler
 .text._Error_Handler
                0x08011954        0x2 Src\main.o
                0x08011954                _Error_Handler
 *fill*         0x08011956        0x2 
 .text.HAL_MspInit
                0x08011958       0x8c Src\stm32l4xx_hal_msp.o
                0x08011958                HAL_MspInit
 .text.HAL_LTDC_MspInit
                0x080119e4       0xe0 Src\stm32l4xx_hal_msp.o
                0x080119e4                HAL_LTDC_MspInit
 .text.HAL_SPI_MspInit
                0x08011ac4       0x58 Src\stm32l4xx_hal_msp.o
                0x08011ac4                HAL_SPI_MspInit
 .text.HAL_UART_MspInit
                0x08011b1c       0x58 Src\stm32l4xx_hal_msp.o
                0x08011b1c                HAL_UART_MspInit
 .text.HAL_UART_MspDeInit
                0x08011b74       0x34 Src\stm32l4xx_hal_msp.o
                0x08011b74                HAL_UART_MspDeInit
 .text.HAL_ADC_MspInit
                0x08011ba8       0x48 Src\stm32l4xx_hal_msp.o
                0x08011ba8                HAL_ADC_MspInit
 .text.HAL_TIM_Base_MspInit
                0x08011bf0       0xc4 Src\stm32l4xx_hal_msp.o
                0x08011bf0                HAL_TIM_Base_MspInit
 .text.HAL_TIM_OC_MspInit
                0x08011cb4       0x3c Src\stm32l4xx_hal_msp.o
                0x08011cb4                HAL_TIM_OC_MspInit
 .text.HAL_TIM_MspPostInit
                0x08011cf0       0x30 Src\stm32l4xx_hal_msp.o
                0x08011cf0                HAL_TIM_MspPostInit
 .text.HAL_DMA2D_MspInit
                0x08011d20       0x3c Src\stm32l4xx_hal_msp.o
                0x08011d20                HAL_DMA2D_MspInit
 .text.HAL_I2C_MspInit
                0x08011d5c       0x70 Src\stm32l4xx_hal_msp.o
                0x08011d5c                HAL_I2C_MspInit
 .text.NMI_Handler
                0x08011dcc        0x2 Src\stm32l4xx_it.o
                0x08011dcc                NMI_Handler
 .text.HardFault_Handler
                0x08011dce        0x2 Src\stm32l4xx_it.o
                0x08011dce                HardFault_Handler
 .text.MemManage_Handler
                0x08011dd0        0x2 Src\stm32l4xx_it.o
                0x08011dd0                MemManage_Handler
 .text.BusFault_Handler
                0x08011dd2        0x2 Src\stm32l4xx_it.o
                0x08011dd2                BusFault_Handler
 .text.UsageFault_Handler
                0x08011dd4        0x2 Src\stm32l4xx_it.o
                0x08011dd4                UsageFault_Handler
 .text.SVC_Handler
                0x08011dd6        0x2 Src\stm32l4xx_it.o
                0x08011dd6                SVC_Handler
 .text.DebugMon_Handler
                0x08011dd8        0x2 Src\stm32l4xx_it.o
                0x08011dd8                DebugMon_Handler
 .text.PendSV_Handler
                0x08011dda        0x2 Src\stm32l4xx_it.o
                0x08011dda                PendSV_Handler
 .text.SysTick_Handler
                0x08011ddc        0x4 Src\stm32l4xx_it.o
                0x08011ddc                SysTick_Handler
 .text.OTG_FS_IRQHandler
                0x08011de0        0xc Src\stm32l4xx_it.o
                0x08011de0                OTG_FS_IRQHandler
 .text._sbrk    0x08011dec       0x34 Src\syscalls.o
                0x08011dec                _sbrk
 .text.SystemInit
                0x08011e20       0x48 Src\system_stm32l4xx.o
                0x08011e20                SystemInit
 .text.MX_USB_DEVICE_Init
                0x08011e68       0x40 Src\usb_device.o
                0x08011e68                MX_USB_DEVICE_Init
 .text.HAL_PCD_MspInit
                0x08011ea8       0x84 Src\usbd_conf.o
                0x08011ea8                HAL_PCD_MspInit
 .text.HAL_PCD_SetupStageCallback
                0x08011f2c        0xc Src\usbd_conf.o
                0x08011f2c                HAL_PCD_SetupStageCallback
 .text.HAL_PCD_DataOutStageCallback
                0x08011f38       0x12 Src\usbd_conf.o
                0x08011f38                HAL_PCD_DataOutStageCallback
 .text.HAL_PCD_DataInStageCallback
                0x08011f4a       0x10 Src\usbd_conf.o
                0x08011f4a                HAL_PCD_DataInStageCallback
 .text.HAL_PCD_SOFCallback
                0x08011f5a        0x8 Src\usbd_conf.o
                0x08011f5a                HAL_PCD_SOFCallback
 .text.HAL_PCD_ResetCallback
                0x08011f62       0x1a Src\usbd_conf.o
                0x08011f62                HAL_PCD_ResetCallback
 .text.HAL_PCD_SuspendCallback
                0x08011f7c       0x30 Src\usbd_conf.o
                0x08011f7c                HAL_PCD_SuspendCallback
 .text.HAL_PCD_ResumeCallback
                0x08011fac       0x34 Src\usbd_conf.o
                0x08011fac                HAL_PCD_ResumeCallback
 .text.HAL_PCD_ISOOUTIncompleteCallback
                0x08011fe0        0x8 Src\usbd_conf.o
                0x08011fe0                HAL_PCD_ISOOUTIncompleteCallback
 .text.HAL_PCD_ISOINIncompleteCallback
                0x08011fe8        0x8 Src\usbd_conf.o
                0x08011fe8                HAL_PCD_ISOINIncompleteCallback
 .text.HAL_PCD_ConnectCallback
                0x08011ff0        0x8 Src\usbd_conf.o
                0x08011ff0                HAL_PCD_ConnectCallback
 .text.HAL_PCD_DisconnectCallback
                0x08011ff8        0x8 Src\usbd_conf.o
                0x08011ff8                HAL_PCD_DisconnectCallback
 .text.USBD_LL_Init
                0x08012000       0x68 Src\usbd_conf.o
                0x08012000                USBD_LL_Init
 .text.USBD_LL_Start
                0x08012068       0x1c Src\usbd_conf.o
                0x08012068                USBD_LL_Start
 .text.USBD_LL_OpenEP
                0x08012084       0x20 Src\usbd_conf.o
                0x08012084                USBD_LL_OpenEP
 .text.USBD_LL_CloseEP
                0x080120a4       0x1c Src\usbd_conf.o
                0x080120a4                USBD_LL_CloseEP
 .text.USBD_LL_StallEP
                0x080120c0       0x1c Src\usbd_conf.o
                0x080120c0                USBD_LL_StallEP
 .text.USBD_LL_ClearStallEP
                0x080120dc       0x1c Src\usbd_conf.o
                0x080120dc                USBD_LL_ClearStallEP
 .text.USBD_LL_IsStallEP
                0x080120f8       0x26 Src\usbd_conf.o
                0x080120f8                USBD_LL_IsStallEP
 *fill*         0x0801211e        0x2 
 .text.USBD_LL_SetUSBAddress
                0x08012120       0x1c Src\usbd_conf.o
                0x08012120                USBD_LL_SetUSBAddress
 .text.USBD_LL_Transmit
                0x0801213c       0x1c Src\usbd_conf.o
                0x0801213c                USBD_LL_Transmit
 .text.USBD_LL_PrepareReceive
                0x08012158       0x1c Src\usbd_conf.o
                0x08012158                USBD_LL_PrepareReceive
 .text.HAL_PCDEx_LPM_Callback
                0x08012174       0x64 Src\usbd_conf.o
                0x08012174                HAL_PCDEx_LPM_Callback
 .text.USBD_static_malloc
                0x080121d8        0x8 Src\usbd_conf.o
                0x080121d8                USBD_static_malloc
 .text.USBD_static_free
                0x080121e0        0x2 Src\usbd_conf.o
                0x080121e0                USBD_static_free
 .text.USBD_LL_BatteryCharging
                0x080121e2       0x10 Src\usbd_conf.o
                0x080121e2                USBD_LL_BatteryCharging
 .text.CUSTOM_HID_DeInit_FS
                0x080121f2        0x4 Src\usbd_custom_hid_if.o
 *fill*         0x080121f6        0x2 
 .text.CUSTOM_HID_OutEvent_FS
                0x080121f8       0x20 Src\usbd_custom_hid_if.o
 .text.CUSTOM_HID_Init_FS
                0x08012218        0x4 Src\usbd_custom_hid_if.o
 .text.USBD_FS_DeviceDescriptor
                0x0801221c        0xc Src\usbd_desc.o
                0x0801221c                USBD_FS_DeviceDescriptor
 .text.USBD_FS_LangIDStrDescriptor
                0x08012228        0xc Src\usbd_desc.o
                0x08012228                USBD_FS_LangIDStrDescriptor
 .text.USBD_FS_USR_BOSDescriptor
                0x08012234        0xc Src\usbd_desc.o
                0x08012234                USBD_FS_USR_BOSDescriptor
 .text.USBD_FS_ManufacturerStrDescriptor
                0x08012240       0x1c Src\usbd_desc.o
                0x08012240                USBD_FS_ManufacturerStrDescriptor
 .text.USBD_FS_ProductStrDescriptor
                0x0801225c       0x1c Src\usbd_desc.o
                0x0801225c                USBD_FS_ProductStrDescriptor
 .text.USBD_FS_SerialStrDescriptor
                0x08012278       0x1c Src\usbd_desc.o
                0x08012278                USBD_FS_SerialStrDescriptor
 .text.USBD_FS_ConfigStrDescriptor
                0x08012294       0x1c Src\usbd_desc.o
                0x08012294                USBD_FS_ConfigStrDescriptor
 .text.USBD_FS_InterfaceStrDescriptor
                0x080122b0       0x1c Src\usbd_desc.o
                0x080122b0                USBD_FS_InterfaceStrDescriptor
 .text.Reset_Handler
                0x080122cc       0x50 startup\startup_stm32l4r9xx.o
                0x080122cc                Reset_Handler
 .text.Default_Handler
                0x0801231c        0x2 startup\startup_stm32l4r9xx.o
                0x0801231c                RTC_Alarm_IRQHandler
                0x0801231c                EXTI2_IRQHandler
                0x0801231c                TIM8_TRG_COM_IRQHandler
                0x0801231c                TIM8_CC_IRQHandler
                0x0801231c                TIM1_CC_IRQHandler
                0x0801231c                TSC_IRQHandler
                0x0801231c                TAMP_STAMP_IRQHandler
                0x0801231c                LPTIM2_IRQHandler
                0x0801231c                DFSDM1_FLT1_IRQHandler
                0x0801231c                GFXMMU_IRQHandler
                0x0801231c                I2C3_ER_IRQHandler
                0x0801231c                DFSDM1_FLT2_IRQHandler
                0x0801231c                EXTI0_IRQHandler
                0x0801231c                I2C2_EV_IRQHandler
                0x0801231c                CAN1_RX0_IRQHandler
                0x0801231c                FPU_IRQHandler
                0x0801231c                TIM1_UP_TIM16_IRQHandler
                0x0801231c                LTDC_ER_IRQHandler
                0x0801231c                SPI1_IRQHandler
                0x0801231c                OCTOSPI1_IRQHandler
                0x0801231c                DCMI_IRQHandler
                0x0801231c                TIM8_UP_IRQHandler
                0x0801231c                OCTOSPI2_IRQHandler
                0x0801231c                DMA2_Channel2_IRQHandler
                0x0801231c                DMA1_Channel4_IRQHandler
                0x0801231c                SAI2_IRQHandler
                0x0801231c                ADC1_IRQHandler
                0x0801231c                DFSDM1_FLT3_IRQHandler
                0x0801231c                USART3_IRQHandler
                0x0801231c                DMA1_Channel7_IRQHandler
                0x0801231c                CAN1_RX1_IRQHandler
                0x0801231c                UART5_IRQHandler
                0x0801231c                DMA2_Channel1_IRQHandler
                0x0801231c                I2C1_EV_IRQHandler
                0x0801231c                DMAMUX1_OVR_IRQHandler
                0x0801231c                DMA1_Channel6_IRQHandler
                0x0801231c                UART4_IRQHandler
                0x0801231c                DMA2_Channel4_IRQHandler
                0x0801231c                TIM3_IRQHandler
                0x0801231c                RCC_IRQHandler
                0x0801231c                DMA1_Channel1_IRQHandler
                0x0801231c                Default_Handler
                0x0801231c                DMA2_Channel7_IRQHandler
                0x0801231c                EXTI15_10_IRQHandler
                0x0801231c                TIM7_IRQHandler
                0x0801231c                SDMMC1_IRQHandler
                0x0801231c                TIM5_IRQHandler
                0x0801231c                I2C3_EV_IRQHandler
                0x0801231c                EXTI9_5_IRQHandler
                0x0801231c                RTC_WKUP_IRQHandler
                0x0801231c                LTDC_IRQHandler
                0x0801231c                PVD_PVM_IRQHandler
                0x0801231c                SPI2_IRQHandler
                0x0801231c                CAN1_TX_IRQHandler
                0x0801231c                DMA2_Channel5_IRQHandler
                0x0801231c                CRS_IRQHandler
                0x0801231c                DMA1_Channel5_IRQHandler
                0x0801231c                EXTI4_IRQHandler
                0x0801231c                RNG_IRQHandler
                0x0801231c                TIM1_TRG_COM_TIM17_IRQHandler
                0x0801231c                DMA1_Channel3_IRQHandler
                0x0801231c                COMP_IRQHandler
                0x0801231c                DSI_IRQHandler
                0x0801231c                WWDG_IRQHandler
                0x0801231c                I2C4_EV_IRQHandler
                0x0801231c                LPUART1_IRQHandler
                0x0801231c                DMA2_Channel6_IRQHandler
                0x0801231c                DMA2D_IRQHandler
                0x0801231c                EXTI1_IRQHandler
                0x0801231c                USART2_IRQHandler
                0x0801231c                DFSDM1_FLT0_IRQHandler
                0x0801231c                I2C2_ER_IRQHandler
                0x0801231c                DMA1_Channel2_IRQHandler
                0x0801231c                TIM8_BRK_IRQHandler
                0x0801231c                CAN1_SCE_IRQHandler
                0x0801231c                FLASH_IRQHandler
                0x0801231c                USART1_IRQHandler
                0x0801231c                SPI3_IRQHandler
                0x0801231c                I2C1_ER_IRQHandler
                0x0801231c                FMC_IRQHandler
                0x0801231c                LPTIM1_IRQHandler
                0x0801231c                I2C4_ER_IRQHandler
                0x0801231c                SAI1_IRQHandler
                0x0801231c                DMA2_Channel3_IRQHandler
                0x0801231c                TIM1_BRK_TIM15_IRQHandler
 *fill*         0x0801231e        0x2 
 .text.__errno  0x08012320        0xc c:/program files (x86)/atollic/truestudio for stm32 9.3.0/armtools/bin/../lib/gcc/arm-atollic-eabi/6.3.1/../../../../arm-atollic-eabi/lib/armv7e-m/fpu\libc_nano.a(lib_a-errno.o)
                0x08012320                __errno
 .text.__libc_init_array
                0x0801232c       0x48 c:/program files (x86)/atollic/truestudio for stm32 9.3.0/armtools/bin/../lib/gcc/arm-atollic-eabi/6.3.1/../../../../arm-atollic-eabi/lib/armv7e-m/fpu\libc_nano.a(lib_a-init.o)
                0x0801232c                __libc_init_array
 .text.memcpy   0x08012374       0x16 c:/program files (x86)/atollic/truestudio for stm32 9.3.0/armtools/bin/../lib/gcc/arm-atollic-eabi/6.3.1/../../../../arm-atollic-eabi/lib/armv7e-m/fpu\libc_nano.a(lib_a-memcpy-stub.o)
                0x08012374                memcpy
 *fill*         0x0801238a        0x2 
 .text.sprintf  0x0801238c       0x48 c:/program files (x86)/atollic/truestudio for stm32 9.3.0/armtools/bin/../lib/gcc/arm-atollic-eabi/6.3.1/../../../../arm-atollic-eabi/lib/armv7e-m/fpu\libc_nano.a(lib_a-sprintf.o)
                0x0801238c                siprintf
                0x0801238c                sprintf
 .text.__ssputs_r
                0x080123d4       0xb6 c:/program files (x86)/atollic/truestudio for stm32 9.3.0/armtools/bin/../lib/gcc/arm-atollic-eabi/6.3.1/../../../../arm-atollic-eabi/lib/armv7e-m/fpu\libc_nano.a(lib_a-nano-svfprintf.o)
                0x080123d4                __ssputs_r
 *fill*         0x0801248a        0x2 
 .text._svfprintf_r
                0x0801248c      0x1e8 c:/program files (x86)/atollic/truestudio for stm32 9.3.0/armtools/bin/../lib/gcc/arm-atollic-eabi/6.3.1/../../../../arm-atollic-eabi/lib/armv7e-m/fpu\libc_nano.a(lib_a-nano-svfprintf.o)
                0x0801248c                _svfiprintf_r
                0x0801248c                _svfprintf_r
 .text._printf_common
                0x08012674       0xec c:/program files (x86)/atollic/truestudio for stm32 9.3.0/armtools/bin/../lib/gcc/arm-atollic-eabi/6.3.1/../../../../arm-atollic-eabi/lib/armv7e-m/fpu\libc_nano.a(lib_a-nano-vfprintf_i.o)
                0x08012674                _printf_common
 .text._printf_i
                0x08012760      0x240 c:/program files (x86)/atollic/truestudio for stm32 9.3.0/armtools/bin/../lib/gcc/arm-atollic-eabi/6.3.1/../../../../arm-atollic-eabi/lib/armv7e-m/fpu\libc_nano.a(lib_a-nano-vfprintf_i.o)
                0x08012760                _printf_i
 .text.memmove  0x080129a0       0x34 c:/program files (x86)/atollic/truestudio for stm32 9.3.0/armtools/bin/../lib/gcc/arm-atollic-eabi/6.3.1/../../../../arm-atollic-eabi/lib/armv7e-m/fpu\libc_nano.a(lib_a-memmove.o)
                0x080129a0                memmove
 .text._free_r  0x080129d4       0x9c c:/program files (x86)/atollic/truestudio for stm32 9.3.0/armtools/bin/../lib/gcc/arm-atollic-eabi/6.3.1/../../../../arm-atollic-eabi/lib/armv7e-m/fpu\libc_nano.a(lib_a-nano-freer.o)
                0x080129d4                _free_r
 .text._malloc_r
                0x08012a70       0xbc c:/program files (x86)/atollic/truestudio for stm32 9.3.0/armtools/bin/../lib/gcc/arm-atollic-eabi/6.3.1/../../../../arm-atollic-eabi/lib/armv7e-m/fpu\libc_nano.a(lib_a-nano-mallocr.o)
                0x08012a70                _malloc_r
 .text._realloc_r
                0x08012b2c       0x4c c:/program files (x86)/atollic/truestudio for stm32 9.3.0/armtools/bin/../lib/gcc/arm-atollic-eabi/6.3.1/../../../../arm-atollic-eabi/lib/armv7e-m/fpu\libc_nano.a(lib_a-nano-reallocr.o)
                0x08012b2c                _realloc_r
 .text._sbrk_r  0x08012b78       0x20 c:/program files (x86)/atollic/truestudio for stm32 9.3.0/armtools/bin/../lib/gcc/arm-atollic-eabi/6.3.1/../../../../arm-atollic-eabi/lib/armv7e-m/fpu\libc_nano.a(lib_a-sbrkr.o)
                0x08012b78                _sbrk_r
 .text.__malloc_lock
                0x08012b98        0x2 c:/program files (x86)/atollic/truestudio for stm32 9.3.0/armtools/bin/../lib/gcc/arm-atollic-eabi/6.3.1/../../../../arm-atollic-eabi/lib/armv7e-m/fpu\libc_nano.a(lib_a-mlock.o)
                0x08012b98                __malloc_lock
 .text.__malloc_unlock
                0x08012b9a        0x2 c:/program files (x86)/atollic/truestudio for stm32 9.3.0/armtools/bin/../lib/gcc/arm-atollic-eabi/6.3.1/../../../../arm-atollic-eabi/lib/armv7e-m/fpu\libc_nano.a(lib_a-mlock.o)
                0x08012b9a                __malloc_unlock
 .text._malloc_usable_size_r
                0x08012b9c       0x12 c:/program files (x86)/atollic/truestudio for stm32 9.3.0/armtools/bin/../lib/gcc/arm-atollic-eabi/6.3.1/../../../../arm-atollic-eabi/lib/armv7e-m/fpu\libc_nano.a(lib_a-nano-msizer.o)
                0x08012b9c                _malloc_usable_size_r
 *(.glue_7)
 .glue_7        0x08012bae        0x0 linker stubs
 *(.glue_7t)
 .glue_7t       0x08012bae        0x0 linker stubs
 *(.eh_frame)
 *fill*         0x08012bae        0x2 
 .eh_frame      0x08012bb0        0x0 c:/program files (x86)/atollic/truestudio for stm32 9.3.0/armtools/bin/../lib/gcc/arm-atollic-eabi/6.3.1/armv7e-m/fpu/crtbegin.o
 *(.init)
 .init          0x08012bb0        0x4 c:/program files (x86)/atollic/truestudio for stm32 9.3.0/armtools/bin/../lib/gcc/arm-atollic-eabi/6.3.1/armv7e-m/fpu/crti.o
                0x08012bb0                _init
 .init          0x08012bb4        0x8 c:/program files (x86)/atollic/truestudio for stm32 9.3.0/armtools/bin/../lib/gcc/arm-atollic-eabi/6.3.1/armv7e-m/fpu/crtn.o
 *(.fini)
 .fini          0x08012bbc        0x4 c:/program files (x86)/atollic/truestudio for stm32 9.3.0/armtools/bin/../lib/gcc/arm-atollic-eabi/6.3.1/armv7e-m/fpu/crti.o
                0x08012bbc                _fini
 .fini          0x08012bc0        0x8 c:/program files (x86)/atollic/truestudio for stm32 9.3.0/armtools/bin/../lib/gcc/arm-atollic-eabi/6.3.1/armv7e-m/fpu/crtn.o
                0x08012bc8                . = ALIGN (0x4)
                0x08012bc8                _etext = .

.vfp11_veneer   0x08012bc8        0x0
 .vfp11_veneer  0x08012bc8        0x0 linker stubs

.v4_bx          0x08012bc8        0x0
 .v4_bx         0x08012bc8        0x0 linker stubs

.iplt           0x08012bc8        0x0
 .iplt          0x08012bc8        0x0 c:/program files (x86)/atollic/truestudio for stm32 9.3.0/armtools/bin/../lib/gcc/arm-atollic-eabi/6.3.1/armv7e-m/fpu/crtbegin.o

.rodata         0x08012bc8     0xcab0
                0x08012bc8                . = ALIGN (0x4)
 *(.rodata)
 *(.rodata*)
 .rodata.CSWTCH.60
                0x08012bc8        0x4 Drivers\STM32L4xx_HAL_Driver\Src\stm32l4xx_hal_uart.o
 .rodata.CSWTCH.61
                0x08012bcc        0xd Drivers\STM32L4xx_HAL_Driver\Src\stm32l4xx_hal_uart.o
 *fill*         0x08012bd9        0x1 
 .rodata.UARTPrescTable
                0x08012bda       0x18 Drivers\STM32L4xx_HAL_Driver\Src\stm32l4xx_hal_uart.o
 .rodata.Font12EN_arch_small_Table
                0x08012bf2       0xfc Src\Fonts\font12EN_arch_small.o
                0x08012bf2                Font12EN_arch_small_Table
 .rodata.Font12RU_arch_big_Table
                0x08012cee      0x280 Src\Fonts\font12RU_arch_big .o
                0x08012cee                Font12RU_arch_big_Table
 .rodata.Font12RU_arch_small_Table
                0x08012f6e      0x28a Src\Fonts\font12RU_arch_small.o
                0x08012f6e                Font12RU_arch_small_Table
 .rodata.Font16_Table
                0x080131f8     0x1644 Src\Fonts\font16.o
                0x080131f8                Font16_Table
 .rodata.Font16EN_arch_big_Table
                0x0801483c     0x16bc Src\Fonts\font16EN_arch_big.o
                0x0801483c                Font16EN_arch_big_Table
 .rodata.Font16EN_arch_big_A_Table
                0x08015ef8     0x16bc Src\Fonts\font16EN_arch_big_A.o
                0x08015ef8                Font16EN_arch_big_A_Table
 .rodata.Font16EN_arch_small_Table
                0x080175b4      0xd5c Src\Fonts\font16EN_arch_small.o
                0x080175b4                Font16EN_arch_small_Table
 .rodata.Font16EN_arch_small_A_Table
                0x08018310      0xd5c Src\Fonts\font16EN_arch_small_A.o
                0x08018310                Font16EN_arch_small_A_Table
 .rodata.Font16RU_arch_big_Table
                0x0801906c      0xf3c Src\Fonts\font16RU_arch_big.o
                0x0801906c                Font16RU_arch_big_Table
 .rodata.Font16RU_arch_small_Table
                0x08019fa8      0x8a2 Src\Fonts\font16RU_arch_small.o
                0x08019fa8                Font16RU_arch_small_Table
 .rodata.Font20_Table
                0x0801a84a      0xed8 Src\Fonts\font20.o
                0x0801a84a                Font20_Table
 .rodata.Font26EN_arch_big_Table
                0x0801b722      0x672 Src\Fonts\font26EN_arch_big .o
                0x0801b722                Font26EN_arch_big_Table
 .rodata.Font26EN_arch_big_digit
                0x0801bd94      0x6b4 Src\Fonts\font26EN_arch_digit.o
                0x0801bd94                Font26EN_arch_big_digit
 .rodata.Font26EN_arch_small_Table
                0x0801c448      0x747 Src\Fonts\font26EN_arch_small.o
                0x0801c448                Font26EN_arch_small_Table
 .rodata.Font26RU_arch_big_Table
                0x0801cb8f      0x960 Src\Fonts\font26RU_arch_big.o
                0x0801cb8f                Font26RU_arch_big_Table
 .rodata.Font26RU_arch_small_Table
                0x0801d4ef     0x1185 Src\Fonts\font26RU_arch_small.o
                0x0801d4ef                Font26RU_arch_small_Table
 .rodata.Font6EN_arch_big_Table
                0x0801e674      0x2f8 Src\Fonts\font6EN_arch_big.o
                0x0801e674                Font6EN_arch_big_Table
 .rodata.Font8_Table
                0x0801e96c      0x2f8 Src\Fonts\font8.o
                0x0801e96c                Font8_Table
 .rodata.Font9EN_arch_big_Table
                0x0801ec64      0x8e8 Src\Fonts\font9EN_arch_big.o
                0x0801ec64                Font9EN_arch_big_Table
 .rodata.GUI_Battery_Level.str1.1
                0x0801f54c        0x7 Src\GUI_Measure_Elements.o
 .rodata.GUI_Text_E_Measure.str1.1
                0x0801f553        0xa Src\GUI_Measure_Elements.o
 .rodata.GUI_Text_XYZ_Measure.str1.1
                0x0801f55d        0x3 Src\GUI_Measure_Elements.o
 .rodata.GUI_Text_xy_Measure.str1.1
                0x0801f560        0x5 Src\GUI_Measure_Elements.o
 .rodata.GUI_TextEn_Info_Callibration.str1.1
                0x0801f565        0x9 Src\GUI_Text_Elements_EN.o
 .rodata.GUI_TextEn_Info_Serial.str1.1
                0x0801f56e        0x8 Src\GUI_Text_Elements_EN.o
 .rodata.GUI_TextEn_Info_Ver.str1.1
                0x0801f576        0x5 Src\GUI_Text_Elements_EN.o
 .rodata.GUI_TextRu_Info_Callibration.str1.1
                0x0801f576        0x9 Src\GUI_Text_Elements_RU.o
 .rodata.GUI_TextRu_Info_Serial.str1.1
                0x0801f576        0x8 Src\GUI_Text_Elements_RU.o
 .rodata.GUI_TextRu_Info_Ver.str1.1
                0x0801f576        0x5 Src\GUI_Text_Elements_RU.o
 .rodata.exposure_timer_period
                0x0801f576       0x14 Src\main.o
                0x0801f576                exposure_timer_period
 .rodata.AHBPrescTable
                0x0801f58a       0x10 Src\system_stm32l4xx.o
                0x0801f58a                AHBPrescTable
 .rodata.APBPrescTable
                0x0801f59a        0x8 Src\system_stm32l4xx.o
                0x0801f59a                APBPrescTable
 *fill*         0x0801f5a2        0x2 
 .rodata.MSIRangeTable
                0x0801f5a4       0x30 Src\system_stm32l4xx.o
                0x0801f5a4                MSIRangeTable
 .rodata.CSWTCH.44
                0x0801f5d4        0x4 Src\usbd_conf.o
 .rodata.USBD_LL_Init.str1.1
                0x0801f5d8       0x13 Src\usbd_conf.o
 .rodata.USBD_FS_ConfigStrDescriptor.str1.1
                0x0801f5eb       0x12 Src\usbd_desc.o
 .rodata.USBD_FS_InterfaceStrDescriptor.str1.1
                0x0801f5fd       0x15 Src\usbd_desc.o
 .rodata.USBD_FS_ManufacturerStrDescriptor.str1.1
                0x0801f612        0x7 Src\usbd_desc.o
 .rodata.USBD_FS_ProductStrDescriptor.str1.1
                0x0801f619       0x1e Src\usbd_desc.o
 .rodata.USBD_FS_SerialStrDescriptor.str1.1
                0x0801f637        0xd Src\usbd_desc.o
 .rodata._svfprintf_r.str1.1
                0x0801f644       0x11 c:/program files (x86)/atollic/truestudio for stm32 9.3.0/armtools/bin/../lib/gcc/arm-atollic-eabi/6.3.1/../../../../arm-atollic-eabi/lib/armv7e-m/fpu\libc_nano.a(lib_a-nano-svfprintf.o)
 .rodata._printf_i.str1.1
                0x0801f655       0x22 c:/program files (x86)/atollic/truestudio for stm32 9.3.0/armtools/bin/../lib/gcc/arm-atollic-eabi/6.3.1/../../../../arm-atollic-eabi/lib/armv7e-m/fpu\libc_nano.a(lib_a-nano-vfprintf_i.o)
                0x0801f678                . = ALIGN (0x4)
 *fill*         0x0801f677        0x1 

.ARM.extab
 *(.ARM.extab* .gnu.linkonce.armextab.*)

.ARM            0x0801f678        0x8
                0x0801f678                __exidx_start = .
 *(.ARM.exidx*)
 .ARM.exidx     0x0801f678        0x8 c:/program files (x86)/atollic/truestudio for stm32 9.3.0/armtools/bin/../lib/gcc/arm-atollic-eabi/6.3.1/armv7e-m/fpu\libgcc.a(_udivmoddi4.o)
                0x0801f680                __exidx_end = .

.rel.dyn        0x0801f680        0x0
 .rel.iplt      0x0801f680        0x0 c:/program files (x86)/atollic/truestudio for stm32 9.3.0/armtools/bin/../lib/gcc/arm-atollic-eabi/6.3.1/armv7e-m/fpu/crtbegin.o

.preinit_array  0x0801f680        0x0
                0x0801f680                PROVIDE (__preinit_array_start, .)
 *(.preinit_array*)
                0x0801f680                PROVIDE (__preinit_array_end, .)

.init_array     0x0801f680        0x4
                0x0801f680                PROVIDE (__init_array_start, .)
 *(SORT(.init_array.*))
 *(.init_array*)
 .init_array    0x0801f680        0x4 c:/program files (x86)/atollic/truestudio for stm32 9.3.0/armtools/bin/../lib/gcc/arm-atollic-eabi/6.3.1/armv7e-m/fpu/crtbegin.o
                0x0801f684                PROVIDE (__init_array_end, .)

.fini_array     0x0801f684        0x4
                [!provide]                PROVIDE (__fini_array_start, .)
 *(SORT(.fini_array.*))
 *(.fini_array*)
 .fini_array    0x0801f684        0x4 c:/program files (x86)/atollic/truestudio for stm32 9.3.0/armtools/bin/../lib/gcc/arm-atollic-eabi/6.3.1/armv7e-m/fpu/crtbegin.o