Archive member included to satisfy reference by file (symbol)

c:/program files (x86)/atollic/truestudio for stm32 9.3.0/armtools/bin/../lib/gcc/arm-atollic-eabi/6.3.1/../../../../arm-atollic-eabi/lib/armv7e-m/fpu\libc_nano.a(lib_a-errno.o)
                              Src\syscalls.o (__errno)
c:/program files (x86)/atollic/truestudio for stm32 9.3.0/armtools/bin/../lib/gcc/arm-atollic-eabi/6.3.1/../../../../arm-atollic-eabi/lib/armv7e-m/fpu\libc_nano.a(lib_a-impure.o)
                              c:/program files (x86)/atollic/truestudio for stm32 9.3.0/armtools/bin/../lib/gcc/arm-atollic-eabi/6.3.1/../../../../arm-atollic-eabi/lib/armv7e-m/fpu\libc_nano.a(lib_a-errno.o) (_impure_ptr)
c:/program files (x86)/atollic/truestudio for stm32 9.3.0/armtools/bin/../lib/gcc/arm-atollic-eabi/6.3.1/../../../../arm-atollic-eabi/lib/armv7e-m/fpu\libc_nano.a(lib_a-init.o)
                              startup\startup_stm32l4r9xx.o (__libc_init_array)
c:/program files (x86)/atollic/truestudio for stm32 9.3.0/armtools/bin/../lib/gcc/arm-atollic-eabi/6.3.1/../../../../arm-atollic-eabi/lib/armv7e-m/fpu\libc_nano.a(lib_a-memcpy-stub.o)
                              Src\usb_device.o (memcpy)
c:/program files (x86)/atollic/truestudio for stm32 9.3.0/armtools/bin/../lib/gcc/arm-atollic-eabi/6.3.1/../../../../arm-atollic-eabi/lib/armv7e-m/fpu\libc_nano.a(lib_a-memset.o)
                              Src\main.o (memset)

Allocating common symbols
Common symbol       size              file

hUsbDeviceFS        0x29c             Src\usb_device.o
hpcd_USB_OTG_FS     0x408             Src\usbd_conf.o
uwTick              0x4               Drivers\STM32L4xx_HAL_Driver\Src\stm32l4xx_hal.o
USBD_StrDesc        0x200             Src\usbd_desc.o

Discarded input sections

 .text          0x00000000        0x0 c:/program files (x86)/atollic/truestudio for stm32 9.3.0/armtools/bin/../lib/gcc/arm-atollic-eabi/6.3.1/armv7e-m/fpu/crti.o
 .data          0x00000000        0x0 c:/program files (x86)/atollic/truestudio for stm32 9.3.0/armtools/bin/../lib/gcc/arm-atollic-eabi/6.3.1/armv7e-m/fpu/crti.o
 .bss           0x00000000        0x0 c:/program files (x86)/atollic/truestudio for stm32 9.3.0/armtools/bin/../lib/gcc/arm-atollic-eabi/6.3.1/armv7e-m/fpu/crti.o
 .data          0x00000000        0x4 c:/program files (x86)/atollic/truestudio for stm32 9.3.0/armtools/bin/../lib/gcc/arm-atollic-eabi/6.3.1/armv7e-m/fpu/crtbegin.o
 .text          0x00000000        0x0 Drivers\STM32L4xx_HAL_Driver\Src\stm32l4xx_hal.o
 .data          0x00000000        0x0 Drivers\STM32L4xx_HAL_Driver\Src\stm32l4xx_hal.o
 .bss           0x00000000        0x0 Drivers\STM32L4xx_HAL_Driver\Src\stm32l4xx_hal.o
 .text.HAL_MspInit
                0x00000000        0x2 Drivers\STM32L4xx_HAL_Driver\Src\stm32l4xx_hal.o
 .text.HAL_MspDeInit
                0x00000000        0x2 Drivers\STM32L4xx_HAL_Driver\Src\stm32l4xx_hal.o
 .text.HAL_DeInit
                0x00000000       0x2c Drivers\STM32L4xx_HAL_Driver\Src\stm32l4xx_hal.o
 .text.HAL_SuspendTick
                0x00000000       0x10 Drivers\STM32L4xx_HAL_Driver\Src\stm32l4xx_hal.o
 .text.HAL_ResumeTick
                0x00000000       0x10 Drivers\STM32L4xx_HAL_Driver\Src\stm32l4xx_hal.o
 .text.HAL_GetHalVersion
                0x00000000        0x8 Drivers\STM32L4xx_HAL_Driver\Src\stm32l4xx_hal.o
 .text.HAL_GetREVID
                0x00000000        0xc Drivers\STM32L4xx_HAL_Driver\Src\stm32l4xx_hal.o
 .text.HAL_GetDEVID
                0x00000000       0x10 Drivers\STM32L4xx_HAL_Driver\Src\stm32l4xx_hal.o
 .text.HAL_GetUIDw0
                0x00000000        0xc Drivers\STM32L4xx_HAL_Driver\Src\stm32l4xx_hal.o
 .text.HAL_GetUIDw1
                0x00000000        0xc Drivers\STM32L4xx_HAL_Driver\Src\stm32l4xx_hal.o
 .text.HAL_GetUIDw2
                0x00000000        0xc Drivers\STM32L4xx_HAL_Driver\Src\stm32l4xx_hal.o
 .text.HAL_DBGMCU_EnableDBGSleepMode
                0x00000000       0x10 Drivers\STM32L4xx_HAL_Driver\Src\stm32l4xx_hal.o
 .text.HAL_DBGMCU_DisableDBGSleepMode
                0x00000000       0x10 Drivers\STM32L4xx_HAL_Driver\Src\stm32l4xx_hal.o
 .text.HAL_DBGMCU_EnableDBGStopMode
                0x00000000       0x10 Drivers\STM32L4xx_HAL_Driver\Src\stm32l4xx_hal.o
 .text.HAL_DBGMCU_DisableDBGStopMode
                0x00000000       0x10 Drivers\STM32L4xx_HAL_Driver\Src\stm32l4xx_hal.o
 .text.HAL_DBGMCU_EnableDBGStandbyMode
                0x00000000       0x10 Drivers\STM32L4xx_HAL_Driver\Src\stm32l4xx_hal.o
 .text.HAL_DBGMCU_DisableDBGStandbyMode
                0x00000000       0x10 Drivers\STM32L4xx_HAL_Driver\Src\stm32l4xx_hal.o
 .text.HAL_SYSCFG_SRAM2Erase
                0x00000000       0x1c Drivers\STM32L4xx_HAL_Driver\Src\stm32l4xx_hal.o
 .text.HAL_SYSCFG_EnableMemorySwappingBank
                0x00000000        0xc Drivers\STM32L4xx_HAL_Driver\Src\stm32l4xx_hal.o
 .text.HAL_SYSCFG_DisableMemorySwappingBank
                0x00000000        0xc Drivers\STM32L4xx_HAL_Driver\Src\stm32l4xx_hal.o
[...]
Memory Configuration

Name             Origin             Length             Attributes
RAM              0x20000000         0x000a0000         xrw
FLASH            0x08000000         0x00200000         xr
*default*        0x00000000         0xffffffff

Linker script and memory map

LOAD c:/program files (x86)/atollic/truestudio for stm32 9.3.0/armtools/bin/../lib/gcc/arm-atollic-eabi/6.3.1/armv7e-m/fpu/crti.o
LOAD c:/program files (x86)/atollic/truestudio for stm32 9.3.0/armtools/bin/../lib/gcc/arm-atollic-eabi/6.3.1/armv7e-m/fpu/crtbegin.o
LOAD Drivers\STM32L4xx_HAL_Driver\Src\stm32l4xx_hal.o
LOAD Drivers\STM32L4xx_HAL_Driver\Src\stm32l4xx_hal_cortex.o
LOAD Drivers\STM32L4xx_HAL_Driver\Src\stm32l4xx_hal_dma.o
LOAD Drivers\STM32L4xx_HAL_Driver\Src\stm32l4xx_hal_dma_ex.o
LOAD Drivers\STM32L4xx_HAL_Driver\Src\stm32l4xx_hal_exti.o
LOAD Drivers\STM32L4xx_HAL_Driver\Src\stm32l4xx_hal_flash.o
LOAD Drivers\STM32L4xx_HAL_Driver\Src\stm32l4xx_hal_flash_ex.o
LOAD Drivers\STM32L4xx_HAL_Driver\Src\stm32l4xx_hal_flash_ramfunc.o
LOAD Drivers\STM32L4xx_HAL_Driver\Src\stm32l4xx_hal_gpio.o
LOAD Drivers\STM32L4xx_HAL_Driver\Src\stm32l4xx_hal_i2c.o
LOAD Drivers\STM32L4xx_HAL_Driver\Src\stm32l4xx_hal_i2c_ex.o
LOAD Drivers\STM32L4xx_HAL_Driver\Src\stm32l4xx_hal_pcd.o
LOAD Drivers\STM32L4xx_HAL_Driver\Src\stm32l4xx_hal_pcd_ex.o
LOAD Drivers\STM32L4xx_HAL_Driver\Src\stm32l4xx_hal_pwr.o
LOAD Drivers\STM32L4xx_HAL_Driver\Src\stm32l4xx_hal_pwr_ex.o
LOAD Drivers\STM32L4xx_HAL_Driver\Src\stm32l4xx_hal_rcc.o
LOAD Drivers\STM32L4xx_HAL_Driver\Src\stm32l4xx_hal_rcc_ex.o
LOAD Drivers\STM32L4xx_HAL_Driver\Src\stm32l4xx_hal_tim.o
LOAD Drivers\STM32L4xx_HAL_Driver\Src\stm32l4xx_hal_tim_ex.o
LOAD Drivers\STM32L4xx_HAL_Driver\Src\stm32l4xx_ll_usb.o
LOAD Middlewares\ST\STM32_USB_Device_Library\Class\CustomHID\Src\usbd_customhid.o
LOAD Middlewares\ST\STM32_USB_Device_Library\Core\Src\usbd_core.o
LOAD Middlewares\ST\STM32_USB_Device_Library\Core\Src\usbd_ctlreq.o
LOAD Middlewares\ST\STM32_USB_Device_Library\Core\Src\usbd_ioreq.o
LOAD Src\main.o
LOAD Src\stm32l4xx_hal_msp.o
LOAD Src\stm32l4xx_it.o
LOAD Src\syscalls.o
LOAD Src\system_stm32l4xx.o
LOAD Src\usb_device.o
LOAD Src\usbd_conf.o
LOAD Src\usbd_custom_hid_if.o
LOAD Src\usbd_desc.o
LOAD startup\startup_stm32l4r9xx.o
                0x00000080                malloc_getpagesize_P = 0x80
START GROUP
LOAD c:/program files (x86)/atollic/truestudio for stm32 9.3.0/armtools/bin/../lib/gcc/arm-atollic-eabi/6.3.1/../../../../arm-atollic-eabi/lib/armv7e-m/fpu\libc_nano.a
LOAD c:/program files (x86)/atollic/truestudio for stm32 9.3.0/armtools/bin/../lib/gcc/arm-atollic-eabi/6.3.1/../../../../arm-atollic-eabi/lib/armv7e-m/fpu\libm.a
END GROUP
START GROUP
LOAD c:/program files (x86)/atollic/truestudio for stm32 9.3.0/armtools/bin/../lib/gcc/arm-atollic-eabi/6.3.1/armv7e-m/fpu\libgcc.a
LOAD c:/program files (x86)/atollic/truestudio for stm32 9.3.0/armtools/bin/../lib/gcc/arm-atollic-eabi/6.3.1/../../../../arm-atollic-eabi/lib/armv7e-m/fpu\libc_nano.a
END GROUP
START GROUP
LOAD c:/program files (x86)/atollic/truestudio for stm32 9.3.0/armtools/bin/../lib/gcc/arm-atollic-eabi/6.3.1/armv7e-m/fpu\libgcc.a
LOAD c:/program files (x86)/atollic/truestudio for stm32 9.3.0/armtools/bin/../lib/gcc/arm-atollic-eabi/6.3.1/../../../../arm-atollic-eabi/lib/armv7e-m/fpu\libc_nano.a
LOAD c:/program files (x86)/atollic/truestudio for stm32 9.3.0/armtools/bin/../lib/gcc/arm-atollic-eabi/6.3.1/../../../../arm-atollic-eabi/lib/armv7e-m/fpu\libnosys.a
END GROUP
START GROUP
LOAD c:/program files (x86)/atollic/truestudio for stm32 9.3.0/armtools/bin/../lib/gcc/arm-atollic-eabi/6.3.1/armv7e-m/fpu\libgcc.a
LOAD c:/program files (x86)/atollic/truestudio for stm32 9.3.0/armtools/bin/../lib/gcc/arm-atollic-eabi/6.3.1/../../../../arm-atollic-eabi/lib/armv7e-m/fpu\libc_nano.a
LOAD c:/program files (x86)/atollic/truestudio for stm32 9.3.0/armtools/bin/../lib/gcc/arm-atollic-eabi/6.3.1/../../../../arm-atollic-eabi/lib/armv7e-m/fpu\libnosys.a
END GROUP
LOAD c:/program files (x86)/atollic/truestudio for stm32 9.3.0/armtools/bin/../lib/gcc/arm-atollic-eabi/6.3.1/armv7e-m/fpu/crtend.o
LOAD c:/program files (x86)/atollic/truestudio for stm32 9.3.0/armtools/bin/../lib/gcc/arm-atollic-eabi/6.3.1/armv7e-m/fpu/crtn.o
                0x200a0000                _estack = 0x200a0000
                0x00000200                _Min_Heap_Size = 0x200
                0x00000400                _Min_Stack_Size = 0x400

.isr_vector     0x08000000      0x1bc
                0x08000000                . = ALIGN (0x4)
 *(.isr_vector)
 .isr_vector    0x08000000      0x1bc startup\startup_stm32l4r9xx.o
                0x08000000                g_pfnVectors
                0x080001bc                . = ALIGN (0x4)

.text           0x080001bc     0x33ec
                0x080001bc                . = ALIGN (0x4)
 *(.text)
 .text          0x080001bc       0x40 c:/program files (x86)/atollic/truestudio for stm32 9.3.0/armtools/bin/../lib/gcc/arm-atollic-eabi/6.3.1/armv7e-m/fpu/crtbegin.o
 *(.text*)
 .text.HAL_InitTick
                0x080001fc       0x30 Drivers\STM32L4xx_HAL_Driver\Src\stm32l4xx_hal.o
                0x080001fc                HAL_InitTick
 .text.HAL_Init
                0x0800022c       0x1e Drivers\STM32L4xx_HAL_Driver\Src\stm32l4xx_hal.o
                0x0800022c                HAL_Init
 *fill*         0x0800024a        0x2 
 .text.HAL_IncTick
                0x0800024c       0x10 Drivers\STM32L4xx_HAL_Driver\Src\stm32l4xx_hal.o
                0x0800024c                HAL_IncTick
 .text.HAL_GetTick
                0x0800025c        0xc Drivers\STM32L4xx_HAL_Driver\Src\stm32l4xx_hal.o
                0x0800025c                HAL_GetTick
 .text.HAL_Delay
                0x08000268       0x1c Drivers\STM32L4xx_HAL_Driver\Src\stm32l4xx_hal.o
                0x08000268                HAL_Delay
 .text.HAL_NVIC_SetPriorityGrouping
                0x08000284       0x24 Drivers\STM32L4xx_HAL_Driver\Src\stm32l4xx_hal_cortex.o
                0x08000284                HAL_NVIC_SetPriorityGrouping
 .text.HAL_NVIC_SetPriority
                0x080002a8       0x68 Drivers\STM32L4xx_HAL_Driver\Src\stm32l4xx_hal_cortex.o
                0x080002a8                HAL_NVIC_SetPriority
 .text.HAL_NVIC_EnableIRQ
                0x08000310       0x18 Drivers\STM32L4xx_HAL_Driver\Src\stm32l4xx_hal_cortex.o
                0x08000310                HAL_NVIC_EnableIRQ
 .text.HAL_SYSTICK_Config
                0x08000328       0x2c Drivers\STM32L4xx_HAL_Driver\Src\stm32l4xx_hal_cortex.o
                0x08000328                HAL_SYSTICK_Config
 .text.HAL_GPIO_Init
                0x08000354      0x1b0 Drivers\STM32L4xx_HAL_Driver\Src\stm32l4xx_hal_gpio.o
                0x08000354                HAL_GPIO_Init
 .text.HAL_PCD_Init
                0x08000504       0xfa Drivers\STM32L4xx_HAL_Driver\Src\stm32l4xx_hal_pcd.o
                0x08000504                HAL_PCD_Init
 .text.HAL_PCD_Start
                0x080005fe       0x2a Drivers\STM32L4xx_HAL_Driver\Src\stm32l4xx_hal_pcd.o
                0x080005fe                HAL_PCD_Start
 .text.HAL_PCD_IRQHandler
                0x08000628      0x58c Drivers\STM32L4xx_HAL_Driver\Src\stm32l4xx_hal_pcd.o
                0x08000628                HAL_PCD_IRQHandler
 .text.HAL_PCD_SetAddress
                0x08000bb4       0x28 Drivers\STM32L4xx_HAL_Driver\Src\stm32l4xx_hal_pcd.o
                0x08000bb4                HAL_PCD_SetAddress
 .text.HAL_PCD_EP_Open
                0x08000bdc       0x6a Drivers\STM32L4xx_HAL_Driver\Src\stm32l4xx_hal_pcd.o
                0x08000bdc                HAL_PCD_EP_Open
 .text.HAL_PCD_EP_Close
                0x08000c46       0x54 Drivers\STM32L4xx_HAL_Driver\Src\stm32l4xx_hal_pcd.o
                0x08000c46                HAL_PCD_EP_Close
 .text.HAL_PCD_EP_Receive
                0x08000c9a       0x3c Drivers\STM32L4xx_HAL_Driver\Src\stm32l4xx_hal_pcd.o
                0x08000c9a                HAL_PCD_EP_Receive
 .text.HAL_PCD_EP_Transmit
                0x08000cd6       0x36 Drivers\STM32L4xx_HAL_Driver\Src\stm32l4xx_hal_pcd.o
                0x08000cd6                HAL_PCD_EP_Transmit
 .text.HAL_PCD_EP_SetStall
                0x08000d0c       0x72 Drivers\STM32L4xx_HAL_Driver\Src\stm32l4xx_hal_pcd.o
                0x08000d0c                HAL_PCD_EP_SetStall
 .text.HAL_PCD_EP_ClrStall
                0x08000d7e       0x64 Drivers\STM32L4xx_HAL_Driver\Src\stm32l4xx_hal_pcd.o
                0x08000d7e                HAL_PCD_EP_ClrStall
 .text.HAL_PCDEx_SetTxFiFo
                0x08000de2       0x42 Drivers\STM32L4xx_HAL_Driver\Src\stm32l4xx_hal_pcd_ex.o
                0x08000de2                HAL_PCDEx_SetTxFiFo
 .text.HAL_PCDEx_SetRxFiFo
                0x08000e24        0x8 Drivers\STM32L4xx_HAL_Driver\Src\stm32l4xx_hal_pcd_ex.o
                0x08000e24                HAL_PCDEx_SetRxFiFo
 .text.HAL_PCDEx_ActivateLPM
                0x08000e2c       0x26 Drivers\STM32L4xx_HAL_Driver\Src\stm32l4xx_hal_pcd_ex.o
                0x08000e2c                HAL_PCDEx_ActivateLPM
 .text.HAL_PCDEx_ActivateBCD
                0x08000e52       0x14 Drivers\STM32L4xx_HAL_Driver\Src\stm32l4xx_hal_pcd_ex.o
                0x08000e52                HAL_PCDEx_ActivateBCD
 *fill*         0x08000e66        0x2 
 .text.HAL_PWREx_GetVoltageRange
                0x08000e68       0x24 Drivers\STM32L4xx_HAL_Driver\Src\stm32l4xx_hal_pwr_ex.o
                0x08000e68                HAL_PWREx_GetVoltageRange
 .text.HAL_PWREx_ControlVoltageScaling
                0x08000e8c       0xb4 Drivers\STM32L4xx_HAL_Driver\Src\stm32l4xx_hal_pwr_ex.o
                0x08000e8c                HAL_PWREx_ControlVoltageScaling
 .text.HAL_PWREx_EnableVddUSB
                0x08000f40       0x10 Drivers\STM32L4xx_HAL_Driver\Src\stm32l4xx_hal_pwr_ex.o
                0x08000f40                HAL_PWREx_EnableVddUSB
 .text.RCC_SetFlashLatencyFromMSIRange
                0x08000f50       0x7c Drivers\STM32L4xx_HAL_Driver\Src\stm32l4xx_hal_rcc.o
 .text.HAL_RCC_GetSysClockFreq
                0x08000fcc       0x9c Drivers\STM32L4xx_HAL_Driver\Src\stm32l4xx_hal_rcc.o
                0x08000fcc                HAL_RCC_GetSysClockFreq
 .text.HAL_RCC_OscConfig
                0x08001068      0x4a4 Drivers\STM32L4xx_HAL_Driver\Src\stm32l4xx_hal_rcc.o
                0x08001068                HAL_RCC_OscConfig
 .text.HAL_RCC_ClockConfig
                0x0800150c      0x1f4 Drivers\STM32L4xx_HAL_Driver\Src\stm32l4xx_hal_rcc.o
                0x0800150c                HAL_RCC_ClockConfig
 .text.HAL_RCC_GetHCLKFreq
                0x08001700        0xc Drivers\STM32L4xx_HAL_Driver\Src\stm32l4xx_hal_rcc.o
                0x08001700                HAL_RCC_GetHCLKFreq
 .text.RCCEx_PLLSAI1_Config
                0x0800170c      0x110 Drivers\STM32L4xx_HAL_Driver\Src\stm32l4xx_hal_rcc_ex.o
 .text.RCCEx_PLLSAI2_Config
                0x0800181c      0x110 Drivers\STM32L4xx_HAL_Driver\Src\stm32l4xx_hal_rcc_ex.o
 .text.HAL_RCCEx_PeriphCLKConfig
                0x0800192c      0x4c8 Drivers\STM32L4xx_HAL_Driver\Src\stm32l4xx_hal_rcc_ex.o
                0x0800192c                HAL_RCCEx_PeriphCLKConfig
 .text.USB_CoreReset
                0x08001df4       0x30 Drivers\STM32L4xx_HAL_Driver\Src\stm32l4xx_ll_usb.o
 .text.USB_CoreInit
                0x08001e24       0x5e Drivers\STM32L4xx_HAL_Driver\Src\stm32l4xx_ll_usb.o
                0x08001e24                USB_CoreInit
 .text.USB_EnableGlobalInt
                0x08001e82        0xc Drivers\STM32L4xx_HAL_Driver\Src\stm32l4xx_ll_usb.o
                0x08001e82                USB_EnableGlobalInt
 .text.USB_DisableGlobalInt
                0x08001e8e        0xc Drivers\STM32L4xx_HAL_Driver\Src\stm32l4xx_ll_usb.o
                0x08001e8e                USB_DisableGlobalInt
 .text.USB_SetCurrentMode
                0x08001e9a       0x2e Drivers\STM32L4xx_HAL_Driver\Src\stm32l4xx_ll_usb.o
                0x08001e9a                USB_SetCurrentMode
 .text.USB_FlushTxFifo
                0x08001ec8       0x24 Drivers\STM32L4xx_HAL_Driver\Src\stm32l4xx_ll_usb.o
                0x08001ec8                USB_FlushTxFifo
 .text.USB_FlushRxFifo
                0x08001eec       0x20 Drivers\STM32L4xx_HAL_Driver\Src\stm32l4xx_ll_usb.o
                0x08001eec                USB_FlushRxFifo
 .text.USB_SetDevSpeed
                0x08001f0c        0xe Drivers\STM32L4xx_HAL_Driver\Src\stm32l4xx_ll_usb.o
                0x08001f0c                USB_SetDevSpeed
 *fill*         0x08001f1a        0x2 
 .text.USB_DevInit
                0x08001f1c      0x138 Drivers\STM32L4xx_HAL_Driver\Src\stm32l4xx_ll_usb.o
                0x08001f1c                USB_DevInit
 .text.USB_ActivateEndpoint
                0x08002054       0x84 Drivers\STM32L4xx_HAL_Driver\Src\stm32l4xx_ll_usb.o
                0x08002054                USB_ActivateEndpoint
 .text.USB_DeactivateEndpoint
                0x080020d8       0x64 Drivers\STM32L4xx_HAL_Driver\Src\stm32l4xx_ll_usb.o
                0x080020d8                USB_DeactivateEndpoint
 .text.USB_EP0StartXfer
                0x0800213c       0xe4 Drivers\STM32L4xx_HAL_Driver\Src\stm32l4xx_ll_usb.o
                0x0800213c                USB_EP0StartXfer
 .text.USB_WritePacket
                0x08002220       0x20 Drivers\STM32L4xx_HAL_Driver\Src\stm32l4xx_ll_usb.o
                0x08002220                USB_WritePacket
 .text.USB_EPStartXfer
                0x08002240      0x18c Drivers\STM32L4xx_HAL_Driver\Src\stm32l4xx_ll_usb.o
                0x08002240                USB_EPStartXfer
 .text.USB_ReadPacket
                0x080023cc       0x1c Drivers\STM32L4xx_HAL_Driver\Src\stm32l4xx_ll_usb.o
                0x080023cc                USB_ReadPacket
 .text.USB_EPSetStall
                0x080023e8       0x5a Drivers\STM32L4xx_HAL_Driver\Src\stm32l4xx_ll_usb.o
                0x080023e8                USB_EPSetStall
 .text.USB_EPClearStall
                0x08002442       0x56 Drivers\STM32L4xx_HAL_Driver\Src\stm32l4xx_ll_usb.o
                0x08002442                USB_EPClearStall
 .text.USB_SetDevAddress
                0x08002498       0x20 Drivers\STM32L4xx_HAL_Driver\Src\stm32l4xx_ll_usb.o
                0x08002498                USB_SetDevAddress
 .text.USB_DevConnect
                0x080024b8       0x18 Drivers\STM32L4xx_HAL_Driver\Src\stm32l4xx_ll_usb.o
                0x080024b8                USB_DevConnect
 .text.USB_DevDisconnect
                0x080024d0       0x18 Drivers\STM32L4xx_HAL_Driver\Src\stm32l4xx_ll_usb.o
                0x080024d0                USB_DevDisconnect
 .text.USB_ReadInterrupts
                0x080024e8        0x8 Drivers\STM32L4xx_HAL_Driver\Src\stm32l4xx_ll_usb.o
                0x080024e8                USB_ReadInterrupts
 .text.USB_ReadDevAllOutEpInterrupt
                0x080024f0       0x10 Drivers\STM32L4xx_HAL_Driver\Src\stm32l4xx_ll_usb.o
                0x080024f0                USB_ReadDevAllOutEpInterrupt
 .text.USB_ReadDevAllInEpInterrupt
                0x08002500       0x10 Drivers\STM32L4xx_HAL_Driver\Src\stm32l4xx_ll_usb.o
                0x08002500                USB_ReadDevAllInEpInterrupt
 .text.USB_ReadDevOutEPInterrupt
                0x08002510       0x12 Drivers\STM32L4xx_HAL_Driver\Src\stm32l4xx_ll_usb.o
                0x08002510                USB_ReadDevOutEPInterrupt
 .text.USB_ReadDevInEPInterrupt
                0x08002522       0x24 Drivers\STM32L4xx_HAL_Driver\Src\stm32l4xx_ll_usb.o
                0x08002522                USB_ReadDevInEPInterrupt
 .text.USB_GetMode
                0x08002546        0x8 Drivers\STM32L4xx_HAL_Driver\Src\stm32l4xx_ll_usb.o
                0x08002546                USB_GetMode
 .text.USB_ActivateSetup
                0x0800254e       0x36 Drivers\STM32L4xx_HAL_Driver\Src\stm32l4xx_ll_usb.o
                0x0800254e                USB_ActivateSetup
 .text.USB_EP0_OutStart
                0x08002584       0x22 Drivers\STM32L4xx_HAL_Driver\Src\stm32l4xx_ll_usb.o
                0x08002584                USB_EP0_OutStart
 *fill*         0x080025a6        0x2 
 .text.USBD_CUSTOM_HID_GetFSCfgDesc
                0x080025a8        0xc Middlewares\ST\STM32_USB_Device_Library\Class\CustomHID\Src\usbd_customhid.o
 .text.USBD_CUSTOM_HID_GetHSCfgDesc
                0x080025b4        0xc Middlewares\ST\STM32_USB_Device_Library\Class\CustomHID\Src\usbd_customhid.o
 .text.USBD_CUSTOM_HID_GetOtherSpeedCfgDesc
                0x080025c0        0xc Middlewares\ST\STM32_USB_Device_Library\Class\CustomHID\Src\usbd_customhid.o
 .text.USBD_CUSTOM_HID_DataIn
                0x080025cc        0xa Middlewares\ST\STM32_USB_Device_Library\Class\CustomHID\Src\usbd_customhid.o
 .text.USBD_CUSTOM_HID_EP0_RxReady
                0x080025d6       0x20 Middlewares\ST\STM32_USB_Device_Library\Class\CustomHID\Src\usbd_customhid.o
 *fill*         0x080025f6        0x2 
 .text.USBD_CUSTOM_HID_GetDeviceQualifierDesc
                0x080025f8        0xc Middlewares\ST\STM32_USB_Device_Library\Class\CustomHID\Src\usbd_customhid.o
 .text.USBD_CUSTOM_HID_DataOut
                0x08002604       0x24 Middlewares\ST\STM32_USB_Device_Library\Class\CustomHID\Src\usbd_customhid.o
 .text.USBD_CUSTOM_HID_Setup
                0x08002628       0xec Middlewares\ST\STM32_USB_Device_Library\Class\CustomHID\Src\usbd_customhid.o
 .text.USBD_CUSTOM_HID_DeInit
                0x08002714       0x38 Middlewares\ST\STM32_USB_Device_Library\Class\CustomHID\Src\usbd_customhid.o
 .text.USBD_CUSTOM_HID_Init
                0x0800274c       0x50 Middlewares\ST\STM32_USB_Device_Library\Class\CustomHID\Src\usbd_customhid.o
 .text.USBD_CUSTOM_HID_RegisterInterface
                0x0800279c        0xe Middlewares\ST\STM32_USB_Device_Library\Class\CustomHID\Src\usbd_customhid.o
                0x0800279c                USBD_CUSTOM_HID_RegisterInterface
 .text.USBD_Init
                0x080027aa       0x2a Middlewares\ST\STM32_USB_Device_Library\Core\Src\usbd_core.o
                0x080027aa                USBD_Init
 .text.USBD_RegisterClass
                0x080027d4        0xe Middlewares\ST\STM32_USB_Device_Library\Core\Src\usbd_core.o
                0x080027d4                USBD_RegisterClass
 .text.USBD_Start
                0x080027e2        0xa Middlewares\ST\STM32_USB_Device_Library\Core\Src\usbd_core.o
                0x080027e2                USBD_Start
 .text.USBD_SetClassConfig
                0x080027ec       0x16 Middlewares\ST\STM32_USB_Device_Library\Core\Src\usbd_core.o
                0x080027ec                USBD_SetClassConfig
 .text.USBD_ClrClassConfig
                0x08002802        0xe Middlewares\ST\STM32_USB_Device_Library\Core\Src\usbd_core.o
                0x08002802                USBD_ClrClassConfig
 .text.USBD_LL_SetupStage
                0x08002810       0x5a Middlewares\ST\STM32_USB_Device_Library\Core\Src\usbd_core.o
                0x08002810                USBD_LL_SetupStage
 .text.USBD_LL_DataOutStage
                0x0800286a       0x70 Middlewares\ST\STM32_USB_Device_Library\Core\Src\usbd_core.o
                0x0800286a                USBD_LL_DataOutStage
 .text.USBD_LL_DataInStage
                0x080028da       0xb8 Middlewares\ST\STM32_USB_Device_Library\Core\Src\usbd_core.o
                0x080028da                USBD_LL_DataInStage
 .text.USBD_LL_Reset
                0x08002992       0x4e Middlewares\ST\STM32_USB_Device_Library\Core\Src\usbd_core.o
                0x08002992                USBD_LL_Reset
 .text.USBD_LL_SetSpeed
                0x080029e0        0x6 Middlewares\ST\STM32_USB_Device_Library\Core\Src\usbd_core.o
                0x080029e0                USBD_LL_SetSpeed
 .text.USBD_LL_Suspend
                0x080029e6       0x12 Middlewares\ST\STM32_USB_Device_Library\Core\Src\usbd_core.o
                0x080029e6                USBD_LL_Suspend
 .text.USBD_LL_Resume
                0x080029f8        0xc Middlewares\ST\STM32_USB_Device_Library\Core\Src\usbd_core.o
                0x080029f8                USBD_LL_Resume
 .text.USBD_LL_SOF
                0x08002a04       0x18 Middlewares\ST\STM32_USB_Device_Library\Core\Src\usbd_core.o
                0x08002a04                USBD_LL_SOF
 .text.USBD_LL_IsoINIncomplete
                0x08002a1c        0x4 Middlewares\ST\STM32_USB_Device_Library\Core\Src\usbd_core.o
                0x08002a1c                USBD_LL_IsoINIncomplete
 .text.USBD_LL_IsoOUTIncomplete
                0x08002a20        0x4 Middlewares\ST\STM32_USB_Device_Library\Core\Src\usbd_core.o
                0x08002a20                USBD_LL_IsoOUTIncomplete
 .text.USBD_LL_DevConnected
                0x08002a24        0x4 Middlewares\ST\STM32_USB_Device_Library\Core\Src\usbd_core.o
                0x08002a24                USBD_LL_DevConnected
 .text.USBD_LL_DevDisconnected
                0x08002a28       0x16 Middlewares\ST\STM32_USB_Device_Library\Core\Src\usbd_core.o
                0x08002a28                USBD_LL_DevDisconnected
 .text.USBD_CtlError.constprop.1
                0x08002a3e       0x16 Middlewares\ST\STM32_USB_Device_Library\Core\Src\usbd_ctlreq.o
 .text.USBD_StdDevReq
                0x08002a54      0x254 Middlewares\ST\STM32_USB_Device_Library\Core\Src\usbd_ctlreq.o
                0x08002a54                USBD_StdDevReq
 .text.USBD_StdItfReq
                0x08002ca8       0x4a Middlewares\ST\STM32_USB_Device_Library\Core\Src\usbd_ctlreq.o
                0x08002ca8                USBD_StdItfReq
 .text.USBD_StdEPReq
                0x08002cf2      0x110 Middlewares\ST\STM32_USB_Device_Library\Core\Src\usbd_ctlreq.o
                0x08002cf2                USBD_StdEPReq
 .text.USBD_ParseSetupRequest
                0x08002e02       0x28 Middlewares\ST\STM32_USB_Device_Library\Core\Src\usbd_ctlreq.o
                0x08002e02                USBD_ParseSetupRequest
 .text.USBD_CtlError
                0x08002e2a       0x16 Middlewares\ST\STM32_USB_Device_Library\Core\Src\usbd_ctlreq.o
                0x08002e2a                USBD_CtlError
 .text.USBD_GetString
                0x08002e40       0x38 Middlewares\ST\STM32_USB_Device_Library\Core\Src\usbd_ctlreq.o
                0x08002e40                USBD_GetString
 .text.USBD_CtlSendData
                0x08002e78       0x1a Middlewares\ST\STM32_USB_Device_Library\Core\Src\usbd_ioreq.o
                0x08002e78                USBD_CtlSendData
 .text.USBD_CtlContinueSendData
                0x08002e92       0x10 Middlewares\ST\STM32_USB_Device_Library\Core\Src\usbd_ioreq.o
                0x08002e92                USBD_CtlContinueSendData
 .text.USBD_CtlPrepareRx
                0x08002ea2       0x1e Middlewares\ST\STM32_USB_Device_Library\Core\Src\usbd_ioreq.o
                0x08002ea2                USBD_CtlPrepareRx
 .text.USBD_CtlContinueRx
                0x08002ec0       0x10 Middlewares\ST\STM32_USB_Device_Library\Core\Src\usbd_ioreq.o
                0x08002ec0                USBD_CtlContinueRx
 .text.USBD_CtlSendStatus
                0x08002ed0       0x16 Middlewares\ST\STM32_USB_Device_Library\Core\Src\usbd_ioreq.o
                0x08002ed0                USBD_CtlSendStatus
 .text.USBD_CtlReceiveStatus
                0x08002ee6       0x16 Middlewares\ST\STM32_USB_Device_Library\Core\Src\usbd_ioreq.o
                0x08002ee6                USBD_CtlReceiveStatus
 .text.SystemClock_Config
                0x08002efc       0x8e Src\main.o
                0x08002efc                SystemClock_Config
 *fill*         0x08002f8a        0x2 
 .text.startup.main
                0x08002f8c       0x64 Src\main.o
                0x08002f8c                main
 .text.Error_Handler
                0x08002ff0        0x2 Src\main.o
                0x08002ff0                Error_Handler
 *fill*         0x08002ff2        0x2 
 .text.HAL_MspInit
                0x08002ff4       0x30 Src\stm32l4xx_hal_msp.o
                0x08002ff4                HAL_MspInit
 .text.NMI_Handler
                0x08003024        0x2 Src\stm32l4xx_it.o
                0x08003024                NMI_Handler
 .text.HardFault_Handler
                0x08003026        0x2 Src\stm32l4xx_it.o
                0x08003026                HardFault_Handler
 .text.MemManage_Handler
                0x08003028        0x2 Src\stm32l4xx_it.o
                0x08003028                MemManage_Handler
 .text.BusFault_Handler
                0x0800302a        0x2 Src\stm32l4xx_it.o
                0x0800302a                BusFault_Handler
 .text.UsageFault_Handler
                0x0800302c        0x2 Src\stm32l4xx_it.o
                0x0800302c                UsageFault_Handler
 .text.SVC_Handler
                0x0800302e        0x2 Src\stm32l4xx_it.o
                0x0800302e                SVC_Handler
 .text.DebugMon_Handler
                0x08003030        0x2 Src\stm32l4xx_it.o
                0x08003030                DebugMon_Handler
 .text.PendSV_Handler
                0x08003032        0x2 Src\stm32l4xx_it.o
                0x08003032                PendSV_Handler
 .text.SysTick_Handler
                0x08003034        0x4 Src\stm32l4xx_it.o
                0x08003034                SysTick_Handler
 .text.OTG_FS_IRQHandler
                0x08003038        0xc Src\stm32l4xx_it.o
                0x08003038                OTG_FS_IRQHandler
 .text.SystemInit
                0x08003044       0x48 Src\system_stm32l4xx.o
                0x08003044                SystemInit
 .text.MX_USB_DEVICE_Init
                0x0800308c       0x40 Src\usb_device.o
                0x0800308c                MX_USB_DEVICE_Init
 .text.HAL_PCD_MspInit
                0x080030cc       0x84 Src\usbd_conf.o
                0x080030cc                HAL_PCD_MspInit
 .text.HAL_PCD_SetupStageCallback
                0x08003150        0xc Src\usbd_conf.o
                0x08003150                HAL_PCD_SetupStageCallback
 .text.HAL_PCD_DataOutStageCallback
                0x0800315c       0x12 Src\usbd_conf.o
                0x0800315c                HAL_PCD_DataOutStageCallback
 .text.HAL_PCD_DataInStageCallback
                0x0800316e       0x10 Src\usbd_conf.o
                0x0800316e                HAL_PCD_DataInStageCallback
 .text.HAL_PCD_SOFCallback
                0x0800317e        0x8 Src\usbd_conf.o
                0x0800317e                HAL_PCD_SOFCallback
 .text.HAL_PCD_ResetCallback
                0x08003186       0x1a Src\usbd_conf.o
                0x08003186                HAL_PCD_ResetCallback
 .text.HAL_PCD_SuspendCallback
                0x080031a0       0x30 Src\usbd_conf.o
                0x080031a0                HAL_PCD_SuspendCallback
 .text.HAL_PCD_ResumeCallback
                0x080031d0       0x34 Src\usbd_conf.o
                0x080031d0                HAL_PCD_ResumeCallback
 .text.HAL_PCD_ISOOUTIncompleteCallback
                0x08003204        0x8 Src\usbd_conf.o
                0x08003204                HAL_PCD_ISOOUTIncompleteCallback
 .text.HAL_PCD_ISOINIncompleteCallback
                0x0800320c        0x8 Src\usbd_conf.o
                0x0800320c                HAL_PCD_ISOINIncompleteCallback
 .text.HAL_PCD_ConnectCallback
                0x08003214        0x8 Src\usbd_conf.o
                0x08003214                HAL_PCD_ConnectCallback
 .text.HAL_PCD_DisconnectCallback
                0x0800321c        0x8 Src\usbd_conf.o
                0x0800321c                HAL_PCD_DisconnectCallback
 .text.USBD_LL_Init
                0x08003224       0x5c Src\usbd_conf.o
                0x08003224                USBD_LL_Init
 .text.USBD_LL_Start
                0x08003280       0x1c Src\usbd_conf.o
                0x08003280                USBD_LL_Start
 .text.USBD_LL_OpenEP
                0x0800329c       0x20 Src\usbd_conf.o
                0x0800329c                USBD_LL_OpenEP
 .text.USBD_LL_CloseEP
                0x080032bc       0x1c Src\usbd_conf.o
                0x080032bc                USBD_LL_CloseEP
 .text.USBD_LL_StallEP
                0x080032d8       0x1c Src\usbd_conf.o
                0x080032d8                USBD_LL_StallEP
 .text.USBD_LL_ClearStallEP
                0x080032f4       0x1c Src\usbd_conf.o
                0x080032f4                USBD_LL_ClearStallEP
 .text.USBD_LL_IsStallEP
                0x08003310       0x26 Src\usbd_conf.o
                0x08003310                USBD_LL_IsStallEP
 *fill*         0x08003336        0x2 
 .text.USBD_LL_SetUSBAddress
                0x08003338       0x1c Src\usbd_conf.o
                0x08003338                USBD_LL_SetUSBAddress
 .text.USBD_LL_Transmit
                0x08003354       0x1c Src\usbd_conf.o
                0x08003354                USBD_LL_Transmit
 .text.USBD_LL_PrepareReceive
                0x08003370       0x1c Src\usbd_conf.o
                0x08003370                USBD_LL_PrepareReceive
 .text.HAL_PCDEx_LPM_Callback
                0x0800338c       0x64 Src\usbd_conf.o
                0x0800338c                HAL_PCDEx_LPM_Callback
 .text.USBD_static_malloc
                0x080033f0        0x8 Src\usbd_conf.o
                0x080033f0                USBD_static_malloc
 .text.USBD_static_free
                0x080033f8        0x2 Src\usbd_conf.o
                0x080033f8                USBD_static_free
 .text.USBD_LL_BatteryCharging
                0x080033fa       0x10 Src\usbd_conf.o
                0x080033fa                USBD_LL_BatteryCharging
 .text.CUSTOM_HID_DeInit_FS
                0x0800340a        0x4 Src\usbd_custom_hid_if.o
 *fill*         0x0800340e        0x2 
 .text.CUSTOM_HID_OutEvent_FS
                0x08003410       0x20 Src\usbd_custom_hid_if.o
 .text.CUSTOM_HID_Init_FS
                0x08003430        0x4 Src\usbd_custom_hid_if.o
 .text.USBD_FS_DeviceDescriptor
                0x08003434        0xc Src\usbd_desc.o
                0x08003434                USBD_FS_DeviceDescriptor
 .text.USBD_FS_LangIDStrDescriptor
                0x08003440        0xc Src\usbd_desc.o
                0x08003440                USBD_FS_LangIDStrDescriptor
 .text.USBD_FS_USR_BOSDescriptor
                0x0800344c        0xc Src\usbd_desc.o
                0x0800344c                USBD_FS_USR_BOSDescriptor
 .text.USBD_FS_ManufacturerStrDescriptor
                0x08003458       0x1c Src\usbd_desc.o
                0x08003458                USBD_FS_ManufacturerStrDescriptor
 .text.USBD_FS_ProductStrDescriptor
                0x08003474       0x1c Src\usbd_desc.o
                0x08003474                USBD_FS_ProductStrDescriptor
 .text.USBD_FS_SerialStrDescriptor
                0x08003490       0x1c Src\usbd_desc.o
                0x08003490                USBD_FS_SerialStrDescriptor
 .text.USBD_FS_ConfigStrDescriptor
                0x080034ac       0x1c Src\usbd_desc.o
                0x080034ac                USBD_FS_ConfigStrDescriptor
 .text.USBD_FS_InterfaceStrDescriptor
                0x080034c8       0x1c Src\usbd_desc.o
                0x080034c8                USBD_FS_InterfaceStrDescriptor
 .text.Reset_Handler
                0x080034e4       0x50 startup\startup_stm32l4r9xx.o
                0x080034e4                Reset_Handler
 .text.Default_Handler
                0x08003534        0x2 startup\startup_stm32l4r9xx.o
                0x08003534                RTC_Alarm_IRQHandler
                0x08003534                EXTI2_IRQHandler
                0x08003534                TIM8_TRG_COM_IRQHandler
                0x08003534                TIM8_CC_IRQHandler
                0x08003534                TIM1_CC_IRQHandler
                0x08003534                TSC_IRQHandler
                0x08003534                TAMP_STAMP_IRQHandler
                0x08003534                EXTI3_IRQHandler
                0x08003534                LPTIM2_IRQHandler
                0x08003534                DFSDM1_FLT1_IRQHandler
                0x08003534                GFXMMU_IRQHandler
                0x08003534                I2C3_ER_IRQHandler
                0x08003534                DFSDM1_FLT2_IRQHandler
                0x08003534                EXTI0_IRQHandler
                0x08003534                I2C2_EV_IRQHandler
                0x08003534                CAN1_RX0_IRQHandler
                0x08003534                FPU_IRQHandler
                0x08003534                TIM1_UP_TIM16_IRQHandler
                0x08003534                LTDC_ER_IRQHandler
                0x08003534                SPI1_IRQHandler
                0x08003534                OCTOSPI1_IRQHandler
                0x08003534                TIM6_DAC_IRQHandler
                0x08003534                DCMI_IRQHandler
                0x08003534                TIM8_UP_IRQHandler
                0x08003534                OCTOSPI2_IRQHandler
                0x08003534                DMA2_Channel2_IRQHandler
                0x08003534                DMA1_Channel4_IRQHandler
                0x08003534                SAI2_IRQHandler
                0x08003534                ADC1_IRQHandler
                0x08003534                DFSDM1_FLT3_IRQHandler
                0x08003534                USART3_IRQHandler
                0x08003534                DMA1_Channel7_IRQHandler
                0x08003534                CAN1_RX1_IRQHandler
                0x08003534                UART5_IRQHandler
                0x08003534                TIM4_IRQHandler
                0x08003534                DMA2_Channel1_IRQHandler
                0x08003534                I2C1_EV_IRQHandler
                0x08003534                DMAMUX1_OVR_IRQHandler
                0x08003534                DMA1_Channel6_IRQHandler
                0x08003534                UART4_IRQHandler
                0x08003534                DMA2_Channel4_IRQHandler
                0x08003534                TIM3_IRQHandler
                0x08003534                RCC_IRQHandler
                0x08003534                DMA1_Channel1_IRQHandler
                0x08003534                Default_Handler
                0x08003534                DMA2_Channel7_IRQHandler
                0x08003534                EXTI15_10_IRQHandler
                0x08003534                TIM7_IRQHandler
                0x08003534                SDMMC1_IRQHandler
                0x08003534                TIM5_IRQHandler
                0x08003534                I2C3_EV_IRQHandler
                0x08003534                EXTI9_5_IRQHandler
                0x08003534                RTC_WKUP_IRQHandler
                0x08003534                LTDC_IRQHandler
                0x08003534                PVD_PVM_IRQHandler
                0x08003534                SPI2_IRQHandler
                0x08003534                CAN1_TX_IRQHandler
                0x08003534                DMA2_Channel5_IRQHandler
                0x08003534                CRS_IRQHandler
                0x08003534                DMA1_Channel5_IRQHandler
                0x08003534                EXTI4_IRQHandler
                0x08003534                RNG_IRQHandler
                0x08003534                TIM1_TRG_COM_TIM17_IRQHandler
                0x08003534                DMA1_Channel3_IRQHandler
                0x08003534                COMP_IRQHandler
                0x08003534                DSI_IRQHandler
                0x08003534                WWDG_IRQHandler
                0x08003534                I2C4_EV_IRQHandler
                0x08003534                LPUART1_IRQHandler
                0x08003534                DMA2_Channel6_IRQHandler
                0x08003534                TIM2_IRQHandler
                0x08003534                DMA2D_IRQHandler
                0x08003534                EXTI1_IRQHandler
                0x08003534                USART2_IRQHandler
                0x08003534                DFSDM1_FLT0_IRQHandler
                0x08003534                I2C2_ER_IRQHandler
                0x08003534                DMA1_Channel2_IRQHandler
                0x08003534                TIM8_BRK_IRQHandler
                0x08003534                CAN1_SCE_IRQHandler
                0x08003534                FLASH_IRQHandler
                0x08003534                USART1_IRQHandler
                0x08003534                SPI3_IRQHandler
                0x08003534                I2C1_ER_IRQHandler
                0x08003534                FMC_IRQHandler
                0x08003534                LPTIM1_IRQHandler
                0x08003534                I2C4_ER_IRQHandler
                0x08003534                SAI1_IRQHandler
                0x08003534                DMA2_Channel3_IRQHandler
                0x08003534                TIM1_BRK_TIM15_IRQHandler
 *fill*         0x08003536        0x2 
 .text.__libc_init_array
                0x08003538       0x48 c:/program files (x86)/atollic/truestudio for stm32 9.3.0/armtools/bin/../lib/gcc/arm-atollic-eabi/6.3.1/../../../../arm-atollic-eabi/lib/armv7e-m/fpu\libc_nano.a(lib_a-init.o)
                0x08003538                __libc_init_array
 .text.memset   0x08003580       0x10 c:/program files (x86)/atollic/truestudio for stm32 9.3.0/armtools/bin/../lib/gcc/arm-atollic-eabi/6.3.1/../../../../arm-atollic-eabi/lib/armv7e-m/fpu\libc_nano.a(lib_a-memset.o)
                0x08003580                memset
 *(.glue_7)
 .glue_7        0x08003590        0x0 linker stubs
 *(.glue_7t)
 .glue_7t       0x08003590        0x0 linker stubs
 *(.eh_frame)
 .eh_frame      0x08003590        0x0 c:/program files (x86)/atollic/truestudio for stm32 9.3.0/armtools/bin/../lib/gcc/arm-atollic-eabi/6.3.1/armv7e-m/fpu/crtbegin.o
 *(.init)
 .init          0x08003590        0x4 c:/program files (x86)/atollic/truestudio for stm32 9.3.0/armtools/bin/../lib/gcc/arm-atollic-eabi/6.3.1/armv7e-m/fpu/crti.o
                0x08003590                _init
 .init          0x08003594        0x8 c:/program files (x86)/atollic/truestudio for stm32 9.3.0/armtools/bin/../lib/gcc/arm-atollic-eabi/6.3.1/armv7e-m/fpu/crtn.o
 *(.fini)
 .fini          0x0800359c        0x4 c:/program files (x86)/atollic/truestudio for stm32 9.3.0/armtools/bin/../lib/gcc/arm-atollic-eabi/6.3.1/armv7e-m/fpu/crti.o
                0x0800359c                _fini
 .fini          0x080035a0        0x8 c:/program files (x86)/atollic/truestudio for stm32 9.3.0/armtools/bin/../lib/gcc/arm-atollic-eabi/6.3.1/armv7e-m/fpu/crtn.o
                0x080035a8                . = ALIGN (0x4)
                0x080035a8                _etext = .

.vfp11_veneer   0x080035a8        0x0
 .vfp11_veneer  0x080035a8        0x0 linker stubs

.v4_bx          0x080035a8        0x0
 .v4_bx         0x080035a8        0x0 linker stubs

.iplt           0x080035a8        0x0
 .iplt          0x080035a8        0x0 c:/program files (x86)/atollic/truestudio for stm32 9.3.0/armtools/bin/../lib/gcc/arm-atollic-eabi/6.3.1/armv7e-m/fpu/crtbegin.o

.rodata         0x080035a8       0xa0
                0x080035a8                . = ALIGN (0x4)
 *(.rodata)
 *(.rodata*)
 .rodata.AHBPrescTable
                0x080035a8       0x10 Src\system_stm32l4xx.o
                0x080035a8                AHBPrescTable
 .rodata.MSIRangeTable
                0x080035b8       0x30 Src\system_stm32l4xx.o
                0x080035b8                MSIRangeTable
 .rodata.CSWTCH.44
                0x080035e8        0x4 Src\usbd_conf.o
 .rodata.USBD_FS_ConfigStrDescriptor.str1.1
                0x080035ec       0x12 Src\usbd_desc.o
 .rodata.USBD_FS_InterfaceStrDescriptor.str1.1
                0x080035fe       0x15 Src\usbd_desc.o
 .rodata.USBD_FS_ManufacturerStrDescriptor.str1.1
                0x08003613        0x7 Src\usbd_desc.o
 .rodata.USBD_FS_ProductStrDescriptor.str1.1
                0x0800361a       0x1e Src\usbd_desc.o
 .rodata.USBD_FS_SerialStrDescriptor.str1.1
                0x08003638        0xd Src\usbd_desc.o
                0x08003648                . = ALIGN (0x4)
 *fill*         0x08003645        0x3 

.rel.dyn        0x08003648        0x0
 .rel.iplt      0x08003648        0x0 c:/program files (x86)/atollic/truestudio for stm32 9.3.0/armtools/bin/../lib/gcc/arm-atollic-eabi/6.3.1/armv7e-m/fpu/crtbegin.o

.ARM.extab
 *(.ARM.extab* .gnu.linkonce.armextab.*)

.ARM            0x08003648        0x0
                0x08003648                __exidx_start = .
 *(.ARM.exidx*)
                0x08003648                __exidx_end = .

.preinit_array  0x08003648        0x0
                0x08003648                PROVIDE (__preinit_array_start, .)
 *(.preinit_array*)
                0x08003648                PROVIDE (__preinit_array_end, .)

.init_array     0x08003648        0x4
                0x08003648                PROVIDE (__init_array_start, .)
 *(SORT(.init_array.*))
 *(.init_array*)
 .init_array    0x08003648        0x4 c:/program files (x86)/atollic/truestudio for stm32 9.3.0/armtools/bin/../lib/gcc/arm-atollic-eabi/6.3.1/armv7e-m/fpu/crtbegin.o
                0x0800364c                PROVIDE (__init_array_end, .)

.fini_array     0x0800364c        0x4
                [!provide]                PROVIDE (__fini_array_start, .)
 *(SORT(.fini_array.*))
 *(.fini_array*)
 .fini_array    0x0800364c        0x4 c:/program files (x86)/atollic/truestudio for stm32 9.3.0/armtools/bin/../lib/gcc/arm-atollic-eabi/6.3.1/armv7e-m/fpu/crtbegin.o
                [!provide]                PROVIDE (__fini_array_end, .)
                0x08003650                _sidata = LOADADDR (.data)

.data           0x20000000      0x154 load address 0x08003650
                0x20000000                . = ALIGN (0x4)
                0x20000000                _sdata = .
 *(.data)
 *(.data*)
 .data.USBD_CUSTOM_HID
                0x20000000       0x3c Middlewares\ST\STM32_USB_Device_Library\Class\CustomHID\Src\usbd_customhid.o
                0x20000000                USBD_CUSTOM_HID
 .data.USBD_CUSTOM_HID_CfgFSDesc
                0x2000003c       0x29 Middlewares\ST\STM32_USB_Device_Library\Class\CustomHID\Src\usbd_customhid.o
 *fill*         0x20000065        0x3 
 .data.USBD_CUSTOM_HID_CfgHSDesc
                0x20000068       0x29 Middlewares\ST\STM32_USB_Device_Library\Class\CustomHID\Src\usbd_customhid.o
 *fill*         0x20000091        0x3 
 .data.USBD_CUSTOM_HID_Desc
                0x20000094        0x9 Middlewares\ST\STM32_USB_Device_Library\Class\CustomHID\Src\usbd_customhid.o
 *fill*         0x2000009d        0x3 
 .data.USBD_CUSTOM_HID_DeviceQualifierDesc
                0x200000a0        0xa Middlewares\ST\STM32_USB_Device_Library\Class\CustomHID\Src\usbd_customhid.o
 *fill*         0x200000aa        0x2 
 .data.USBD_CUSTOM_HID_OtherSpeedCfgDesc
                0x200000ac       0x29 Middlewares\ST\STM32_USB_Device_Library\Class\CustomHID\Src\usbd_customhid.o
 *fill*         0x200000d5        0x3 
 .data.SystemCoreClock
                0x200000d8        0x4 Src\system_stm32l4xx.o
                0x200000d8                SystemCoreClock
 .data.CUSTOM_HID_ReportDesc_FS
                0x200000dc       0x21 Src\usbd_custom_hid_if.o
 *fill*         0x200000fd        0x3 
 .data.USBD_CustomHID_fops_FS
                0x20000100       0x10 Src\usbd_custom_hid_if.o
                0x20000100                USBD_CustomHID_fops_FS
 .data.FS_Desc  0x20000110       0x20 Src\usbd_desc.o
                0x20000110                FS_Desc
 .data.USBD_FS_BOSDesc
                0x20000130        0xc Src\usbd_desc.o
                0x20000130                USBD_FS_BOSDesc
 .data.USBD_FS_DeviceDesc
                0x2000013c       0x12 Src\usbd_desc.o
                0x2000013c                USBD_FS_DeviceDesc
 *fill*         0x2000014e        0x2 
 .data.USBD_LangIDDesc
                0x20000150        0x4 Src\usbd_desc.o
                0x20000150                USBD_LangIDDesc
                0x20000154                . = ALIGN (0x4)
                0x20000154                _edata = .

.igot.plt       0x20000154        0x0 load address 0x080037a4
 .igot.plt      0x20000154        0x0 c:/program files (x86)/atollic/truestudio for stm32 9.3.0/armtools/bin/../lib/gcc/arm-atollic-eabi/6.3.1/armv7e-m/fpu/crtbegin.o
                0x20000154                . = ALIGN (0x4)

.bss            0x20000154      0x8f8 load address 0x080037a4
                0x20000154                _sbss = .
                0x20000154                __bss_start__ = _sbss
 *(.bss)
 .bss           0x20000154       0x1c c:/program files (x86)/atollic/truestudio for stm32 9.3.0/armtools/bin/../lib/gcc/arm-atollic-eabi/6.3.1/armv7e-m/fpu/crtbegin.o
 *(.bss*)
 .bss.cfgidx.10275
                0x20000170        0x1 Middlewares\ST\STM32_USB_Device_Library\Core\Src\usbd_ctlreq.o
 .bss.dataToReceive
                0x20000171        0xc Src\main.o
                0x20000171                dataToReceive
 .bss.usbStatus
                0x2000017d        0x1 Src\main.o
                0x2000017d                usbStatus
 *fill*         0x2000017e        0x2 
 .bss.mem.10414
                0x20000180       0x24 Src\usbd_conf.o
 *(COMMON)
 COMMON         0x200001a4        0x4 Drivers\STM32L4xx_HAL_Driver\Src\stm32l4xx_hal.o
                0x200001a4                uwTick
 COMMON         0x200001a8      0x29c Src\usb_device.o
                0x200001a8                hUsbDeviceFS
 COMMON         0x20000444      0x408 Src\usbd_conf.o
                0x20000444                hpcd_USB_OTG_FS
 COMMON         0x2000084c      0x200 Src\usbd_desc.o
                0x2000084c                USBD_StrDesc
                0x20000a4c                . = ALIGN (0x4)
                0x20000a4c                _ebss = .
                0x20000a4c                __bss_end__ = _ebss

._user_heap_stack
                0x20000a4c      0x600 load address 0x080037a4
                0x20000a4c                . = ALIGN (0x4)
                0x20000a4c                PROVIDE (end, .)
                [!provide]                PROVIDE (_end, .)
                0x20000c4c                . = (. + _Min_Heap_Size)
 *fill*         0x20000a4c      0x200 
                0x2000104c                . = (. + _Min_Stack_Size)
 *fill*         0x20000c4c      0x400 
                0x2000104c                . = ALIGN (0x4)

/DISCARD/
 libc.a(*)
 libm.a(*)
 libgcc.a(*)

.ARM.attributes
                0x00000000       0x30
 *(.ARM.attributes)
 .ARM.attributes
                0x00000000       0x22 c:/program files (x86)/atollic/truestudio for stm32 9.3.0/armtools/bin/../lib/gcc/arm-atollic-eabi/6.3.1/armv7e-m/fpu/crti.o
 .ARM.attributes
                0x00000022       0x34 c:/program files (x86)/atollic/truestudio for stm32 9.3.0/armtools/bin/../lib/gcc/arm-atollic-eabi/6.3.1/armv7e-m/fpu/crtbegin.o
 .ARM.attributes
                0x00000056       0x39 Drivers\STM32L4xx_HAL_Driver\Src\stm32l4xx_hal.o
 .ARM.attributes
                0x0000008f       0x39 Drivers\STM32L4xx_HAL_Driver\Src\stm32l4xx_hal_cortex.o
 .ARM.attributes
                0x000000c8       0x39 Drivers\STM32L4xx_HAL_Driver\Src\stm32l4xx_hal_gpio.o
 .ARM.attributes
                0x00000101       0x39 Drivers\STM32L4xx_HAL_Driver\Src\stm32l4xx_hal_pcd.o
 .ARM.attributes
                0x0000013a       0x39 Drivers\STM32L4xx_HAL_Driver\Src\stm32l4xx_hal_pcd_ex.o
 .ARM.attributes
                0x00000173       0x39 Drivers\STM32L4xx_HAL_Driver\Src\stm32l4xx_hal_pwr_ex.o
 .ARM.attributes
                0x000001ac       0x39 Drivers\STM32L4xx_HAL_Driver\Src\stm32l4xx_hal_rcc.o
 .ARM.attributes
                0x000001e5       0x39 Drivers\STM32L4xx_HAL_Driver\Src\stm32l4xx_hal_rcc_ex.o
 .ARM.attributes
                0x0000021e       0x39 Drivers\STM32L4xx_HAL_Driver\Src\stm32l4xx_ll_usb.o
 .ARM.attributes
                0x00000257       0x39 Middlewares\ST\STM32_USB_Device_Library\Class\CustomHID\Src\usbd_customhid.o
 .ARM.attributes
                0x00000290       0x39 Middlewares\ST\STM32_USB_Device_Library\Core\Src\usbd_core.o
 .ARM.attributes
                0x000002c9       0x39 Middlewares\ST\STM32_USB_Device_Library\Core\Src\usbd_ctlreq.o
 .ARM.attributes
                0x00000302       0x39 Middlewares\ST\STM32_USB_Device_Library\Core\Src\usbd_ioreq.o
 .ARM.attributes
                0x0000033b       0x39 Src\main.o
 .ARM.attributes
                0x00000374       0x39 Src\stm32l4xx_hal_msp.o
 .ARM.attributes
                0x000003ad       0x39 Src\stm32l4xx_it.o
 .ARM.attributes
                0x000003e6       0x39 Src\system_stm32l4xx.o
 .ARM.attributes
                0x0000041f       0x39 Src\usb_device.o
 .ARM.attributes
                0x00000458       0x39 Src\usbd_conf.o
 .ARM.attributes
                0x00000491       0x39 Src\usbd_custom_hid_if.o
 .ARM.attributes
                0x000004ca       0x39 Src\usbd_desc.o
 .ARM.attributes
                0x00000503       0x21 startup\startup_stm32l4r9xx.o
 .ARM.attributes
                0x00000524       0x34 c:/program files (x86)/atollic/truestudio for stm32 9.3.0/armtools/bin/../lib/gcc/arm-atollic-eabi/6.3.1/../../../../arm-atollic-eabi/lib/armv7e-m/fpu\libc_nano.a(lib_a-init.o)
 .ARM.attributes
                0x00000558       0x34 c:/program files (x86)/atollic/truestudio for stm32 9.3.0/armtools/bin/../lib/gcc/arm-atollic-eabi/6.3.1/../../../../arm-atollic-eabi/lib/armv7e-m/fpu\libc_nano.a(lib_a-memset.o)
 .ARM.attributes
                0x0000058c       0x22 c:/program files (x86)/atollic/truestudio for stm32 9.3.0/armtools/bin/../lib/gcc/arm-atollic-eabi/6.3.1/armv7e-m/fpu/crtn.o
OUTPUT(Clean.elf elf32-littlearm)

.debug_info     0x00000000    0x15d6a
 .debug_info    0x00000000      0xb73 Drivers\STM32L4xx_HAL_Driver\Src\stm32l4xx_hal.o
 .debug_info    0x00000b73      0xf9d Drivers\STM32L4xx_HAL_Driver\Src\stm32l4xx_hal_cortex.o
 .debug_info    0x00001b10      0x87c Drivers\STM32L4xx_HAL_Driver\Src\stm32l4xx_hal_gpio.o
 .debug_info    0x0000238c     0x1635 Drivers\STM32L4xx_HAL_Driver\Src\stm32l4xx_hal_pcd.o
 .debug_info    0x000039c1      0xac6 Drivers\STM32L4xx_HAL_Driver\Src\stm32l4xx_hal_pcd_ex.o
 .debug_info    0x00004487      0xb5e Drivers\STM32L4xx_HAL_Driver\Src\stm32l4xx_hal_pwr_ex.o
 .debug_info    0x00004fe5      0xf5f Drivers\STM32L4xx_HAL_Driver\Src\stm32l4xx_hal_rcc.o
 .debug_info    0x00005f44     0x13c1 Drivers\STM32L4xx_HAL_Driver\Src\stm32l4xx_hal_rcc_ex.o
 .debug_info    0x00007305     0x1acc Drivers\STM32L4xx_HAL_Driver\Src\stm32l4xx_ll_usb.o
 .debug_info    0x00008dd1     0x143e Middlewares\ST\STM32_USB_Device_Library\Class\CustomHID\Src\usbd_customhid.o
 .debug_info    0x0000a20f     0x153a Middlewares\ST\STM32_USB_Device_Library\Core\Src\usbd_core.o
 .debug_info    0x0000b749     0x156b Middlewares\ST\STM32_USB_Device_Library\Core\Src\usbd_ctlreq.o
 .debug_info    0x0000ccb4     0x105a Middlewares\ST\STM32_USB_Device_Library\Core\Src\usbd_ioreq.o
 .debug_info    0x0000dd0e     0x15d8 Src\main.o
 .debug_info    0x0000f2e6      0x3b2 Src\stm32l4xx_hal_msp.o
 .debug_info    0x0000f698      0x6e9 Src\stm32l4xx_it.o
 .debug_info    0x0000fd81      0x5e9 Src\system_stm32l4xx.o
 .debug_info    0x0001036a     0x14be Src\usb_device.o
 .debug_info    0x00011828     0x26ef Src\usbd_conf.o
 .debug_info    0x00013f17      0xfb0 Src\usbd_custom_hid_if.o
 .debug_info    0x00014ec7      0xe1d Src\usbd_desc.o
 .debug_info    0x00015ce4       0x86 startup\startup_stm32l4r9xx.o

.debug_abbrev   0x00000000     0x3467
 .debug_abbrev  0x00000000      0x29d Drivers\STM32L4xx_HAL_Driver\Src\stm32l4xx_hal.o
 .debug_abbrev  0x0000029d      0x2e6 Drivers\STM32L4xx_HAL_Driver\Src\stm32l4xx_hal_cortex.o
 .debug_abbrev  0x00000583      0x1d7 Drivers\STM32L4xx_HAL_Driver\Src\stm32l4xx_hal_gpio.o
 .debug_abbrev  0x0000075a      0x32f Drivers\STM32L4xx_HAL_Driver\Src\stm32l4xx_hal_pcd.o
 .debug_abbrev  0x00000a89      0x292 Drivers\STM32L4xx_HAL_Driver\Src\stm32l4xx_hal_pcd_ex.o
 .debug_abbrev  0x00000d1b      0x227 Drivers\STM32L4xx_HAL_Driver\Src\stm32l4xx_hal_pwr_ex.o
 .debug_abbrev  0x00000f42      0x2c0 Drivers\STM32L4xx_HAL_Driver\Src\stm32l4xx_hal_rcc.o
 .debug_abbrev  0x00001202      0x289 Drivers\STM32L4xx_HAL_Driver\Src\stm32l4xx_hal_rcc_ex.o
 .debug_abbrev  0x0000148b      0x329 Drivers\STM32L4xx_HAL_Driver\Src\stm32l4xx_ll_usb.o
 .debug_abbrev  0x000017b4      0x2a5 Middlewares\ST\STM32_USB_Device_Library\Class\CustomHID\Src\usbd_customhid.o
 .debug_abbrev  0x00001a59      0x331 Middlewares\ST\STM32_USB_Device_Library\Core\Src\usbd_core.o
 .debug_abbrev  0x00001d8a      0x3d7 Middlewares\ST\STM32_USB_Device_Library\Core\Src\usbd_ctlreq.o
 .debug_abbrev  0x00002161      0x206 Middlewares\ST\STM32_USB_Device_Library\Core\Src\usbd_ioreq.o
 .debug_abbrev  0x00002367      0x2d0 Src\main.o
 .debug_abbrev  0x00002637       0xea Src\stm32l4xx_hal_msp.o
 .debug_abbrev  0x00002721      0x1b2 Src\stm32l4xx_it.o
 .debug_abbrev  0x000028d3      0x12f Src\system_stm32l4xx.o
 .debug_abbrev  0x00002a02      0x250 Src\usb_device.o
 .debug_abbrev  0x00002c52      0x369 Src\usbd_conf.o
 .debug_abbrev  0x00002fbb      0x239 Src\usbd_custom_hid_if.o
 .debug_abbrev  0x000031f4      0x261 Src\usbd_desc.o
 .debug_abbrev  0x00003455       0x12 startup\startup_stm32l4r9xx.o

.debug_loc      0x00000000     0x7214
 .debug_loc     0x00000000      0x149 Drivers\STM32L4xx_HAL_Driver\Src\stm32l4xx_hal.o
 .debug_loc     0x00000149      0x4fb Drivers\STM32L4xx_HAL_Driver\Src\stm32l4xx_hal_cortex.o
 .debug_loc     0x00000644      0x2af Drivers\STM32L4xx_HAL_Driver\Src\stm32l4xx_hal_gpio.o
 .debug_loc     0x000008f3      0xa7c Drivers\STM32L4xx_HAL_Driver\Src\stm32l4xx_hal_pcd.o
 .debug_loc     0x0000136f      0x1cb Drivers\STM32L4xx_HAL_Driver\Src\stm32l4xx_hal_pcd_ex.o
 .debug_loc     0x0000153a      0x6ad Drivers\STM32L4xx_HAL_Driver\Src\stm32l4xx_hal_pwr_ex.o
 .debug_loc     0x00001be7      0x714 Drivers\STM32L4xx_HAL_Driver\Src\stm32l4xx_hal_rcc.o
 .debug_loc     0x000022fb      0xf87 Drivers\STM32L4xx_HAL_Driver\Src\stm32l4xx_hal_rcc_ex.o
 .debug_loc     0x00003282     0x1832 Drivers\STM32L4xx_HAL_Driver\Src\stm32l4xx_ll_usb.o
 .debug_loc     0x00004ab4      0x5f5 Middlewares\ST\STM32_USB_Device_Library\Class\CustomHID\Src\usbd_customhid.o
 .debug_loc     0x000050a9      0x705 Middlewares\ST\STM32_USB_Device_Library\Core\Src\usbd_core.o
 .debug_loc     0x000057ae      0x917 Middlewares\ST\STM32_USB_Device_Library\Core\Src\usbd_ctlreq.o
 .debug_loc     0x000060c5      0x23c Middlewares\ST\STM32_USB_Device_Library\Core\Src\usbd_ioreq.o
 .debug_loc     0x00006301      0x1a8 Src\system_stm32l4xx.o
 .debug_loc     0x000064a9       0x4d Src\usb_device.o
 .debug_loc     0x000064f6      0xa09 Src\usbd_conf.o
 .debug_loc     0x00006eff       0x81 Src\usbd_custom_hid_if.o
 .debug_loc     0x00006f80      0x294 Src\usbd_desc.o

.debug_aranges  0x00000000      0xbf0
 .debug_aranges
                0x00000000      0x108 Drivers\STM32L4xx_HAL_Driver\Src\stm32l4xx_hal.o
 .debug_aranges
                0x00000108       0xa8 Drivers\STM32L4xx_HAL_Driver\Src\stm32l4xx_hal_cortex.o
 .debug_aranges
                0x000001b0       0x58 Drivers\STM32L4xx_HAL_Driver\Src\stm32l4xx_hal_gpio.o
 .debug_aranges
                0x00000208       0xc0 Drivers\STM32L4xx_HAL_Driver\Src\stm32l4xx_hal_pcd.o
 .debug_aranges
                0x000002c8       0x58 Drivers\STM32L4xx_HAL_Driver\Src\stm32l4xx_hal_pcd_ex.o
 .debug_aranges
                0x00000320      0x150 Drivers\STM32L4xx_HAL_Driver\Src\stm32l4xx_hal_pwr_ex.o
 .debug_aranges
                0x00000470       0x88 Drivers\STM32L4xx_HAL_Driver\Src\stm32l4xx_hal_rcc.o
 .debug_aranges
                0x000004f8       0xf0 Drivers\STM32L4xx_HAL_Driver\Src\stm32l4xx_hal_rcc_ex.o
 .debug_aranges
                0x000005e8      0x190 Drivers\STM32L4xx_HAL_Driver\Src\stm32l4xx_ll_usb.o
 .debug_aranges
                0x00000778       0x78 Middlewares\ST\STM32_USB_Device_Library\Class\CustomHID\Src\usbd_customhid.o
 .debug_aranges
                0x000007f0       0xa8 Middlewares\ST\STM32_USB_Device_Library\Core\Src\usbd_core.o
 .debug_aranges
                0x00000898       0x50 Middlewares\ST\STM32_USB_Device_Library\Core\Src\usbd_ctlreq.o
 .debug_aranges
                0x000008e8       0x50 Middlewares\ST\STM32_USB_Device_Library\Core\Src\usbd_ioreq.o
 .debug_aranges
                0x00000938       0x30 Src\main.o
 .debug_aranges
                0x00000968       0x20 Src\stm32l4xx_hal_msp.o
 .debug_aranges
                0x00000988       0x50 Src\stm32l4xx_it.o
 .debug_aranges
                0x000009d8       0x28 Src\system_stm32l4xx.o
 .debug_aranges
                0x00000a00       0x28 Src\usb_device.o
 .debug_aranges
                0x00000a28      0x120 Src\usbd_conf.o
 .debug_aranges
                0x00000b48       0x28 Src\usbd_custom_hid_if.o
 .debug_aranges
                0x00000b70       0x58 Src\usbd_desc.o
 .debug_aranges
                0x00000bc8       0x28 startup\startup_stm32l4r9xx.o

.debug_ranges   0x00000000      0xc58
 .debug_ranges  0x00000000       0xf8 Drivers\STM32L4xx_HAL_Driver\Src\stm32l4xx_hal.o
 .debug_ranges  0x000000f8      0x138 Drivers\STM32L4xx_HAL_Driver\Src\stm32l4xx_hal_cortex.o
 .debug_ranges  0x00000230       0x68 Drivers\STM32L4xx_HAL_Driver\Src\stm32l4xx_hal_gpio.o
 .debug_ranges  0x00000298       0xb0 Drivers\STM32L4xx_HAL_Driver\Src\stm32l4xx_hal_pcd.o
 .debug_ranges  0x00000348       0x48 Drivers\STM32L4xx_HAL_Driver\Src\stm32l4xx_hal_pcd_ex.o
 .debug_ranges  0x00000390      0x140 Drivers\STM32L4xx_HAL_Driver\Src\stm32l4xx_hal_pwr_ex.o
 .debug_ranges  0x000004d0       0x90 Drivers\STM32L4xx_HAL_Driver\Src\stm32l4xx_hal_rcc.o
 .debug_ranges  0x00000560      0x120 Drivers\STM32L4xx_HAL_Driver\Src\stm32l4xx_hal_rcc_ex.o
 .debug_ranges  0x00000680      0x198 Drivers\STM32L4xx_HAL_Driver\Src\stm32l4xx_ll_usb.o
 .debug_ranges  0x00000818       0x68 Middlewares\ST\STM32_USB_Device_Library\Class\CustomHID\Src\usbd_customhid.o
 .debug_ranges  0x00000880       0x98 Middlewares\ST\STM32_USB_Device_Library\Core\Src\usbd_core.o
 .debug_ranges  0x00000918       0x88 Middlewares\ST\STM32_USB_Device_Library\Core\Src\usbd_ctlreq.o
 .debug_ranges  0x000009a0       0x40 Middlewares\ST\STM32_USB_Device_Library\Core\Src\usbd_ioreq.o
 .debug_ranges  0x000009e0       0x20 Src\main.o
 .debug_ranges  0x00000a00       0x28 Src\stm32l4xx_hal_msp.o
 .debug_ranges  0x00000a28       0x40 Src\stm32l4xx_it.o
 .debug_ranges  0x00000a68       0x18 Src\system_stm32l4xx.o
 .debug_ranges  0x00000a80       0x18 Src\usb_device.o
 .debug_ranges  0x00000a98      0x128 Src\usbd_conf.o
 .debug_ranges  0x00000bc0       0x30 Src\usbd_custom_hid_if.o
 .debug_ranges  0x00000bf0       0x48 Src\usbd_desc.o
 .debug_ranges  0x00000c38       0x20 startup\startup_stm32l4r9xx.o

.debug_line     0x00000000     0x63ff
 .debug_line    0x00000000      0x44d Drivers\STM32L4xx_HAL_Driver\Src\stm32l4xx_hal.o
 .debug_line    0x0000044d      0x451 Drivers\STM32L4xx_HAL_Driver\Src\stm32l4xx_hal_cortex.o
 .debug_line    0x0000089e      0x3e7 Drivers\STM32L4xx_HAL_Driver\Src\stm32l4xx_hal_gpio.o
 .debug_line    0x00000c85      0x6c8 Drivers\STM32L4xx_HAL_Driver\Src\stm32l4xx_hal_pcd.o
 .debug_line    0x0000134d      0x31a Drivers\STM32L4xx_HAL_Driver\Src\stm32l4xx_hal_pcd_ex.o
 .debug_line    0x00001667      0x622 Drivers\STM32L4xx_HAL_Driver\Src\stm32l4xx_hal_pwr_ex.o
 .debug_line    0x00001c89      0x5f8 Drivers\STM32L4xx_HAL_Driver\Src\stm32l4xx_hal_rcc.o
 .debug_line    0x00002281      0x843 Drivers\STM32L4xx_HAL_Driver\Src\stm32l4xx_hal_rcc_ex.o
 .debug_line    0x00002ac4      0x8a3 Drivers\STM32L4xx_HAL_Driver\Src\stm32l4xx_ll_usb.o
 .debug_line    0x00003367      0x51e Middlewares\ST\STM32_USB_Device_Library\Class\CustomHID\Src\usbd_customhid.o
 .debug_line    0x00003885      0x549 Middlewares\ST\STM32_USB_Device_Library\Core\Src\usbd_core.o
 .debug_line    0x00003dce      0x4e7 Middlewares\ST\STM32_USB_Device_Library\Core\Src\usbd_ctlreq.o
 .debug_line    0x000042b5      0x3c0 Middlewares\ST\STM32_USB_Device_Library\Core\Src\usbd_ioreq.o
 .debug_line    0x00004675      0x3ec Src\main.o
 .debug_line    0x00004a61      0x1e7 Src\stm32l4xx_hal_msp.o
 .debug_line    0x00004c48      0x283 Src\stm32l4xx_it.o
 .debug_line    0x00004ecb      0x241 Src\system_stm32l4xx.o
 .debug_line    0x0000510c      0x430 Src\usb_device.o
 .debug_line    0x0000553c      0x6ef Src\usbd_conf.o
 .debug_line    0x00005c2b      0x3a4 Src\usbd_custom_hid_if.o
 .debug_line    0x00005fcf      0x3b1 Src\usbd_desc.o
 .debug_line    0x00006380       0x7f startup\startup_stm32l4r9xx.o

.debug_str      0x00000000     0x481d
 .debug_str     0x00000000      0xc9b Drivers\STM32L4xx_HAL_Driver\Src\stm32l4xx_hal.o
                                0xd2c (size before relaxing)
 .debug_str     0x00000c9b      0x3cf Drivers\STM32L4xx_HAL_Driver\Src\stm32l4xx_hal_cortex.o
                                0xce9 (size before relaxing)
 .debug_str     0x0000106a      0x1d4 Drivers\STM32L4xx_HAL_Driver\Src\stm32l4xx_hal_gpio.o
                                0x5e9 (size before relaxing)
 .debug_str     0x0000123e      0xb3a Drivers\STM32L4xx_HAL_Driver\Src\stm32l4xx_hal_pcd.o
                                0xdee (size before relaxing)
 .debug_str     0x00001d78      0x199 Drivers\STM32L4xx_HAL_Driver\Src\stm32l4xx_hal_pcd_ex.o
                                0x953 (size before relaxing)
 .debug_str     0x00001f11      0x5e1 Drivers\STM32L4xx_HAL_Driver\Src\stm32l4xx_hal_pwr_ex.o
                                0x914 (size before relaxing)
 .debug_str     0x000024f2      0x3c0 Drivers\STM32L4xx_HAL_Driver\Src\stm32l4xx_hal_rcc.o
                                0x8f2 (size before relaxing)
 .debug_str     0x000028b2      0x7e4 Drivers\STM32L4xx_HAL_Driver\Src\stm32l4xx_hal_rcc_ex.o
                                0xdc4 (size before relaxing)
 .debug_str     0x00003096      0x412 Drivers\STM32L4xx_HAL_Driver\Src\stm32l4xx_ll_usb.o
                                0xcd1 (size before relaxing)
 .debug_str     0x000034a8      0xb15 Middlewares\ST\STM32_USB_Device_Library\Class\CustomHID\Src\usbd_customhid.o
                                0xe2b (size before relaxing)
 .debug_str     0x00003fbd      0x2a0 Middlewares\ST\STM32_USB_Device_Library\Core\Src\usbd_core.o
                                0xd12 (size before relaxing)
 .debug_str     0x0000425d      0x112 Middlewares\ST\STM32_USB_Device_Library\Core\Src\usbd_ctlreq.o
                                0xc2c (size before relaxing)
 .debug_str     0x0000436f       0x67 Middlewares\ST\STM32_USB_Device_Library\Core\Src\usbd_ioreq.o
                                0xb59 (size before relaxing)
 .debug_str     0x000043d6       0x80 Src\main.o
                               0x10bd (size before relaxing)
 .debug_str     0x00004456       0x1b Src\stm32l4xx_hal_msp.o
                                0x3ab (size before relaxing)
 .debug_str     0x00004471       0xc8 Src\stm32l4xx_it.o
                                0x700 (size before relaxing)
 .debug_str     0x00004539       0x3b Src\system_stm32l4xx.o
                                0x436 (size before relaxing)
 .debug_str     0x00004574       0x6c Src\usb_device.o
                                0xff7 (size before relaxing)
 .debug_str     0x000045e0       0x87 Src\usbd_conf.o
                               0x1be8 (size before relaxing)
 .debug_str     0x00004667       0x7e Src\usbd_custom_hid_if.o
                                0xbda (size before relaxing)
 .debug_str     0x000046e5      0x138 Src\usbd_desc.o
                                0x8db (size before relaxing)

.comment        0x00000000       0x7c
 .comment       0x00000000       0x7c Drivers\STM32L4xx_HAL_Driver\Src\stm32l4xx_hal.o
                                 0x7d (size before relaxing)
 .comment       0x0000007c       0x7d Drivers\STM32L4xx_HAL_Driver\Src\stm32l4xx_hal_cortex.o
 .comment       0x0000007c       0x7d Drivers\STM32L4xx_HAL_Driver\Src\stm32l4xx_hal_gpio.o
 .comment       0x0000007c       0x7d Drivers\STM32L4xx_HAL_Driver\Src\stm32l4xx_hal_pcd.o
 .comment       0x0000007c       0x7d Drivers\STM32L4xx_HAL_Driver\Src\stm32l4xx_hal_pcd_ex.o
 .comment       0x0000007c       0x7d Drivers\STM32L4xx_HAL_Driver\Src\stm32l4xx_hal_pwr_ex.o
 .comment       0x0000007c       0x7d Drivers\STM32L4xx_HAL_Driver\Src\stm32l4xx_hal_rcc.o
 .comment       0x0000007c       0x7d Drivers\STM32L4xx_HAL_Driver\Src\stm32l4xx_hal_rcc_ex.o
 .comment       0x0000007c       0x7d Drivers\STM32L4xx_HAL_Driver\Src\stm32l4xx_ll_usb.o
 .comment       0x0000007c       0x7d Middlewares\ST\STM32_USB_Device_Library\Class\CustomHID\Src\usbd_customhid.o
 .comment       0x0000007c       0x7d Middlewares\ST\STM32_USB_Device_Library\Core\Src\usbd_core.o
 .comment       0x0000007c       0x7d Middlewares\ST\STM32_USB_Device_Library\Core\Src\usbd_ctlreq.o
 .comment       0x0000007c       0x7d Middlewares\ST\STM32_USB_Device_Library\Core\Src\usbd_ioreq.o
 .comment       0x0000007c       0x7d Src\main.o
 .comment       0x0000007c       0x7d Src\stm32l4xx_hal_msp.o
 .comment       0x0000007c       0x7d Src\stm32l4xx_it.o
 .comment       0x0000007c       0x7d Src\system_stm32l4xx.o
 .comment       0x0000007c       0x7d Src\usb_device.o
 .comment       0x0000007c       0x7d Src\usbd_conf.o
 .comment       0x0000007c       0x7d Src\usbd_custom_hid_if.o
 .comment       0x0000007c       0x7d Src\usbd_desc.o

.debug_frame    0x00000000     0x1d04
 .debug_frame   0x00000000      0x244 Drivers\STM32L4xx_HAL_Driver\Src\stm32l4xx_hal.o
 .debug_frame   0x00000244      0x158 Drivers\STM32L4xx_HAL_Driver\Src\stm32l4xx_hal_cortex.o
 .debug_frame   0x0000039c       0xd4 Drivers\STM32L4xx_HAL_Driver\Src\stm32l4xx_hal_gpio.o
 .debug_frame   0x00000470      0x2c8 Drivers\STM32L4xx_HAL_Driver\Src\stm32l4xx_hal_pcd.o
 .debug_frame   0x00000738       0xb8 Drivers\STM32L4xx_HAL_Driver\Src\stm32l4xx_hal_pcd_ex.o
 .debug_frame   0x000007f0      0x2b8 Drivers\STM32L4xx_HAL_Driver\Src\stm32l4xx_hal_pwr_ex.o
 .debug_frame   0x00000aa8      0x168 Drivers\STM32L4xx_HAL_Driver\Src\stm32l4xx_hal_rcc.o
 .debug_frame   0x00000c10      0x2a0 Drivers\STM32L4xx_HAL_Driver\Src\stm32l4xx_hal_rcc_ex.o
 .debug_frame   0x00000eb0      0x424 Drivers\STM32L4xx_HAL_Driver\Src\stm32l4xx_ll_usb.o
 .debug_frame   0x000012d4      0x11c Middlewares\ST\STM32_USB_Device_Library\Class\CustomHID\Src\usbd_customhid.o
 .debug_frame   0x000013f0      0x1c0 Middlewares\ST\STM32_USB_Device_Library\Core\Src\usbd_core.o
 .debug_frame   0x000015b0       0xcc Middlewares\ST\STM32_USB_Device_Library\Core\Src\usbd_ctlreq.o
 .debug_frame   0x0000167c       0xb0 Middlewares\ST\STM32_USB_Device_Library\Core\Src\usbd_ioreq.o
 .debug_frame   0x0000172c       0x5c Src\main.o
 .debug_frame   0x00001788       0x28 Src\stm32l4xx_hal_msp.o
 .debug_frame   0x000017b0       0xb0 Src\stm32l4xx_it.o
 .debug_frame   0x00001860       0x38 Src\system_stm32l4xx.o
 .debug_frame   0x00001898       0x50 Src\usb_device.o
 .debug_frame   0x000018e8      0x2d8 Src\usbd_conf.o
 .debug_frame   0x00001bc0       0x40 Src\usbd_custom_hid_if.o
 .debug_frame   0x00001c00       0xb8 Src\usbd_desc.o
 .debug_frame   0x00001cb8       0x2c c:/program files (x86)/atollic/truestudio for stm32 9.3.0/armtools/bin/../lib/gcc/arm-atollic-eabi/6.3.1/../../../../arm-atollic-eabi/lib/armv7e-m/fpu\libc_nano.a(lib_a-init.o)
 .debug_frame   0x00001ce4       0x20 c:/program files (x86)/atollic/truestudio for stm32 9.3.0/armtools/bin/../lib/gcc/arm-atollic-eabi/6.3.1/../../../../arm-atollic-eabi/lib/armv7e-m/fpu\libc_nano.a(lib_a-memset.o)
