main.c:2210:13:MX_SDMMC1_SD_Init	0	static
main.c:1894:13:MX_TIM2_Init	40	static
main.c:173:6:DWT_Init	0	static
main.c:183:10:DWT_Get	0	static
main.c:194:6:DWT_Delay	8	static
main.c:200:6:Calculate_Data	24	static
main.c:241:8:Get_Battery_Level	8	static
main.c:252:6:packet_generator_data_send	32	static
main.c:291:6:packet_generator_Rabs_data_send	32	static
main.c:347:6:packet_generator_Calculated_data_send	64	static
main.c:474:6:usb_receive_processing	40	static
main.c:675:6:string_parse	24	static
main.c:767:6:string_parse_no_check	24	static
main.c:860:6:UART2_RxCpltCallback	16	static
main.c:885:6:HAL_UART_RxCpltCallback	0	static
main.c:893:6:Test_GUI	64	static
main.c:1402:6:auto_exposure	24	static
main.c:1466:6:TIM2_IRQHandler	16	static
main.c:1482:6:TIM6_DAC_IRQHandler	8	static
main.c:1495:6:TIM7_IRQHandler	24	static
main.c:1558:6:EXTI9_5_IRQHandler	16	static
main.c:1594:6:EXTI3_IRQHandler	24	static
main.c:1660:6:USART1_IRQHandler	24	static
main.c:1695:6:SystemClock_Config	272	static
main.c:950:5:main	208	static
main.c:2410:6:_Error_Handler	0	static
main.c:2419:6:assert_failed	0	static
