main.c:2140:13:MX_SDMMC1_SD_Init	0	static
main.c:1882:13:MX_TIM2_Init	40	static
main.c:198:6:Test_T_coef_write	200	static
main.c:234:6:DWT_Init	0	static
main.c:244:10:DWT_Get	0	static
main.c:255:6:DWT_Delay	8	static
main.c:261:6:Calculate_Data	24	static
main.c:302:8:Get_Battery_Level	8	static
main.c:313:6:packet_generator_data_send	32	static
main.c:360:6:packet_generator_Rabs_data_send	32	static
main.c:416:6:packet_generator_Calculated_data_send	64	static
main.c:542:6:usb_receive_processing	40	static
main.c:744:6:string_parse	24	static
main.c:836:6:string_parse_no_check	24	static
main.c:928:6:UART2_RxCpltCallback	16	static
main.c:954:6:HAL_UART_RxCpltCallback	0	static
main.c:962:6:Test_GUI	64	static
main.c:1363:6:auto_exposure	24	static
main.c:1435:6:TIM2_IRQHandler	16	static
main.c:1452:6:TIM6_DAC_IRQHandler	8	static
main.c:1466:6:TIM7_IRQHandler	24	static
main.c:1531:6:EXTI9_5_IRQHandler	24	static
main.c:1579:6:EXTI3_IRQHandler	24	static
main.c:1645:6:USART1_IRQHandler	24	static
main.c:1683:6:SystemClock_Config	272	static
main.c:1019:5:main	200	static
main.c:2339:6:_Error_Handler	0	static
main.c:2340:6:assert_failed	0	static
