main.c:1896:13:MX_SDMMC1_SD_Init	0	static
main.c:1571:13:MX_TIM2_Init	40	static
main.c:185:6:DWT_Init	0	static
main.c:195:10:DWT_Get	0	static
main.c:206:6:DWT_Delay	8	static
main.c:212:6:Calculate_Data	24	static
main.c:248:8:Get_Battery_Level	16	static
main.c:257:6:packet_generator_data_send	32	static
main.c:296:6:packet_generator_Rabs_data_send	32	static
main.c:348:6:packet_generator_Calculated_data_send	64	static
main.c:447:6:usb_receive_processing	40	static
main.c:649:6:send_bluetooth_float	16	static
main.c:661:6:string_parse	16	static
main.c:728:6:UART2_RxCpltCallback	16	static
main.c:753:6:HAL_UART_RxCpltCallback	0	static
main.c:1129:6:auto_exposure	16	static
main.c:1173:6:exposure_display	40	static
main.c:1195:6:TIM2_IRQHandler	16	static
main.c:1209:6:TIM6_DAC_IRQHandler	8	static
main.c:1222:6:TIM7_IRQHandler	24	static
main.c:1285:6:TIM4_IRQHandler	8	static
main.c:1295:6:EXTI9_5_IRQHandler	16	static
main.c:1332:6:EXTI3_IRQHandler	40	static
main.c:1373:6:SystemClock_Config	272	static
main.c:770:5:main	184	static
main.c:1974:6:_Error_Handler	0	static
main.c:1983:6:assert_failed	0	static
