main.c:2191:13:MX_SDMMC1_SD_Init	0	static
main.c:1933:13:MX_TIM2_Init	40	static
main.c:202:6:Test_T_coef_write	200	static
main.c:238:6:DWT_Init	0	static
main.c:248:10:DWT_Get	0	static
main.c:254:9:DWT_Compare	0	static
main.c:259:6:DWT_Delay	8	static
main.c:265:6:Calculate_Data	24	static
main.c:306:8:Get_Battery_Level	8	static
main.c:317:6:packet_generator_data_send	32	static
main.c:364:6:packet_generator_Rabs_data_send	32	static
main.c:420:6:packet_generator_Calculated_data_send	64	static
main.c:546:6:usb_receive_processing	40	static
main.c:748:6:string_parse	24	static
main.c:840:6:string_parse_no_check	24	static
main.c:932:6:UART2_RxCpltCallback	16	static
main.c:958:6:HAL_UART_RxCpltCallback	0	static
main.c:966:6:Test_GUI	64	static
main.c:1395:6:auto_exposure	24	static
main.c:1477:6:TIM2_IRQHandler	16	static
main.c:1494:6:TIM6_DAC_IRQHandler	8	static
main.c:1508:6:TIM7_IRQHandler	16	static
main.c:1580:6:EXTI9_5_IRQHandler	24	static
main.c:1630:6:EXTI3_IRQHandler	24	static
main.c:1696:6:USART3_IRQHandler	24	static
main.c:1734:6:SystemClock_Config	272	static
main.c:1023:5:main	208	static
main.c:2390:6:_Error_Handler	0	static
main.c:2391:6:assert_failed	0	static
