main.c:1867:13:MX_SDMMC1_SD_Init	0	static
main.c:1542:13:MX_TIM2_Init	40	static
main.c:179:6:DWT_Init	0	static
main.c:189:10:DWT_Get	0	static
main.c:200:6:DWT_Delay	8	static
main.c:206:6:Calculate_Data	24	static
main.c:242:8:Get_Battery_Level	16	static
main.c:251:6:packet_generator_data_send	32	static
main.c:290:6:packet_generator_Rabs_data_send	32	static
main.c:342:6:packet_generator_Calculated_data_send	64	static
main.c:441:6:usb_receive_processing	40	static
main.c:643:6:send_bluetooth_float	16	static
main.c:655:6:string_parse	16	static
main.c:722:6:UART2_RxCpltCallback	16	static
main.c:747:6:HAL_UART_RxCpltCallback	0	static
main.c:1100:6:auto_exposure	16	static
main.c:1144:6:exposure_display	40	static
main.c:1166:6:TIM2_IRQHandler	16	static
main.c:1180:6:TIM6_DAC_IRQHandler	8	static
main.c:1193:6:TIM7_IRQHandler	24	static
main.c:1256:6:TIM4_IRQHandler	8	static
main.c:1266:6:EXTI9_5_IRQHandler	16	static
main.c:1303:6:EXTI3_IRQHandler	40	static
main.c:1344:6:SystemClock_Config	272	static
main.c:764:5:main	184	static
main.c:1945:6:_Error_Handler	0	static
main.c:1954:6:assert_failed	0	static
