main.c:2268:13:MX_SDMMC1_SD_Init	0	static
main.c:2009:13:MX_TIM2_Init	40	static
main.c:195:6:Test_T_coef_write	200	static
main.c:231:6:DWT_Init	0	static
main.c:241:10:DWT_Get	0	static
main.c:252:6:DWT_Delay	8	static
main.c:258:6:Calculate_Data	24	static
main.c:299:8:Get_Battery_Level	8	static
main.c:310:6:packet_generator_data_send	32	static
main.c:357:6:packet_generator_Rabs_data_send	32	static
main.c:413:6:packet_generator_Calculated_data_send	64	static
main.c:539:6:usb_receive_processing	40	static
main.c:742:6:string_parse	24	static
main.c:834:6:string_parse_no_check	24	static
main.c:926:6:UART2_RxCpltCallback	16	static
main.c:952:6:HAL_UART_RxCpltCallback	0	static
main.c:960:6:Test_GUI	64	static
main.c:1507:6:auto_exposure	24	static
main.c:1579:6:TIM2_IRQHandler	16	static
main.c:1595:6:TIM6_DAC_IRQHandler	8	static
main.c:1608:6:TIM7_IRQHandler	24	static
main.c:1672:6:EXTI9_5_IRQHandler	24	static
main.c:1709:6:EXTI3_IRQHandler	24	static
main.c:1775:6:USART1_IRQHandler	24	static
main.c:1810:6:SystemClock_Config	272	static
main.c:1017:5:main	208	static
main.c:2467:6:_Error_Handler	0	static
main.c:2468:6:assert_failed	0	static
