main.c:1856:13:MX_SDMMC1_SD_Init	0	static
main.c:1540:13:MX_TIM2_Init	40	static
main.c:169:6:DWT_Init	0	static
main.c:179:10:DWT_Get	0	static
main.c:190:6:DWT_Delay	8	static
main.c:196:6:Calculate_Data	24	static
main.c:237:8:Get_Battery_Level	16	static
main.c:246:6:packet_generator_data_send	32	static
main.c:285:6:packet_generator_Rabs_data_send	32	static
main.c:337:6:packet_generator_Calculated_data_send	64	static
main.c:453:6:usb_receive_processing	40	static
main.c:654:6:string_parse	24	static
main.c:747:6:UART2_RxCpltCallback	16	static
main.c:772:6:HAL_UART_RxCpltCallback	0	static
main.c:1113:6:auto_exposure	24	static
main.c:1177:6:TIM2_IRQHandler	16	static
main.c:1191:6:TIM6_DAC_IRQHandler	8	static
main.c:1204:6:TIM7_IRQHandler	24	static
main.c:1267:6:EXTI9_5_IRQHandler	16	static
main.c:1303:6:EXTI3_IRQHandler	40	static
main.c:1342:6:SystemClock_Config	272	static
main.c:781:5:main	200	static
main.c:2005:6:_Error_Handler	0	static
main.c:2014:6:assert_failed	0	static
