main.c:2385:13:MX_SDMMC1_SD_Init	0	static
main.c:2127:13:MX_TIM2_Init	40	static
main.c:207:6:Test_T_coef_write	200	static
main.c:243:6:DWT_Init	0	static
main.c:253:10:DWT_Get	0	static
main.c:259:9:DWT_Compare	0	static
main.c:264:6:DWT_Delay	8	static
main.c:270:6:Calculate_Data	24	static
main.c:311:8:Get_Battery_Level	8	static
main.c:322:6:packet_generator_data_send	32	static
main.c:369:6:packet_generator_Rabs_data_send	32	static
main.c:424:6:packet_generator_Calculated_data_send	64	static
main.c:927:6:string_parse	24	static
main.c:1019:6:string_parse_no_check	24	static
main.c:1111:6:UART2_RxCpltCallback	16	static
main.c:1137:6:HAL_UART_RxCpltCallback	0	static
main.c:1145:6:Test_GUI	64	static
main.c:1577:6:auto_exposure	24	static
main.c:550:6:usb_receive_processing	56	static
main.c:1671:6:TIM2_IRQHandler	16	static
main.c:1688:6:TIM6_DAC_IRQHandler	8	static
main.c:1702:6:TIM7_IRQHandler	16	static
main.c:1774:6:EXTI9_5_IRQHandler	24	static
main.c:1824:6:EXTI3_IRQHandler	24	static
main.c:1890:6:USART3_IRQHandler	24	static
main.c:1928:6:SystemClock_Config	272	static
main.c:1202:5:main	208	static
main.c:2584:6:_Error_Handler	0	static
main.c:2585:6:assert_failed	0	static
