main.c:2244:13:MX_SDMMC1_SD_Init	0	static
main.c:1985:13:MX_TIM2_Init	40	static
main.c:195:6:Test_T_coef_write	200	static
main.c:231:6:DWT_Init	0	static
main.c:241:10:DWT_Get	0	static
main.c:252:6:DWT_Delay	8	static
main.c:258:6:Calculate_Data	24	static
main.c:299:8:Get_Battery_Level	8	static
main.c:310:6:packet_generator_data_send	32	static
main.c:357:6:packet_generator_Rabs_data_send	32	static
main.c:413:6:packet_generator_Calculated_data_send	64	static
main.c:540:6:usb_receive_processing	40	static
main.c:743:6:string_parse	24	static
main.c:835:6:string_parse_no_check	24	static
main.c:928:6:UART2_RxCpltCallback	16	static
main.c:953:6:HAL_UART_RxCpltCallback	0	static
main.c:961:6:Test_GUI	64	static
main.c:1484:6:auto_exposure	24	static
main.c:1556:6:TIM2_IRQHandler	16	static
main.c:1572:6:TIM6_DAC_IRQHandler	8	static
main.c:1585:6:TIM7_IRQHandler	24	static
main.c:1649:6:EXTI9_5_IRQHandler	16	static
main.c:1685:6:EXTI3_IRQHandler	24	static
main.c:1751:6:USART1_IRQHandler	24	static
main.c:1786:6:SystemClock_Config	272	static
main.c:1018:5:main	208	static
main.c:2443:6:_Error_Handler	0	static
main.c:2452:6:assert_failed	0	static
