main.c:2033:13:MX_SDMMC1_SD_Init	0	static
main.c:1717:13:MX_TIM2_Init	40	static
main.c:170:6:DWT_Init	0	static
main.c:180:10:DWT_Get	0	static
main.c:191:6:DWT_Delay	8	static
main.c:197:6:Calculate_Data	24	static
main.c:238:8:Get_Battery_Level	8	static
main.c:249:6:packet_generator_data_send	32	static
main.c:288:6:packet_generator_Rabs_data_send	32	static
main.c:344:6:packet_generator_Calculated_data_send	64	static
main.c:471:6:usb_receive_processing	40	static
main.c:672:6:string_parse	24	static
main.c:765:6:UART2_RxCpltCallback	16	static
main.c:790:6:HAL_UART_RxCpltCallback	0	static
main.c:798:6:Test_GUI	64	static
main.c:1280:6:auto_exposure	24	static
main.c:1344:6:TIM2_IRQHandler	16	static
main.c:1358:6:TIM6_DAC_IRQHandler	8	static
main.c:1371:6:TIM7_IRQHandler	24	static
main.c:1434:6:EXTI9_5_IRQHandler	16	static
main.c:1470:6:EXTI3_IRQHandler	24	static
main.c:1519:6:SystemClock_Config	272	static
main.c:855:5:main	200	static
main.c:2192:6:_Error_Handler	0	static
main.c:2201:6:assert_failed	0	static
