main.c:2398:13:MX_SDMMC1_SD_Init	0	static
main.c:2140:13:MX_TIM2_Init	40	static
main.c:210:6:Test_T_coef_write	200	static
main.c:246:6:DWT_Init	0	static
main.c:256:10:DWT_Get	0	static
main.c:262:9:DWT_Compare	0	static
main.c:267:6:DWT_Delay	8	static
main.c:273:6:Calculate_Data	24	static
main.c:314:8:Get_Battery_Level	8	static
main.c:325:6:packet_generator_data_send	32	static
main.c:372:6:packet_generator_Rabs_data_send	32	static
main.c:427:6:packet_generator_Calculated_data_send	64	static
main.c:935:6:string_parse	24	static
main.c:1027:6:string_parse_no_check	24	static
main.c:1119:6:UART2_RxCpltCallback	16	static
main.c:1145:6:HAL_UART_RxCpltCallback	0	static
main.c:1153:6:Test_GUI	64	static
main.c:1578:6:auto_exposure	24	static
main.c:553:6:usb_receive_processing	48	static
main.c:1672:6:TIM2_IRQHandler	16	static
main.c:1689:6:TIM6_DAC_IRQHandler	8	static
main.c:1703:6:TIM7_IRQHandler	16	static
main.c:1775:6:EXTI9_5_IRQHandler	24	static
main.c:1837:6:EXTI3_IRQHandler	24	static
main.c:1903:6:USART3_IRQHandler	24	static
main.c:1941:6:SystemClock_Config	272	static
main.c:1210:5:main	208	static
main.c:2597:6:_Error_Handler	0	static
main.c:2598:6:assert_failed	0	static
