main.c:2252:13:MX_SDMMC1_SD_Init	0	static
main.c:2003:13:MX_TIM2_Init	40	static
main.c:203:6:Test_T_coef_write	200	static
main.c:239:6:DWT_Init	0	static
main.c:249:10:DWT_Get	0	static
main.c:255:9:DWT_Compare	0	static
main.c:260:6:DWT_Delay	8	static
main.c:266:6:Calculate_Data	24	static
main.c:307:8:Get_Battery_Level	8	static
main.c:318:6:packet_generator_data_send	32	static
main.c:365:6:packet_generator_Rabs_data_send	32	static
main.c:420:6:packet_generator_Calculated_data_send	64	static
main.c:928:6:string_parse	24	static
main.c:1020:6:string_parse_no_check	24	static
main.c:1112:6:UART2_RxCpltCallback	16	static
main.c:1138:6:HAL_UART_RxCpltCallback	0	static
main.c:1146:6:Test_GUI	64	static
main.c:1553:6:auto_exposure	32	static
main.c:546:6:usb_receive_processing	48	static
main.c:1645:6:TIM2_IRQHandler	8	static
main.c:1658:6:TIM6_DAC_IRQHandler	8	static
main.c:1669:6:TIM7_IRQHandler	16	static
main.c:1693:6:EXTI9_5_IRQHandler	24	static
main.c:1732:6:EXTI3_IRQHandler	24	static
main.c:1777:6:USART3_IRQHandler	24	static
main.c:1812:6:SystemClock_Config	272	static
main.c:1203:5:main	208	static
main.c:2412:6:_Error_Handler	0	static
main.c:2413:6:assert_failed	0	static
