stm32l4xx_it.c:30:6:DMA1_Channel1_IRQHandler	0	static
stm32l4xx_it.c:37:6:NMI_Handler	0	static
stm32l4xx_it.c:50:6:HardFault_Handler	0	static
stm32l4xx_it.c:68:6:MemManage_Handler	0	static
stm32l4xx_it.c:86:6:BusFault_Handler	0	static
stm32l4xx_it.c:104:6:UsageFault_Handler	0	static
stm32l4xx_it.c:122:6:SVC_Handler	0	static
stm32l4xx_it.c:135:6:DebugMon_Handler	0	static
stm32l4xx_it.c:148:6:PendSV_Handler	0	static
stm32l4xx_it.c:161:6:SysTick_Handler	8	static
stm32l4xx_it.c:197:6:SPI1_IRQHandler	0	static
stm32l4xx_it.c:211:6:TIM5_IRQHandler	0	static
stm32l4xx_it.c:224:6:USART1_IRQHandler	0	static
stm32l4xx_it.c:231:6:OTG_FS_IRQHandler	0	static
stm32l4xx_it.c:242:6:I2C1_EV_IRQHandler	0	static
stm32l4xx_it.c:256:6:I2C1_ER_IRQHandler	0	static
stm32l4xx_it.c:270:6:SDMMC1_IRQHandler	0	static
