stm32l4xx_hal_msp.c:11:6:HAL_MspInit	16	static
stm32l4xx_hal_msp.c:44:6:HAL_LTDC_MspInit	56	static
stm32l4xx_hal_msp.c:130:6:HAL_LTDC_MspDeInit	8	static
stm32l4xx_hal_msp.c:191:6:HAL_SPI_MspInit	32	static
stm32l4xx_hal_msp.c:231:6:HAL_UART_MspInit	64	static
stm32l4xx_hal_msp.c:361:6:HAL_UART_MspDeInit	0	static
stm32l4xx_hal_msp.c:422:6:HAL_ADC_MspInit	32	static
stm32l4xx_hal_msp.c:449:6:HAL_ADC_MspDeInit	0	static
stm32l4xx_hal_msp.c:472:6:HAL_SPI_MspDeInit	8	static
stm32l4xx_hal_msp.c:498:6:HAL_TIM_Base_MspInit	24	static
stm32l4xx_hal_msp.c:561:6:HAL_TIM_OC_MspInit	16	static
stm32l4xx_hal_msp.c:580:6:HAL_TIM_MspPostInit	32	static
stm32l4xx_hal_msp.c:625:6:HAL_TIM_Base_MspDeInit	8	static
stm32l4xx_hal_msp.c:686:6:HAL_TIM_PWM_MspDeInit	0	static
stm32l4xx_hal_msp.c:703:6:HAL_DMA2D_MspInit	16	static
stm32l4xx_hal_msp.c:723:6:HAL_DMA2D_MspDeInit	0	static
stm32l4xx_hal_msp.c:744:6:HAL_TIM_OC_MspDeInit	0	static
stm32l4xx_hal_msp.c:764:6:HAL_I2C_MspInit	32	static
stm32l4xx_hal_msp.c:807:6:HAL_I2C_MspDeInit	8	static
stm32l4xx_hal_msp.c:837:6:HAL_SD_MspInit	48	static
stm32l4xx_hal_msp.c:882:6:HAL_TIM_PWM_MspInit	8	static
stm32l4xx_hal_msp.c:899:6:HAL_SD_MspDeInit	8	static
