stm32l4xx_it.c:29:6:DMA1_Channel1_IRQHandler	0	static
stm32l4xx_it.c:36:6:NMI_Handler	0	static
stm32l4xx_it.c:49:6:HardFault_Handler	0	static
stm32l4xx_it.c:67:6:MemManage_Handler	0	static
stm32l4xx_it.c:85:6:BusFault_Handler	0	static
stm32l4xx_it.c:103:6:UsageFault_Handler	0	static
stm32l4xx_it.c:121:6:SVC_Handler	0	static
stm32l4xx_it.c:134:6:DebugMon_Handler	0	static
stm32l4xx_it.c:147:6:PendSV_Handler	0	static
stm32l4xx_it.c:160:6:SysTick_Handler	8	static
stm32l4xx_it.c:196:6:SPI1_IRQHandler	0	static
stm32l4xx_it.c:210:6:TIM5_IRQHandler	0	static
stm32l4xx_it.c:223:6:LPUART1_IRQHandler	0	static
stm32l4xx_it.c:236:6:OTG_FS_IRQHandler	0	static
stm32l4xx_it.c:247:6:I2C1_EV_IRQHandler	0	static
stm32l4xx_it.c:261:6:I2C1_ER_IRQHandler	0	static
stm32l4xx_it.c:275:6:SDMMC1_IRQHandler	0	static
