stm32l4xx_hal_msp.c:11:6:HAL_MspInit	16	static
stm32l4xx_hal_msp.c:44:6:HAL_LTDC_MspInit	56	static
stm32l4xx_hal_msp.c:130:6:HAL_LTDC_MspDeInit	8	static
stm32l4xx_hal_msp.c:191:6:HAL_SPI_MspInit	32	static
stm32l4xx_hal_msp.c:225:6:HAL_UART_MspInit	40	static
stm32l4xx_hal_msp.c:279:6:HAL_UART_MspDeInit	8	static
stm32l4xx_hal_msp.c:309:6:HAL_ADC_MspInit	32	static
stm32l4xx_hal_msp.c:336:6:HAL_ADC_MspDeInit	0	static
stm32l4xx_hal_msp.c:359:6:HAL_SPI_MspDeInit	8	static
stm32l4xx_hal_msp.c:385:6:HAL_TIM_Base_MspInit	24	static
stm32l4xx_hal_msp.c:448:6:HAL_TIM_OC_MspInit	16	static
stm32l4xx_hal_msp.c:467:6:HAL_TIM_MspPostInit	32	static
stm32l4xx_hal_msp.c:512:6:HAL_TIM_Base_MspDeInit	8	static
stm32l4xx_hal_msp.c:573:6:HAL_TIM_PWM_MspDeInit	0	static
stm32l4xx_hal_msp.c:590:6:HAL_DMA2D_MspInit	16	static
stm32l4xx_hal_msp.c:610:6:HAL_DMA2D_MspDeInit	0	static
stm32l4xx_hal_msp.c:631:6:HAL_TIM_OC_MspDeInit	0	static
stm32l4xx_hal_msp.c:651:6:HAL_I2C_MspInit	32	static
stm32l4xx_hal_msp.c:694:6:HAL_I2C_MspDeInit	8	static
stm32l4xx_hal_msp.c:724:6:HAL_SD_MspInit	48	static
stm32l4xx_hal_msp.c:769:6:HAL_TIM_PWM_MspInit	8	static
stm32l4xx_hal_msp.c:786:6:HAL_SD_MspDeInit	8	static
